Archive member included to satisfy reference by file (symbol)

c:/st/stm32cubeide_1.10.1/stm32cubeide/plugins/com.st.stm32cube.ide.mcu.externaltools.gnu-tools-for-stm32.10.3-2021.10.win32_1.0.0.202111181127/tools/bin/../lib/gcc/arm-none-eabi/10.3.1/../../../../arm-none-eabi/lib/thumb/v7e-m+dp/hard\libstdc++_nano.a(pure.o)
                              ./Core/Src/ROS_mainpp.o (__cxa_pure_virtual)
c:/st/stm32cubeide_1.10.1/stm32cubeide/plugins/com.st.stm32cube.ide.mcu.externaltools.gnu-tools-for-stm32.10.3-2021.10.win32_1.0.0.202111181127/tools/bin/../lib/gcc/arm-none-eabi/10.3.1/../../../../arm-none-eabi/lib/thumb/v7e-m+dp/hard\libstdc++_nano.a(eh_terminate.o)
                              c:/st/stm32cubeide_1.10.1/stm32cubeide/plugins/com.st.stm32cube.ide.mcu.externaltools.gnu-tools-for-stm32.10.3-2021.10.win32_1.0.0.202111181127/tools/bin/../lib/gcc/arm-none-eabi/10.3.1/../../../../arm-none-eabi/lib/thumb/v7e-m+dp/hard\libstdc++_nano.a(pure.o) (std::terminate())
c:/st/stm32cubeide_1.10.1/stm32cubeide/plugins/com.st.stm32cube.ide.mcu.externaltools.gnu-tools-for-stm32.10.3-2021.10.win32_1.0.0.202111181127/tools/bin/../lib/gcc/arm-none-eabi/10.3.1/../../../../arm-none-eabi/lib/thumb/v7e-m+dp/hard\libstdc++_nano.a(eh_unex_handler.o)
                              c:/st/stm32cubeide_1.10.1/stm32cubeide/plugins/com.st.stm32cube.ide.mcu.externaltools.gnu-tools-for-stm32.10.3-2021.10.win32_1.0.0.202111181127/tools/bin/../lib/gcc/arm-none-eabi/10.3.1/../../../../arm-none-eabi/lib/thumb/v7e-m+dp/hard\libstdc++_nano.a(eh_terminate.o) (__cxxabiv1::__unexpected_handler)
c:/st/stm32cubeide_1.10.1/stm32cubeide/plugins/com.st.stm32cube.ide.mcu.externaltools.gnu-tools-for-stm32.10.3-2021.10.win32_1.0.0.202111181127/tools/bin/../lib/gcc/arm-none-eabi/10.3.1/../../../../arm-none-eabi/lib/thumb/v7e-m+dp/hard\libstdc++_nano.a(eh_term_handler.o)
                              c:/st/stm32cubeide_1.10.1/stm32cubeide/plugins/com.st.stm32cube.ide.mcu.externaltools.gnu-tools-for-stm32.10.3-2021.10.win32_1.0.0.202111181127/tools/bin/../lib/gcc/arm-none-eabi/10.3.1/../../../../arm-none-eabi/lib/thumb/v7e-m+dp/hard\libstdc++_nano.a(eh_terminate.o) (__cxxabiv1::__terminate_handler)
c:/st/stm32cubeide_1.10.1/stm32cubeide/plugins/com.st.stm32cube.ide.mcu.externaltools.gnu-tools-for-stm32.10.3-2021.10.win32_1.0.0.202111181127/tools/bin/../lib/gcc/arm-none-eabi/10.3.1/../../../../arm-none-eabi/lib/thumb/v7e-m+dp/hard\libc_nano.a(lib_a-abort.o)
                              c:/st/stm32cubeide_1.10.1/stm32cubeide/plugins/com.st.stm32cube.ide.mcu.externaltools.gnu-tools-for-stm32.10.3-2021.10.win32_1.0.0.202111181127/tools/bin/../lib/gcc/arm-none-eabi/10.3.1/../../../../arm-none-eabi/lib/thumb/v7e-m+dp/hard\libstdc++_nano.a(eh_terminate.o) (abort)
c:/st/stm32cubeide_1.10.1/stm32cubeide/plugins/com.st.stm32cube.ide.mcu.externaltools.gnu-tools-for-stm32.10.3-2021.10.win32_1.0.0.202111181127/tools/bin/../lib/gcc/arm-none-eabi/10.3.1/../../../../arm-none-eabi/lib/thumb/v7e-m+dp/hard\libc_nano.a(lib_a-errno.o)
                              ./Core/Src/syscalls.o (__errno)
c:/st/stm32cubeide_1.10.1/stm32cubeide/plugins/com.st.stm32cube.ide.mcu.externaltools.gnu-tools-for-stm32.10.3-2021.10.win32_1.0.0.202111181127/tools/bin/../lib/gcc/arm-none-eabi/10.3.1/../../../../arm-none-eabi/lib/thumb/v7e-m+dp/hard\libc_nano.a(lib_a-exit.o)
                              c:/st/stm32cubeide_1.10.1/stm32cubeide/plugins/com.st.stm32cube.ide.mcu.externaltools.gnu-tools-for-stm32.10.3-2021.10.win32_1.0.0.202111181127/tools/bin/../lib/gcc/arm-none-eabi/10.3.1/../../../../arm-none-eabi/lib/thumb/v7e-m+dp/hard/crt0.o (exit)
c:/st/stm32cubeide_1.10.1/stm32cubeide/plugins/com.st.stm32cube.ide.mcu.externaltools.gnu-tools-for-stm32.10.3-2021.10.win32_1.0.0.202111181127/tools/bin/../lib/gcc/arm-none-eabi/10.3.1/../../../../arm-none-eabi/lib/thumb/v7e-m+dp/hard\libc_nano.a(lib_a-impure.o)
                              c:/st/stm32cubeide_1.10.1/stm32cubeide/plugins/com.st.stm32cube.ide.mcu.externaltools.gnu-tools-for-stm32.10.3-2021.10.win32_1.0.0.202111181127/tools/bin/../lib/gcc/arm-none-eabi/10.3.1/../../../../arm-none-eabi/lib/thumb/v7e-m+dp/hard\libc_nano.a(lib_a-exit.o) (_global_impure_ptr)
c:/st/stm32cubeide_1.10.1/stm32cubeide/plugins/com.st.stm32cube.ide.mcu.externaltools.gnu-tools-for-stm32.10.3-2021.10.win32_1.0.0.202111181127/tools/bin/../lib/gcc/arm-none-eabi/10.3.1/../../../../arm-none-eabi/lib/thumb/v7e-m+dp/hard\libc_nano.a(lib_a-init.o)
                              c:/st/stm32cubeide_1.10.1/stm32cubeide/plugins/com.st.stm32cube.ide.mcu.externaltools.gnu-tools-for-stm32.10.3-2021.10.win32_1.0.0.202111181127/tools/bin/../lib/gcc/arm-none-eabi/10.3.1/../../../../arm-none-eabi/lib/thumb/v7e-m+dp/hard/crt0.o (__libc_init_array)
[...]
Memory Configuration

Name             Origin             Length             Attributes
ITCMRAM          0x0000000000000000 0x0000000000010000 xrw
DTCMRAM          0x0000000020000000 0x0000000000020000 xrw
FLASH            0x0000000008000000 0x0000000000100000 xr
RAM_D1           0x0000000024000000 0x0000000000050000 xrw
RAM_D2           0x0000000030000000 0x0000000000008000 xrw
RAM_D3           0x0000000038000000 0x0000000000004000 xrw
*default*        0x0000000000000000 0xffffffffffffffff

Linker script and memory map

LOAD c:/st/stm32cubeide_1.10.1/stm32cubeide/plugins/com.st.stm32cube.ide.mcu.externaltools.gnu-tools-for-stm32.10.3-2021.10.win32_1.0.0.202111181127/tools/bin/../lib/gcc/arm-none-eabi/10.3.1/thumb/v7e-m+dp/hard/crti.o
LOAD c:/st/stm32cubeide_1.10.1/stm32cubeide/plugins/com.st.stm32cube.ide.mcu.externaltools.gnu-tools-for-stm32.10.3-2021.10.win32_1.0.0.202111181127/tools/bin/../lib/gcc/arm-none-eabi/10.3.1/thumb/v7e-m+dp/hard/crtbegin.o
LOAD c:/st/stm32cubeide_1.10.1/stm32cubeide/plugins/com.st.stm32cube.ide.mcu.externaltools.gnu-tools-for-stm32.10.3-2021.10.win32_1.0.0.202111181127/tools/bin/../lib/gcc/arm-none-eabi/10.3.1/../../../../arm-none-eabi/lib/thumb/v7e-m+dp/hard/crt0.o
LOAD ./Core/Inc/duration.o
LOAD ./Core/Inc/time.o
LOAD ./Core/Src/DC_Motor.o
LOAD ./Core/Src/DebugMode.o
LOAD ./Core/Src/Omni.o
LOAD ./Core/Src/ROS_mainpp.o
LOAD ./Core/Src/function.o
LOAD ./Core/Src/main.o
LOAD ./Core/Src/mainpp.o
LOAD ./Core/Src/stm32h7xx_hal_msp.o
LOAD ./Core/Src/stm32h7xx_it.o
LOAD ./Core/Src/syscalls.o
LOAD ./Core/Src/sysmem.o
LOAD ./Core/Src/system_stm32h7xx.o
LOAD ./Core/Startup/startup_stm32h723zgtx.o
LOAD ./Drivers/STM32H7xx_HAL_Driver/Src/stm32h7xx_hal.o
LOAD ./Drivers/STM32H7xx_HAL_Driver/Src/stm32h7xx_hal_cortex.o
LOAD ./Drivers/STM32H7xx_HAL_Driver/Src/stm32h7xx_hal_dma.o
LOAD ./Drivers/STM32H7xx_HAL_Driver/Src/stm32h7xx_hal_dma_ex.o
LOAD ./Drivers/STM32H7xx_HAL_Driver/Src/stm32h7xx_hal_exti.o
LOAD ./Drivers/STM32H7xx_HAL_Driver/Src/stm32h7xx_hal_flash.o
LOAD ./Drivers/STM32H7xx_HAL_Driver/Src/stm32h7xx_hal_flash_ex.o
LOAD ./Drivers/STM32H7xx_HAL_Driver/Src/stm32h7xx_hal_gpio.o
LOAD ./Drivers/STM32H7xx_HAL_Driver/Src/stm32h7xx_hal_hsem.o
LOAD ./Drivers/STM32H7xx_HAL_Driver/Src/stm32h7xx_hal_i2c.o
LOAD ./Drivers/STM32H7xx_HAL_Driver/Src/stm32h7xx_hal_i2c_ex.o
LOAD ./Drivers/STM32H7xx_HAL_Driver/Src/stm32h7xx_hal_mdma.o
LOAD ./Drivers/STM32H7xx_HAL_Driver/Src/stm32h7xx_hal_pwr.o
LOAD ./Drivers/STM32H7xx_HAL_Driver/Src/stm32h7xx_hal_pwr_ex.o
LOAD ./Drivers/STM32H7xx_HAL_Driver/Src/stm32h7xx_hal_rcc.o
LOAD ./Drivers/STM32H7xx_HAL_Driver/Src/stm32h7xx_hal_rcc_ex.o
LOAD ./Drivers/STM32H7xx_HAL_Driver/Src/stm32h7xx_hal_tim.o
LOAD ./Drivers/STM32H7xx_HAL_Driver/Src/stm32h7xx_hal_tim_ex.o
LOAD ./Drivers/STM32H7xx_HAL_Driver/Src/stm32h7xx_hal_uart.o
LOAD ./Drivers/STM32H7xx_HAL_Driver/Src/stm32h7xx_hal_uart_ex.o
START GROUP
LOAD c:/st/stm32cubeide_1.10.1/stm32cubeide/plugins/com.st.stm32cube.ide.mcu.externaltools.gnu-tools-for-stm32.10.3-2021.10.win32_1.0.0.202111181127/tools/bin/../lib/gcc/arm-none-eabi/10.3.1/../../../../arm-none-eabi/lib/thumb/v7e-m+dp/hard\libstdc++_nano.a
LOAD c:/st/stm32cubeide_1.10.1/stm32cubeide/plugins/com.st.stm32cube.ide.mcu.externaltools.gnu-tools-for-stm32.10.3-2021.10.win32_1.0.0.202111181127/tools/bin/../lib/gcc/arm-none-eabi/10.3.1/../../../../arm-none-eabi/lib/thumb/v7e-m+dp/hard\libsupc++_nano.a
END GROUP
LOAD c:/st/stm32cubeide_1.10.1/stm32cubeide/plugins/com.st.stm32cube.ide.mcu.externaltools.gnu-tools-for-stm32.10.3-2021.10.win32_1.0.0.202111181127/tools/bin/../lib/gcc/arm-none-eabi/10.3.1/../../../../arm-none-eabi/lib/thumb/v7e-m+dp/hard\libstdc++_nano.a
LOAD c:/st/stm32cubeide_1.10.1/stm32cubeide/plugins/com.st.stm32cube.ide.mcu.externaltools.gnu-tools-for-stm32.10.3-2021.10.win32_1.0.0.202111181127/tools/bin/../lib/gcc/arm-none-eabi/10.3.1/../../../../arm-none-eabi/lib/thumb/v7e-m+dp/hard\libm.a
LOAD c:/st/stm32cubeide_1.10.1/stm32cubeide/plugins/com.st.stm32cube.ide.mcu.externaltools.gnu-tools-for-stm32.10.3-2021.10.win32_1.0.0.202111181127/tools/bin/../lib/gcc/arm-none-eabi/10.3.1/../../../../arm-none-eabi/lib/thumb/v7e-m+dp/hard\libc_nano.a
START GROUP
LOAD c:/st/stm32cubeide_1.10.1/stm32cubeide/plugins/com.st.stm32cube.ide.mcu.externaltools.gnu-tools-for-stm32.10.3-2021.10.win32_1.0.0.202111181127/tools/bin/../lib/gcc/arm-none-eabi/10.3.1/thumb/v7e-m+dp/hard\libgcc.a
LOAD c:/st/stm32cubeide_1.10.1/stm32cubeide/plugins/com.st.stm32cube.ide.mcu.externaltools.gnu-tools-for-stm32.10.3-2021.10.win32_1.0.0.202111181127/tools/bin/../lib/gcc/arm-none-eabi/10.3.1/../../../../arm-none-eabi/lib/thumb/v7e-m+dp/hard\libc_nano.a
END GROUP
START GROUP
LOAD c:/st/stm32cubeide_1.10.1/stm32cubeide/plugins/com.st.stm32cube.ide.mcu.externaltools.gnu-tools-for-stm32.10.3-2021.10.win32_1.0.0.202111181127/tools/bin/../lib/gcc/arm-none-eabi/10.3.1/thumb/v7e-m+dp/hard\libgcc.a
LOAD c:/st/stm32cubeide_1.10.1/stm32cubeide/plugins/com.st.stm32cube.ide.mcu.externaltools.gnu-tools-for-stm32.10.3-2021.10.win32_1.0.0.202111181127/tools/bin/../lib/gcc/arm-none-eabi/10.3.1/../../../../arm-none-eabi/lib/thumb/v7e-m+dp/hard\libc_nano.a
LOAD c:/st/stm32cubeide_1.10.1/stm32cubeide/plugins/com.st.stm32cube.ide.mcu.externaltools.gnu-tools-for-stm32.10.3-2021.10.win32_1.0.0.202111181127/tools/bin/../lib/gcc/arm-none-eabi/10.3.1/../../../../arm-none-eabi/lib/thumb/v7e-m+dp/hard\libnosys.a
END GROUP
START GROUP
LOAD c:/st/stm32cubeide_1.10.1/stm32cubeide/plugins/com.st.stm32cube.ide.mcu.externaltools.gnu-tools-for-stm32.10.3-2021.10.win32_1.0.0.202111181127/tools/bin/../lib/gcc/arm-none-eabi/10.3.1/thumb/v7e-m+dp/hard\libgcc.a
LOAD c:/st/stm32cubeide_1.10.1/stm32cubeide/plugins/com.st.stm32cube.ide.mcu.externaltools.gnu-tools-for-stm32.10.3-2021.10.win32_1.0.0.202111181127/tools/bin/../lib/gcc/arm-none-eabi/10.3.1/../../../../arm-none-eabi/lib/thumb/v7e-m+dp/hard\libc_nano.a
LOAD c:/st/stm32cubeide_1.10.1/stm32cubeide/plugins/com.st.stm32cube.ide.mcu.externaltools.gnu-tools-for-stm32.10.3-2021.10.win32_1.0.0.202111181127/tools/bin/../lib/gcc/arm-none-eabi/10.3.1/../../../../arm-none-eabi/lib/thumb/v7e-m+dp/hard\libnosys.a
END GROUP
LOAD c:/st/stm32cubeide_1.10.1/stm32cubeide/plugins/com.st.stm32cube.ide.mcu.externaltools.gnu-tools-for-stm32.10.3-2021.10.win32_1.0.0.202111181127/tools/bin/../lib/gcc/arm-none-eabi/10.3.1/thumb/v7e-m+dp/hard/crtend.o
LOAD c:/st/stm32cubeide_1.10.1/stm32cubeide/plugins/com.st.stm32cube.ide.mcu.externaltools.gnu-tools-for-stm32.10.3-2021.10.win32_1.0.0.202111181127/tools/bin/../lib/gcc/arm-none-eabi/10.3.1/thumb/v7e-m+dp/hard/crtn.o
                0x0000000024050000                _estack = (ORIGIN (RAM_D1) + LENGTH (RAM_D1))
                0x0000000000000200                _Min_Heap_Size = 0x200
                0x0000000000000400                _Min_Stack_Size = 0x400

.isr_vector     0x0000000008000000      0x2cc
                0x0000000008000000                . = ALIGN (0x4)
 *(.isr_vector)
 .isr_vector    0x0000000008000000      0x2cc ./Core/Startup/startup_stm32h723zgtx.o
                0x0000000008000000                g_pfnVectors
                0x00000000080002cc                . = ALIGN (0x4)

.text           0x00000000080002d0     0xe7c0
                0x00000000080002d0                . = ALIGN (0x4)
 *(.text)
 .text          0x00000000080002d0       0x40 c:/st/stm32cubeide_1.10.1/stm32cubeide/plugins/com.st.stm32cube.ide.mcu.externaltools.gnu-tools-for-stm32.10.3-2021.10.win32_1.0.0.202111181127/tools/bin/../lib/gcc/arm-none-eabi/10.3.1/thumb/v7e-m+dp/hard/crtbegin.o
 .text          0x0000000008000310       0x10 c:/st/stm32cubeide_1.10.1/stm32cubeide/plugins/com.st.stm32cube.ide.mcu.externaltools.gnu-tools-for-stm32.10.3-2021.10.win32_1.0.0.202111181127/tools/bin/../lib/gcc/arm-none-eabi/10.3.1/../../../../arm-none-eabi/lib/thumb/v7e-m+dp/hard\libc_nano.a(lib_a-strlen.o)
                0x0000000008000310                strlen
 .text          0x0000000008000320       0x30 c:/st/stm32cubeide_1.10.1/stm32cubeide/plugins/com.st.stm32cube.ide.mcu.externaltools.gnu-tools-for-stm32.10.3-2021.10.win32_1.0.0.202111181127/tools/bin/../lib/gcc/arm-none-eabi/10.3.1/thumb/v7e-m+dp/hard\libgcc.a(_aeabi_uldivmod.o)
                0x0000000008000320                __aeabi_uldivmod
 .text          0x0000000008000350      0x2d0 c:/st/stm32cubeide_1.10.1/stm32cubeide/plugins/com.st.stm32cube.ide.mcu.externaltools.gnu-tools-for-stm32.10.3-2021.10.win32_1.0.0.202111181127/tools/bin/../lib/gcc/arm-none-eabi/10.3.1/thumb/v7e-m+dp/hard\libgcc.a(_udivmoddi4.o)
                0x0000000008000350                __udivmoddi4
 .text          0x0000000008000620        0x4 c:/st/stm32cubeide_1.10.1/stm32cubeide/plugins/com.st.stm32cube.ide.mcu.externaltools.gnu-tools-for-stm32.10.3-2021.10.win32_1.0.0.202111181127/tools/bin/../lib/gcc/arm-none-eabi/10.3.1/thumb/v7e-m+dp/hard\libgcc.a(_dvmd_tls.o)
                0x0000000008000620                __aeabi_idiv0
                0x0000000008000620                __aeabi_ldiv0
 *(.text*)
 .text._ZN3ros16normalizeSecNSecERmS0_
                0x0000000008000624       0x58 ./Core/Inc/time.o
                0x0000000008000624                ros::normalizeSecNSec(unsigned long&, unsigned long&)
 .text._ZN8DC_Motor4InitEv
                0x000000000800067c       0x6c ./Core/Src/DC_Motor.o
                0x000000000800067c                DC_Motor::Init()
 .text._ZN8DC_Motor5Motor4InitEsP17TIM_HandleTypeDefdd
                0x00000000080006e8       0x42 ./Core/Src/DC_Motor.o
                0x00000000080006e8                DC_Motor::Motor::Init(short, TIM_HandleTypeDef*, double, double)
 *fill*         0x000000000800072a        0x6 
 .text._ZN8DC_Motor5Motor8UpdatePIEv
                0x0000000008000730      0x108 ./Core/Src/DC_Motor.o
                0x0000000008000730                DC_Motor::Motor::UpdatePI()
 .text._ZN8DC_Motor5Motor10UpdateVnowEv
                0x0000000008000838       0x5c ./Core/Src/DC_Motor.o
                0x0000000008000838                DC_Motor::Motor::UpdateVnow()
 .text._ZN8DC_Motor5Motor8SetVgoalEd
                0x0000000008000894       0x22 ./Core/Src/DC_Motor.o
                0x0000000008000894                DC_Motor::Motor::SetVgoal(double)
 .text._ZN8DC_Motor5Motor10Record_CNTEv
                0x00000000080008b6       0x24 ./Core/Src/DC_Motor.o
                0x00000000080008b6                DC_Motor::Motor::Record_CNT()
 *fill*         0x00000000080008da        0x2 
 .text._ZN8DC_Motor5Motor7MoveDisEv
                0x00000000080008dc       0x4c ./Core/Src/DC_Motor.o
                0x00000000080008dc                DC_Motor::Motor::MoveDis()
 .text._ZN8DC_Motor5Motor7GetVnowEv
                0x0000000008000928       0x20 ./Core/Src/DC_Motor.o
                0x0000000008000928                DC_Motor::Motor::GetVnow()
 .text._Z41__static_initialization_and_destruction_0ii
                0x0000000008000948       0xb4 ./Core/Src/DC_Motor.o
 .text._GLOBAL__sub_I__ZN8DC_Motor11WheelRadiusE
                0x00000000080009fc       0x10 ./Core/Src/DC_Motor.o
 .text._ZN8DC_Motor5MotorC2Ev
                0x0000000008000a0c       0x8c ./Core/Src/Omni.o
                0x0000000008000a0c                DC_Motor::Motor::Motor()
                0x0000000008000a0c                DC_Motor::Motor::Motor()
 .text._ZN8CAR_INFOC2Ev
                0x0000000008000a98       0x40 ./Core/Src/Omni.o
                0x0000000008000a98                CAR_INFO::CAR_INFO()
                0x0000000008000a98                CAR_INFO::CAR_INFO()
 .text._ZN4OmniC2Ev
                0x0000000008000ad8       0x4a ./Core/Src/Omni.o
                0x0000000008000ad8                Omni::Omni()
                0x0000000008000ad8                Omni::Omni()
 *fill*         0x0000000008000b22        0x6 
 .text._ZN4Omni4InitEv
                0x0000000008000b28       0xa4 ./Core/Src/Omni.o
                0x0000000008000b28                Omni::Init()
 *fill*         0x0000000008000bcc        0x4 
 .text._ZN4Omni17UpdateCarLocationEv
                0x0000000008000bd0      0x178 ./Core/Src/Omni.o
                0x0000000008000bd0                Omni::UpdateCarLocation()
 .text._ZN4Omni16UpdateNowCarInfoEv
                0x0000000008000d48      0x198 ./Core/Src/Omni.o
                0x0000000008000d48                Omni::UpdateNowCarInfo()
 .text._ZN4Omni14SetGoalCarInfoEddd
                0x0000000008000ee0       0x40 ./Core/Src/Omni.o
                0x0000000008000ee0                Omni::SetGoalCarInfo(double, double, double)
 .text._ZN4Omni10Update_PIDEv
                0x0000000008000f20       0x36 ./Core/Src/Omni.o
                0x0000000008000f20                Omni::Update_PID()
 .text._ZN4Omni15UpdateMotorVnowEv
                0x0000000008000f56       0x36 ./Core/Src/Omni.o
                0x0000000008000f56                Omni::UpdateMotorVnow()
 *fill*         0x0000000008000f8c        0x4 
 .text._ZN4Omni4MoveEv
                0x0000000008000f90      0x150 ./Core/Src/Omni.o
                0x0000000008000f90                Omni::Move()
 .text._ZN4Omni13SetMotorVgoalEv
                0x00000000080010e0      0x138 ./Core/Src/Omni.o
                0x00000000080010e0                Omni::SetMotorVgoal()
 .text._ZN4Omni13GetNowCarInfoEv
                0x0000000008001218       0x4a ./Core/Src/Omni.o
                0x0000000008001218                Omni::GetNowCarInfo()
 .text._ZN4Omni17GetNowCarLocationEv
                0x0000000008001262       0x4a ./Core/Src/Omni.o
                0x0000000008001262                Omni::GetNowCarLocation()
 .text._ZN4Omni12SetCarRadiusEd
                0x00000000080012ac       0x22 ./Core/Src/Omni.o
                0x00000000080012ac                Omni::SetCarRadius(double)
 *fill*         0x00000000080012ce        0x2 
 .text._Z41__static_initialization_and_destruction_0ii
                0x00000000080012d0       0x2c ./Core/Src/Omni.o
 .text._GLOBAL__sub_I_omni
                0x00000000080012fc       0x10 ./Core/Src/Omni.o
 .text._ZN3ros3MsgC2Ev
                0x000000000800130c       0x20 ./Core/Src/ROS_mainpp.o
                0x000000000800130c                ros::Msg::Msg()
                0x000000000800130c                ros::Msg::Msg()
 .text._ZN13geometry_msgs7Vector3C2Ev
                0x000000000800132c       0x50 ./Core/Src/ROS_mainpp.o
                0x000000000800132c                geometry_msgs::Vector3::Vector3()
                0x000000000800132c                geometry_msgs::Vector3::Vector3()
 .text._ZNK13geometry_msgs7Vector39serializeEPh
                0x000000000800137c      0x2e6 ./Core/Src/ROS_mainpp.o
                0x000000000800137c                geometry_msgs::Vector3::serialize(unsigned char*) const
 .text._ZN13geometry_msgs7Vector311deserializeEPh
                0x0000000008001662      0x6be ./Core/Src/ROS_mainpp.o
                0x0000000008001662                geometry_msgs::Vector3::deserialize(unsigned char*)
 .text._ZN13geometry_msgs7Vector37getTypeEv
                0x0000000008001d20       0x1c ./Core/Src/ROS_mainpp.o
                0x0000000008001d20                geometry_msgs::Vector3::getType()
 .text._ZN13geometry_msgs7Vector36getMD5Ev
                0x0000000008001d3c       0x1c ./Core/Src/ROS_mainpp.o
                0x0000000008001d3c                geometry_msgs::Vector3::getMD5()
 .text._ZN13geometry_msgs5TwistC2Ev
                0x0000000008001d58       0x38 ./Core/Src/ROS_mainpp.o
                0x0000000008001d58                geometry_msgs::Twist::Twist()
                0x0000000008001d58                geometry_msgs::Twist::Twist()
 .text._ZNK13geometry_msgs5Twist9serializeEPh
                0x0000000008001d90       0x4c ./Core/Src/ROS_mainpp.o
                0x0000000008001d90                geometry_msgs::Twist::serialize(unsigned char*) const
 .text._ZN13geometry_msgs5Twist11deserializeEPh
                0x0000000008001ddc       0x4c ./Core/Src/ROS_mainpp.o
                0x0000000008001ddc                geometry_msgs::Twist::deserialize(unsigned char*)
 .text._ZN13geometry_msgs5Twist7getTypeEv
                0x0000000008001e28       0x1c ./Core/Src/ROS_mainpp.o
                0x0000000008001e28                geometry_msgs::Twist::getType()
 .text._ZN13geometry_msgs5Twist6getMD5Ev
                0x0000000008001e44       0x1c ./Core/Src/ROS_mainpp.o
                0x0000000008001e44                geometry_msgs::Twist::getMD5()
 .text._ZN8std_msgs6StringC2Ev
                0x0000000008001e60       0x30 ./Core/Src/ROS_mainpp.o
                0x0000000008001e60                std_msgs::String::String()
                0x0000000008001e60                std_msgs::String::String()
 .text._ZNK8std_msgs6String9serializeEPh
                0x0000000008001e90       0x52 ./Core/Src/ROS_mainpp.o
                0x0000000008001e90                std_msgs::String::serialize(unsigned char*) const
 .text._ZN8std_msgs6String11deserializeEPh
                0x0000000008001ee2       0x7e ./Core/Src/ROS_mainpp.o
                0x0000000008001ee2                std_msgs::String::deserialize(unsigned char*)
 .text._ZN8std_msgs6String7getTypeEv
                0x0000000008001f60       0x1c ./Core/Src/ROS_mainpp.o
                0x0000000008001f60                std_msgs::String::getType()
 .text._ZN8std_msgs6String6getMD5Ev
                0x0000000008001f7c       0x1c ./Core/Src/ROS_mainpp.o
                0x0000000008001f7c                std_msgs::String::getMD5()
 .text._ZN8std_msgs4BoolC2Ev
                0x0000000008001f98       0x2c ./Core/Src/ROS_mainpp.o
                0x0000000008001f98                std_msgs::Bool::Bool()
                0x0000000008001f98                std_msgs::Bool::Bool()
 .text._ZNK8std_msgs4Bool9serializeEPh
                0x0000000008001fc4       0x32 ./Core/Src/ROS_mainpp.o
                0x0000000008001fc4                std_msgs::Bool::serialize(unsigned char*) const
 .text._ZN8std_msgs4Bool11deserializeEPh
                0x0000000008001ff6       0x3c ./Core/Src/ROS_mainpp.o
                0x0000000008001ff6                std_msgs::Bool::deserialize(unsigned char*)
 *fill*         0x0000000008002032        0x2 
 .text._ZN8std_msgs4Bool7getTypeEv
                0x0000000008002034       0x1c ./Core/Src/ROS_mainpp.o
                0x0000000008002034                std_msgs::Bool::getType()
 .text._ZN8std_msgs4Bool6getMD5Ev
                0x0000000008002050       0x1c ./Core/Src/ROS_mainpp.o
                0x0000000008002050                std_msgs::Bool::getMD5()
 .text._ZN3ros4TimeC2Ev
                0x000000000800206c       0x22 ./Core/Src/ROS_mainpp.o
                0x000000000800206c                ros::Time::Time()
                0x000000000800206c                ros::Time::Time()
 *fill*         0x000000000800208e        0x2 
 .text._ZN8std_msgs4TimeC2Ev
                0x0000000008002090       0x30 ./Core/Src/ROS_mainpp.o
                0x0000000008002090                std_msgs::Time::Time()
                0x0000000008002090                std_msgs::Time::Time()
 .text._ZNK8std_msgs4Time9serializeEPh
                0x00000000080020c0       0xb0 ./Core/Src/ROS_mainpp.o
                0x00000000080020c0                std_msgs::Time::serialize(unsigned char*) const
 .text._ZN8std_msgs4Time11deserializeEPh
                0x0000000008002170       0xc8 ./Core/Src/ROS_mainpp.o
                0x0000000008002170                std_msgs::Time::deserialize(unsigned char*)
 .text._ZN8std_msgs4Time7getTypeEv
                0x0000000008002238       0x1c ./Core/Src/ROS_mainpp.o
                0x0000000008002238                std_msgs::Time::getType()
 .text._ZN8std_msgs4Time6getMD5Ev
                0x0000000008002254       0x1c ./Core/Src/ROS_mainpp.o
                0x0000000008002254                std_msgs::Time::getMD5()
 .text._ZN14rosserial_msgs9TopicInfoC2Ev
                0x0000000008002270       0x48 ./Core/Src/ROS_mainpp.o
                0x0000000008002270                rosserial_msgs::TopicInfo::TopicInfo()
                0x0000000008002270                rosserial_msgs::TopicInfo::TopicInfo()
 .text._ZNK14rosserial_msgs9TopicInfo9serializeEPh
                0x00000000080022b8      0x136 ./Core/Src/ROS_mainpp.o
                0x00000000080022b8                rosserial_msgs::TopicInfo::serialize(unsigned char*) const
 .text._ZN14rosserial_msgs9TopicInfo11deserializeEPh
                0x00000000080023ee      0x1d0 ./Core/Src/ROS_mainpp.o
                0x00000000080023ee                rosserial_msgs::TopicInfo::deserialize(unsigned char*)
 *fill*         0x00000000080025be        0x2 
 .text._ZN14rosserial_msgs9TopicInfo7getTypeEv
                0x00000000080025c0       0x1c ./Core/Src/ROS_mainpp.o
                0x00000000080025c0                rosserial_msgs::TopicInfo::getType()
 .text._ZN14rosserial_msgs9TopicInfo6getMD5Ev
                0x00000000080025dc       0x1c ./Core/Src/ROS_mainpp.o
                0x00000000080025dc                rosserial_msgs::TopicInfo::getMD5()
 .text._ZN14rosserial_msgs3LogC2Ev
                0x00000000080025f8       0x34 ./Core/Src/ROS_mainpp.o
                0x00000000080025f8                rosserial_msgs::Log::Log()
                0x00000000080025f8                rosserial_msgs::Log::Log()
 .text._ZNK14rosserial_msgs3Log9serializeEPh
                0x000000000800262c       0x64 ./Core/Src/ROS_mainpp.o
                0x000000000800262c                rosserial_msgs::Log::serialize(unsigned char*) const
 .text._ZN14rosserial_msgs3Log11deserializeEPh
                0x0000000008002690       0x90 ./Core/Src/ROS_mainpp.o
                0x0000000008002690                rosserial_msgs::Log::deserialize(unsigned char*)
 .text._ZN14rosserial_msgs3Log7getTypeEv
                0x0000000008002720       0x1c ./Core/Src/ROS_mainpp.o
                0x0000000008002720                rosserial_msgs::Log::getType()
 .text._ZN14rosserial_msgs3Log6getMD5Ev
                0x000000000800273c       0x1c ./Core/Src/ROS_mainpp.o
                0x000000000800273c                rosserial_msgs::Log::getMD5()
 .text._ZN14rosserial_msgs20RequestParamResponseC2Ev
                0x0000000008002758       0x48 ./Core/Src/ROS_mainpp.o
                0x0000000008002758                rosserial_msgs::RequestParamResponse::RequestParamResponse()
                0x0000000008002758                rosserial_msgs::RequestParamResponse::RequestParamResponse()
 .text._ZNK14rosserial_msgs20RequestParamResponse9serializeEPh
                0x00000000080027a0      0x222 ./Core/Src/ROS_mainpp.o
                0x00000000080027a0                rosserial_msgs::RequestParamResponse::serialize(unsigned char*) const
 .text._ZN14rosserial_msgs20RequestParamResponse11deserializeEPh
                0x00000000080029c2      0x2e2 ./Core/Src/ROS_mainpp.o
                0x00000000080029c2                rosserial_msgs::RequestParamResponse::deserialize(unsigned char*)
 .text._ZN14rosserial_msgs20RequestParamResponse7getTypeEv
                0x0000000008002ca4       0x1c ./Core/Src/ROS_mainpp.o
                0x0000000008002ca4                rosserial_msgs::RequestParamResponse::getType()
 .text._ZN14rosserial_msgs20RequestParamResponse6getMD5Ev
                0x0000000008002cc0       0x1c ./Core/Src/ROS_mainpp.o
                0x0000000008002cc0                rosserial_msgs::RequestParamResponse::getMD5()
 .text._ZN3ros9PublisherC2EPKcPNS_3MsgEi
                0x0000000008002cdc       0x2e ./Core/Src/ROS_mainpp.o
                0x0000000008002cdc                ros::Publisher::Publisher(char const*, ros::Msg*, int)
                0x0000000008002cdc                ros::Publisher::Publisher(char const*, ros::Msg*, int)
 .text._ZN3ros9Publisher7publishEPKNS_3MsgE
                0x0000000008002d0a       0x28 ./Core/Src/ROS_mainpp.o
                0x0000000008002d0a                ros::Publisher::publish(ros::Msg const*)
 .text._ZN3ros9Publisher15getEndpointTypeEv
                0x0000000008002d32       0x18 ./Core/Src/ROS_mainpp.o
                0x0000000008002d32                ros::Publisher::getEndpointType()
 *fill*         0x0000000008002d4a        0x2 
 .text._ZN13STM32Hardware10getRdmaIndEv
                0x0000000008002d4c      0x15c ./Core/Src/ROS_mainpp.o
                0x0000000008002d4c                STM32Hardware::getRdmaInd()
 .text._ZN13STM32HardwareC2Ev
                0x0000000008002ea8       0x38 ./Core/Src/ROS_mainpp.o
                0x0000000008002ea8                STM32Hardware::STM32Hardware()
                0x0000000008002ea8                STM32Hardware::STM32Hardware()
 .text._ZN13STM32Hardware4initEv
                0x0000000008002ee0       0x16 ./Core/Src/ROS_mainpp.o
                0x0000000008002ee0                STM32Hardware::init()
 .text._ZN13STM32Hardware10reset_rbufEv
                0x0000000008002ef6       0x22 ./Core/Src/ROS_mainpp.o
                0x0000000008002ef6                STM32Hardware::reset_rbuf()
 .text._ZN13STM32Hardware4readEv
                0x0000000008002f18       0x5a ./Core/Src/ROS_mainpp.o
                0x0000000008002f18                STM32Hardware::read()
 *fill*         0x0000000008002f72        0x2 
 .text._ZN13STM32Hardware5flushEv
                0x0000000008002f74       0xb8 ./Core/Src/ROS_mainpp.o
                0x0000000008002f74                STM32Hardware::flush()
 .text._ZN13STM32Hardware5writeEPhi
                0x000000000800302c       0x8c ./Core/Src/ROS_mainpp.o
                0x000000000800302c                STM32Hardware::write(unsigned char*, int)
 .text._ZN13STM32Hardware4timeEv
                0x00000000080030b8       0x16 ./Core/Src/ROS_mainpp.o
                0x00000000080030b8                STM32Hardware::time()
 *fill*         0x00000000080030ce        0x2 
 .text._ZN3ROS10GoalVel_CBERKN13geometry_msgs5TwistE
                0x00000000080030d0       0x38 ./Core/Src/ROS_mainpp.o
                0x00000000080030d0                ROS::GoalVel_CB(geometry_msgs::Twist const&)
 .text._ZN3ROS8Start_CBERKN8std_msgs4BoolE
                0x0000000008003108       0x14 ./Core/Src/ROS_mainpp.o
                0x0000000008003108                ROS::Start_CB(std_msgs::Bool const&)
 .text._ZN3ROS9Finish_CBERKN8std_msgs6StringE
                0x000000000800311c       0x50 ./Core/Src/ROS_mainpp.o
                0x000000000800311c                ROS::Finish_CB(std_msgs::String const&)
 .text._ZN3ROS5setupEv
                0x000000000800316c       0x4c ./Core/Src/ROS_mainpp.o
                0x000000000800316c                ROS::setup()
 .text._ZN3ROS4loopEv
                0x00000000080031b8       0x14 ./Core/Src/ROS_mainpp.o
                0x00000000080031b8                ROS::loop()
 .text._ZN3ROS10PubCarVnowEv
                0x00000000080031cc       0xac ./Core/Src/ROS_mainpp.o
                0x00000000080031cc                ROS::PubCarVnow()
 .text.HAL_UART_TxCpltCallback
                0x0000000008003278       0x24 ./Core/Src/ROS_mainpp.o
                0x0000000008003278                HAL_UART_TxCpltCallback
 .text.HAL_UART_RxCpltCallback
                0x000000000800329c       0x24 ./Core/Src/ROS_mainpp.o
                0x000000000800329c                HAL_UART_RxCpltCallback
 .text._ZN3ros3Msg8varToArrIPhmEEvT_T0_
                0x00000000080032c0       0x3c ./Core/Src/ROS_mainpp.o
                0x00000000080032c0                void ros::Msg::varToArr<unsigned char*, unsigned long>(unsigned char*, unsigned long)
 .text._ZN3ros3Msg8arrToVarImPhEEvRT_T0_
                0x00000000080032fc       0x4a ./Core/Src/ROS_mainpp.o
                0x00000000080032fc                void ros::Msg::arrToVar<unsigned long, unsigned char*>(unsigned long&, unsigned char*)
 *fill*         0x0000000008003346        0x2 
 .text._ZN3ros15NodeHandleBase_C2Ev
                0x0000000008003348       0x20 ./Core/Src/ROS_mainpp.o
                0x0000000008003348                ros::NodeHandleBase_::NodeHandleBase_()
                0x0000000008003348                ros::NodeHandleBase_::NodeHandleBase_()
 .text._ZN3ros11NodeHandle_I13STM32HardwareLi25ELi25ELi512ELi512EEC2Ev
                0x0000000008003368      0x100 ./Core/Src/ROS_mainpp.o
                0x0000000008003368                ros::NodeHandle_<STM32Hardware, 25, 25, 512, 512>::NodeHandle_()
                0x0000000008003368                ros::NodeHandle_<STM32Hardware, 25, 25, 512, 512>::NodeHandle_()
 .text._ZN3ros11Subscriber_C2Ev
                0x0000000008003468       0x20 ./Core/Src/ROS_mainpp.o
                0x0000000008003468                ros::Subscriber_::Subscriber_()
                0x0000000008003468                ros::Subscriber_::Subscriber_()
 .text._ZN3ros10SubscriberIN13geometry_msgs5TwistEvEC2EPKcPFvRKS2_Ei
                0x0000000008003488       0x48 ./Core/Src/ROS_mainpp.o
                0x0000000008003488                ros::Subscriber<geometry_msgs::Twist, void>::Subscriber(char const*, void (*)(geometry_msgs::Twist const&), int)
                0x0000000008003488                ros::Subscriber<geometry_msgs::Twist, void>::Subscriber(char const*, void (*)(geometry_msgs::Twist const&), int)
 .text._ZN3ros10SubscriberIN8std_msgs4BoolEvEC2EPKcPFvRKS2_Ei
                0x00000000080034d0       0x48 ./Core/Src/ROS_mainpp.o
                0x00000000080034d0                ros::Subscriber<std_msgs::Bool, void>::Subscriber(char const*, void (*)(std_msgs::Bool const&), int)
                0x00000000080034d0                ros::Subscriber<std_msgs::Bool, void>::Subscriber(char const*, void (*)(std_msgs::Bool const&), int)
 .text._ZN3ros10SubscriberIN8std_msgs6StringEvEC2EPKcPFvRKS2_Ei
                0x0000000008003518       0x48 ./Core/Src/ROS_mainpp.o
                0x0000000008003518                ros::Subscriber<std_msgs::String, void>::Subscriber(char const*, void (*)(std_msgs::String const&), int)
                0x0000000008003518                ros::Subscriber<std_msgs::String, void>::Subscriber(char const*, void (*)(std_msgs::String const&), int)
 .text._ZN3ros11NodeHandle_I13STM32HardwareLi25ELi25ELi512ELi512EE8initNodeEv
                0x0000000008003560       0x3a ./Core/Src/ROS_mainpp.o
                0x0000000008003560                ros::NodeHandle_<STM32Hardware, 25, 25, 512, 512>::initNode()
 .text._ZN3ros11NodeHandle_I13STM32HardwareLi25ELi25ELi512ELi512EE9subscribeINS_10SubscriberIN13geometry_msgs5TwistEvEEEEbRT_
                0x000000000800359a       0x56 ./Core/Src/ROS_mainpp.o
                0x000000000800359a                bool ros::NodeHandle_<STM32Hardware, 25, 25, 512, 512>::subscribe<ros::Subscriber<geometry_msgs::Twist, void> >(ros::Subscriber<geometry_msgs::Twist, void>&)
 .text._ZN3ros11NodeHandle_I13STM32HardwareLi25ELi25ELi512ELi512EE9subscribeINS_10SubscriberIN8std_msgs4BoolEvEEEEbRT_
                0x00000000080035f0       0x56 ./Core/Src/ROS_mainpp.o
                0x00000000080035f0                bool ros::NodeHandle_<STM32Hardware, 25, 25, 512, 512>::subscribe<ros::Subscriber<std_msgs::Bool, void> >(ros::Subscriber<std_msgs::Bool, void>&)
 .text._ZN3ros11NodeHandle_I13STM32HardwareLi25ELi25ELi512ELi512EE9subscribeINS_10SubscriberIN8std_msgs6StringEvEEEEbRT_
                0x0000000008003646       0x56 ./Core/Src/ROS_mainpp.o
                0x0000000008003646                bool ros::NodeHandle_<STM32Hardware, 25, 25, 512, 512>::subscribe<ros::Subscriber<std_msgs::String, void> >(ros::Subscriber<std_msgs::String, void>&)
 .text._ZN3ros11NodeHandle_I13STM32HardwareLi25ELi25ELi512ELi512EE9advertiseERNS_9PublisherE
                0x000000000800369c       0x60 ./Core/Src/ROS_mainpp.o
                0x000000000800369c                ros::NodeHandle_<STM32Hardware, 25, 25, 512, 512>::advertise(ros::Publisher&)
 .text._ZN3ros11NodeHandle_I13STM32HardwareLi25ELi25ELi512ELi512EE8spinOnceEv
                0x00000000080036fc      0x3b2 ./Core/Src/ROS_mainpp.o
                0x00000000080036fc                ros::NodeHandle_<STM32Hardware, 25, 25, 512, 512>::spinOnce()
 .text._ZN3ros11NodeHandle_I13STM32HardwareLi25ELi25ELi512ELi512EE11getHardwareEv
                0x0000000008003aae       0x18 ./Core/Src/ROS_mainpp.o
                0x0000000008003aae                ros::NodeHandle_<STM32Hardware, 25, 25, 512, 512>::getHardware()
 .text._ZN3ros11NodeHandle_I13STM32HardwareLi25ELi25ELi512ELi512EE15requestSyncTimeEv
                0x0000000008003ac6       0x3c ./Core/Src/ROS_mainpp.o
                0x0000000008003ac6                ros::NodeHandle_<STM32Hardware, 25, 25, 512, 512>::requestSyncTime()
 .text._ZN3ros11NodeHandle_I13STM32HardwareLi25ELi25ELi512ELi512EE15negotiateTopicsEv
                0x0000000008003b02      0x1be ./Core/Src/ROS_mainpp.o
                0x0000000008003b02                ros::NodeHandle_<STM32Hardware, 25, 25, 512, 512>::negotiateTopics()
 .text._ZN3ros11NodeHandle_I13STM32HardwareLi25ELi25ELi512ELi512EE8syncTimeEPh
                0x0000000008003cc0       0x98 ./Core/Src/ROS_mainpp.o
                0x0000000008003cc0                ros::NodeHandle_<STM32Hardware, 25, 25, 512, 512>::syncTime(unsigned char*)
 .text._ZN3ros11NodeHandle_I13STM32HardwareLi25ELi25ELi512ELi512EE7publishEiPKNS_3MsgE
                0x0000000008003d58      0x128 ./Core/Src/ROS_mainpp.o
                0x0000000008003d58                ros::NodeHandle_<STM32Hardware, 25, 25, 512, 512>::publish(int, ros::Msg const*)
 .text._ZN3ros11NodeHandle_I13STM32HardwareLi25ELi25ELi512ELi512EE6setNowERNS_4TimeE
                0x0000000008003e80       0x80 ./Core/Src/ROS_mainpp.o
                0x0000000008003e80                ros::NodeHandle_<STM32Hardware, 25, 25, 512, 512>::setNow(ros::Time&)
 .text._ZN3ros11NodeHandle_I13STM32HardwareLi25ELi25ELi512ELi512EE8logerrorEPKc
                0x0000000008003f00       0x1c ./Core/Src/ROS_mainpp.o
                0x0000000008003f00                ros::NodeHandle_<STM32Hardware, 25, 25, 512, 512>::logerror(char const*)
 .text._ZN3ros11NodeHandle_I13STM32HardwareLi25ELi25ELi512ELi512EE3logEcPKc
                0x0000000008003f1c       0x38 ./Core/Src/ROS_mainpp.o
                0x0000000008003f1c                ros::NodeHandle_<STM32Hardware, 25, 25, 512, 512>::log(char, char const*)
 .text._Z41__static_initialization_and_destruction_0ii
                0x0000000008003f54       0x94 ./Core/Src/ROS_mainpp.o
 .text._ZN3ros10SubscriberIN8std_msgs6StringEvE8callbackEPh
                0x0000000008003fe8       0x2a ./Core/Src/ROS_mainpp.o
                0x0000000008003fe8                ros::Subscriber<std_msgs::String, void>::callback(unsigned char*)
 .text._ZN3ros10SubscriberIN8std_msgs6StringEvE15getEndpointTypeEv
                0x0000000008004012       0x18 ./Core/Src/ROS_mainpp.o
                0x0000000008004012                ros::Subscriber<std_msgs::String, void>::getEndpointType()
 .text._ZN3ros10SubscriberIN8std_msgs6StringEvE10getMsgTypeEv
                0x000000000800402a       0x1c ./Core/Src/ROS_mainpp.o
                0x000000000800402a                ros::Subscriber<std_msgs::String, void>::getMsgType()
 .text._ZN3ros10SubscriberIN8std_msgs6StringEvE9getMsgMD5Ev
                0x0000000008004046       0x1c ./Core/Src/ROS_mainpp.o
                0x0000000008004046                ros::Subscriber<std_msgs::String, void>::getMsgMD5()
 .text._ZN3ros10SubscriberIN8std_msgs4BoolEvE8callbackEPh
                0x0000000008004062       0x2a ./Core/Src/ROS_mainpp.o
                0x0000000008004062                ros::Subscriber<std_msgs::Bool, void>::callback(unsigned char*)
 .text._ZN3ros10SubscriberIN8std_msgs4BoolEvE15getEndpointTypeEv
                0x000000000800408c       0x18 ./Core/Src/ROS_mainpp.o
                0x000000000800408c                ros::Subscriber<std_msgs::Bool, void>::getEndpointType()
 .text._ZN3ros10SubscriberIN8std_msgs4BoolEvE10getMsgTypeEv
                0x00000000080040a4       0x1c ./Core/Src/ROS_mainpp.o
                0x00000000080040a4                ros::Subscriber<std_msgs::Bool, void>::getMsgType()
 .text._ZN3ros10SubscriberIN8std_msgs4BoolEvE9getMsgMD5Ev
                0x00000000080040c0       0x1c ./Core/Src/ROS_mainpp.o
                0x00000000080040c0                ros::Subscriber<std_msgs::Bool, void>::getMsgMD5()
 .text._ZN3ros10SubscriberIN13geometry_msgs5TwistEvE8callbackEPh
                0x00000000080040dc       0x2a ./Core/Src/ROS_mainpp.o
                0x00000000080040dc                ros::Subscriber<geometry_msgs::Twist, void>::callback(unsigned char*)
 .text._ZN3ros10SubscriberIN13geometry_msgs5TwistEvE15getEndpointTypeEv
                0x0000000008004106       0x18 ./Core/Src/ROS_mainpp.o
                0x0000000008004106                ros::Subscriber<geometry_msgs::Twist, void>::getEndpointType()
 .text._ZN3ros10SubscriberIN13geometry_msgs5TwistEvE10getMsgTypeEv
                0x000000000800411e       0x1c ./Core/Src/ROS_mainpp.o
                0x000000000800411e                ros::Subscriber<geometry_msgs::Twist, void>::getMsgType()
 .text._ZN3ros10SubscriberIN13geometry_msgs5TwistEvE9getMsgMD5Ev
                0x000000000800413a       0x1c ./Core/Src/ROS_mainpp.o
                0x000000000800413a                ros::Subscriber<geometry_msgs::Twist, void>::getMsgMD5()
 .text._ZN3ros11NodeHandle_I13STM32HardwareLi25ELi25ELi512ELi512EE9connectedEv
                0x0000000008004156       0x1a ./Core/Src/ROS_mainpp.o
                0x0000000008004156                ros::NodeHandle_<STM32Hardware, 25, 25, 512, 512>::connected()
 .text._GLOBAL__sub_I_nh
                0x0000000008004170       0x10 ./Core/Src/ROS_mainpp.o
 .text.HAL_TIM_PeriodElapsedCallback
                0x0000000008004180       0x80 ./Core/Src/function.o
                0x0000000008004180                HAL_TIM_PeriodElapsedCallback
 .text.main     0x0000000008004200       0x42 ./Core/Src/main.o
                0x0000000008004200                main
 *fill*         0x0000000008004242        0x2 
 .text.SystemClock_Config
                0x0000000008004244       0xe0 ./Core/Src/main.o
                0x0000000008004244                SystemClock_Config
 .text.MX_TIM2_Init
                0x0000000008004324       0xa8 ./Core/Src/main.o
 .text.MX_TIM3_Init
                0x00000000080043cc       0xac ./Core/Src/main.o
 .text.MX_TIM4_Init
                0x0000000008004478       0xac ./Core/Src/main.o
 .text.MX_TIM5_Init
                0x0000000008004524       0xac ./Core/Src/main.o
 .text.MX_TIM7_Init
                0x00000000080045d0       0x6c ./Core/Src/main.o
 .text.MX_TIM8_Init
                0x000000000800463c      0x124 ./Core/Src/main.o
 .text.MX_TIM12_Init
                0x0000000008004760       0xa0 ./Core/Src/main.o
 .text.MX_TIM13_Init
                0x0000000008004800       0x48 ./Core/Src/main.o
 .text.MX_TIM15_Init
                0x0000000008004848      0x124 ./Core/Src/main.o
 .text.MX_USART1_UART_Init
                0x000000000800496c       0xa8 ./Core/Src/main.o
 .text.MX_DMA_Init
                0x0000000008004a14       0x50 ./Core/Src/main.o
 .text.MX_GPIO_Init
                0x0000000008004a64      0x18c ./Core/Src/main.o
 .text.Error_Handler
                0x0000000008004bf0        0xa ./Core/Src/main.o
                0x0000000008004bf0                Error_Handler
 *fill*         0x0000000008004bfa        0x2 
 .text.main_function
                0x0000000008004bfc       0x48 ./Core/Src/mainpp.o
                0x0000000008004bfc                main_function
 .text.HAL_MspInit
                0x0000000008004c44       0x34 ./Core/Src/stm32h7xx_hal_msp.o
                0x0000000008004c44                HAL_MspInit
 .text.HAL_TIM_Encoder_MspInit
                0x0000000008004c78      0x21c ./Core/Src/stm32h7xx_hal_msp.o
                0x0000000008004c78                HAL_TIM_Encoder_MspInit
 .text.HAL_TIM_Base_MspInit
                0x0000000008004e94       0x90 ./Core/Src/stm32h7xx_hal_msp.o
                0x0000000008004e94                HAL_TIM_Base_MspInit
 .text.HAL_TIM_PWM_MspInit
                0x0000000008004f24       0xac ./Core/Src/stm32h7xx_hal_msp.o
                0x0000000008004f24                HAL_TIM_PWM_MspInit
 .text.HAL_TIM_MspPostInit
                0x0000000008004fd0      0x11c ./Core/Src/stm32h7xx_hal_msp.o
                0x0000000008004fd0                HAL_TIM_MspPostInit
 .text.HAL_UART_MspInit
                0x00000000080050ec      0x1a4 ./Core/Src/stm32h7xx_hal_msp.o
                0x00000000080050ec                HAL_UART_MspInit
 .text.NMI_Handler
                0x0000000008005290        0x6 ./Core/Src/stm32h7xx_it.o
                0x0000000008005290                NMI_Handler
 .text.HardFault_Handler
                0x0000000008005296        0x6 ./Core/Src/stm32h7xx_it.o
                0x0000000008005296                HardFault_Handler
 .text.MemManage_Handler
                0x000000000800529c        0x6 ./Core/Src/stm32h7xx_it.o
                0x000000000800529c                MemManage_Handler
 .text.BusFault_Handler
                0x00000000080052a2        0x6 ./Core/Src/stm32h7xx_it.o
                0x00000000080052a2                BusFault_Handler
 .text.UsageFault_Handler
                0x00000000080052a8        0x6 ./Core/Src/stm32h7xx_it.o
                0x00000000080052a8                UsageFault_Handler
 .text.SVC_Handler
                0x00000000080052ae        0xe ./Core/Src/stm32h7xx_it.o
                0x00000000080052ae                SVC_Handler
 .text.DebugMon_Handler
                0x00000000080052bc        0xe ./Core/Src/stm32h7xx_it.o
                0x00000000080052bc                DebugMon_Handler
 .text.PendSV_Handler
                0x00000000080052ca        0xe ./Core/Src/stm32h7xx_it.o
                0x00000000080052ca                PendSV_Handler
 .text.SysTick_Handler
                0x00000000080052d8        0xc ./Core/Src/stm32h7xx_it.o
                0x00000000080052d8                SysTick_Handler
 .text.DMA1_Stream0_IRQHandler
                0x00000000080052e4       0x14 ./Core/Src/stm32h7xx_it.o
                0x00000000080052e4                DMA1_Stream0_IRQHandler
 .text.DMA1_Stream1_IRQHandler
                0x00000000080052f8       0x14 ./Core/Src/stm32h7xx_it.o
                0x00000000080052f8                DMA1_Stream1_IRQHandler
 .text.USART1_IRQHandler
                0x000000000800530c       0x14 ./Core/Src/stm32h7xx_it.o
                0x000000000800530c                USART1_IRQHandler
 .text.TIM8_UP_TIM13_IRQHandler
                0x0000000008005320       0x1c ./Core/Src/stm32h7xx_it.o
                0x0000000008005320                TIM8_UP_TIM13_IRQHandler
 .text.TIM7_IRQHandler
                0x000000000800533c       0x14 ./Core/Src/stm32h7xx_it.o
                0x000000000800533c                TIM7_IRQHandler
 .text._getpid  0x0000000008005350       0x10 ./Core/Src/syscalls.o
                0x0000000008005350                _getpid
 .text._kill    0x0000000008005360       0x20 ./Core/Src/syscalls.o
                0x0000000008005360                _kill
 .text._exit    0x0000000008005380       0x14 ./Core/Src/syscalls.o
                0x0000000008005380                _exit
 .text._sbrk    0x0000000008005394       0x6c ./Core/Src/sysmem.o
                0x0000000008005394                _sbrk
 .text.SystemInit
                0x0000000008005400       0xf0 ./Core/Src/system_stm32h7xx.o
                0x0000000008005400                SystemInit
 .text.Reset_Handler
                0x00000000080054f0       0x50 ./Core/Startup/startup_stm32h723zgtx.o
                0x00000000080054f0                Reset_Handler
 .text.Default_Handler
                0x0000000008005540        0x2 ./Core/Startup/startup_stm32h723zgtx.o
                0x0000000008005540                RTC_Alarm_IRQHandler
                0x0000000008005540                EXTI2_IRQHandler
                0x0000000008005540                TIM8_CC_IRQHandler
                0x0000000008005540                UART8_IRQHandler
                0x0000000008005540                SPI4_IRQHandler
                0x0000000008005540                FDCAN3_IT0_IRQHandler
                0x0000000008005540                TIM1_CC_IRQHandler
                0x0000000008005540                BDMA_Channel6_IRQHandler
                0x0000000008005540                DMA2_Stream5_IRQHandler
                0x0000000008005540                DMA1_Stream5_IRQHandler
                0x0000000008005540                CORDIC_IRQHandler
                0x0000000008005540                BDMA_Channel1_IRQHandler
                0x0000000008005540                TAMP_STAMP_IRQHandler
                0x0000000008005540                EXTI3_IRQHandler
                0x0000000008005540                LPTIM4_IRQHandler
                0x0000000008005540                TIM8_TRG_COM_TIM14_IRQHandler
                0x0000000008005540                LPTIM2_IRQHandler
                0x0000000008005540                DFSDM1_FLT1_IRQHandler
                0x0000000008005540                DMAMUX2_OVR_IRQHandler
                0x0000000008005540                I2C3_ER_IRQHandler
                0x0000000008005540                DFSDM1_FLT2_IRQHandler
                0x0000000008005540                I2C5_EV_IRQHandler
                0x0000000008005540                USART10_IRQHandler
                0x0000000008005540                MDMA_IRQHandler
                0x0000000008005540                LPTIM3_IRQHandler
                0x0000000008005540                HSEM1_IRQHandler
                0x0000000008005540                EXTI0_IRQHandler
                0x0000000008005540                I2C2_EV_IRQHandler
                0x0000000008005540                DMA1_Stream2_IRQHandler
                0x0000000008005540                FPU_IRQHandler
                0x0000000008005540                OTG_HS_WKUP_IRQHandler
                0x0000000008005540                FDCAN1_IT1_IRQHandler
                0x0000000008005540                LTDC_ER_IRQHandler
                0x0000000008005540                DMA2_Stream2_IRQHandler
                0x0000000008005540                SPI1_IRQHandler
                0x0000000008005540                OCTOSPI1_IRQHandler
                0x0000000008005540                TIM6_DAC_IRQHandler
                0x0000000008005540                DMA2_Stream3_IRQHandler
                0x0000000008005540                OCTOSPI2_IRQHandler
                0x0000000008005540                DFSDM1_FLT3_IRQHandler
                0x0000000008005540                TIM23_IRQHandler
                0x0000000008005540                USART6_IRQHandler
                0x0000000008005540                TIM17_IRQHandler
                0x0000000008005540                USART3_IRQHandler
                0x0000000008005540                BDMA_Channel7_IRQHandler
                0x0000000008005540                LPTIM5_IRQHandler
                0x0000000008005540                UART5_IRQHandler
                0x0000000008005540                ADC3_IRQHandler
                0x0000000008005540                DMA2_Stream0_IRQHandler
                0x0000000008005540                TIM4_IRQHandler
                0x0000000008005540                BDMA_Channel2_IRQHandler
                0x0000000008005540                I2C1_EV_IRQHandler
                0x0000000008005540                DMA1_Stream6_IRQHandler
                0x0000000008005540                DMAMUX1_OVR_IRQHandler
                0x0000000008005540                TIM16_IRQHandler
                0x0000000008005540                UART4_IRQHandler
                0x0000000008005540                BDMA_Channel5_IRQHandler
                0x0000000008005540                TIM3_IRQHandler
                0x0000000008005540                RCC_IRQHandler
                0x0000000008005540                UART9_IRQHandler
                0x0000000008005540                TIM8_BRK_TIM12_IRQHandler
                0x0000000008005540                TIM1_TRG_COM_IRQHandler
                0x0000000008005540                Default_Handler
                0x0000000008005540                ECC_IRQHandler
                0x0000000008005540                FMAC_IRQHandler
                0x0000000008005540                CEC_IRQHandler
                0x0000000008005540                EXTI15_10_IRQHandler
                0x0000000008005540                BDMA_Channel0_IRQHandler
                0x0000000008005540                ADC_IRQHandler
                0x0000000008005540                I2C5_ER_IRQHandler
                0x0000000008005540                DMA1_Stream7_IRQHandler
                0x0000000008005540                SPI5_IRQHandler
                0x0000000008005540                FDCAN3_IT1_IRQHandler
                0x0000000008005540                SDMMC1_IRQHandler
                0x0000000008005540                TIM5_IRQHandler
                0x0000000008005540                DMA2_Stream7_IRQHandler
                0x0000000008005540                TIM15_IRQHandler
                0x0000000008005540                PVD_AVD_IRQHandler
                0x0000000008005540                I2C3_EV_IRQHandler
                0x0000000008005540                EXTI9_5_IRQHandler
                0x0000000008005540                RTC_WKUP_IRQHandler
                0x0000000008005540                LTDC_IRQHandler
                0x0000000008005540                ETH_WKUP_IRQHandler
                0x0000000008005540                SPDIF_RX_IRQHandler
                0x0000000008005540                SPI2_IRQHandler
                0x0000000008005540                OTG_HS_EP1_IN_IRQHandler
                0x0000000008005540                TIM24_IRQHandler
                0x0000000008005540                CRS_IRQHandler
                0x0000000008005540                EXTI4_IRQHandler
                0x0000000008005540                RNG_IRQHandler
                0x0000000008005540                FDCAN2_IT1_IRQHandler
                0x0000000008005540                ETH_IRQHandler
                0x0000000008005540                TIM1_UP_IRQHandler
                0x0000000008005540                BDMA_Channel4_IRQHandler
                0x0000000008005540                OTG_HS_EP1_OUT_IRQHandler
                0x0000000008005540                WWDG_IRQHandler
                0x0000000008005540                SPI6_IRQHandler
                0x0000000008005540                MDIOS_IRQHandler
                0x0000000008005540                I2C4_EV_IRQHandler
                0x0000000008005540                FDCAN2_IT0_IRQHandler
                0x0000000008005540                LPUART1_IRQHandler
                0x0000000008005540                FDCAN1_IT0_IRQHandler
                0x0000000008005540                TIM2_IRQHandler
                0x0000000008005540                OTG_HS_IRQHandler
                0x0000000008005540                DMA2D_IRQHandler
                0x0000000008005540                TIM1_BRK_IRQHandler
                0x0000000008005540                EXTI1_IRQHandler
                0x0000000008005540                SDMMC2_IRQHandler
                0x0000000008005540                BDMA_Channel3_IRQHandler
                0x0000000008005540                DTS_IRQHandler
                0x0000000008005540                UART7_IRQHandler
                0x0000000008005540                MDIOS_WKUP_IRQHandler
                0x0000000008005540                USART2_IRQHandler
                0x0000000008005540                DFSDM1_FLT0_IRQHandler
                0x0000000008005540                SAI4_IRQHandler
                0x0000000008005540                I2C2_ER_IRQHandler
                0x0000000008005540                DMA2_Stream1_IRQHandler
                0x0000000008005540                FLASH_IRQHandler
                0x0000000008005540                DMA2_Stream4_IRQHandler
                0x0000000008005540                SPI3_IRQHandler
                0x0000000008005540                WAKEUP_PIN_IRQHandler
                0x0000000008005540                DMA1_Stream4_IRQHandler
                0x0000000008005540                I2C1_ER_IRQHandler
                0x0000000008005540                FMC_IRQHandler
                0x0000000008005540                FDCAN_CAL_IRQHandler
                0x0000000008005540                SWPMI1_IRQHandler
                0x0000000008005540                COMP1_IRQHandler
                0x0000000008005540                LPTIM1_IRQHandler
                0x0000000008005540                DCMI_PSSI_IRQHandler
                0x0000000008005540                I2C4_ER_IRQHandler
                0x0000000008005540                DMA2_Stream6_IRQHandler
                0x0000000008005540                SAI1_IRQHandler
                0x0000000008005540                DMA1_Stream3_IRQHandler
 *fill*         0x0000000008005542        0x2 
 .text.HAL_Init
                0x0000000008005544       0x78 ./Drivers/STM32H7xx_HAL_Driver/Src/stm32h7xx_hal.o
                0x0000000008005544                HAL_Init
 .text.HAL_InitTick
                0x00000000080055bc       0x6c ./Drivers/STM32H7xx_HAL_Driver/Src/stm32h7xx_hal.o
                0x00000000080055bc                HAL_InitTick
 .text.HAL_IncTick
                0x0000000008005628       0x28 ./Drivers/STM32H7xx_HAL_Driver/Src/stm32h7xx_hal.o
                0x0000000008005628                HAL_IncTick
 .text.HAL_GetTick
                0x0000000008005650       0x18 ./Drivers/STM32H7xx_HAL_Driver/Src/stm32h7xx_hal.o
                0x0000000008005650                HAL_GetTick
 .text.__NVIC_SetPriorityGrouping
                0x0000000008005668       0x48 ./Drivers/STM32H7xx_HAL_Driver/Src/stm32h7xx_hal_cortex.o
 .text.__NVIC_GetPriorityGrouping
                0x00000000080056b0       0x1c ./Drivers/STM32H7xx_HAL_Driver/Src/stm32h7xx_hal_cortex.o
 .text.__NVIC_EnableIRQ
                0x00000000080056cc       0x3c ./Drivers/STM32H7xx_HAL_Driver/Src/stm32h7xx_hal_cortex.o
 .text.__NVIC_SetPriority
                0x0000000008005708       0x54 ./Drivers/STM32H7xx_HAL_Driver/Src/stm32h7xx_hal_cortex.o
 .text.NVIC_EncodePriority
                0x000000000800575c       0x66 ./Drivers/STM32H7xx_HAL_Driver/Src/stm32h7xx_hal_cortex.o
 *fill*         0x00000000080057c2        0x2 
 .text.SysTick_Config
                0x00000000080057c4       0x44 ./Drivers/STM32H7xx_HAL_Driver/Src/stm32h7xx_hal_cortex.o
 .text.HAL_NVIC_SetPriorityGrouping
                0x0000000008005808       0x16 ./Drivers/STM32H7xx_HAL_Driver/Src/stm32h7xx_hal_cortex.o
                0x0000000008005808                HAL_NVIC_SetPriorityGrouping
 .text.HAL_NVIC_SetPriority
                0x000000000800581e       0x34 ./Drivers/STM32H7xx_HAL_Driver/Src/stm32h7xx_hal_cortex.o
                0x000000000800581e                HAL_NVIC_SetPriority
 .text.HAL_NVIC_EnableIRQ
                0x0000000008005852       0x1c ./Drivers/STM32H7xx_HAL_Driver/Src/stm32h7xx_hal_cortex.o
                0x0000000008005852                HAL_NVIC_EnableIRQ
 .text.HAL_SYSTICK_Config
                0x000000000800586e       0x18 ./Drivers/STM32H7xx_HAL_Driver/Src/stm32h7xx_hal_cortex.o
                0x000000000800586e                HAL_SYSTICK_Config
 *fill*         0x0000000008005886        0x2 
 .text.HAL_DMA_Init
                0x0000000008005888      0x6b4 ./Drivers/STM32H7xx_HAL_Driver/Src/stm32h7xx_hal_dma.o
                0x0000000008005888                HAL_DMA_Init
 .text.HAL_DMA_Start_IT
                0x0000000008005f3c      0x4d4 ./Drivers/STM32H7xx_HAL_Driver/Src/stm32h7xx_hal_dma.o
                0x0000000008005f3c                HAL_DMA_Start_IT
 .text.HAL_DMA_Abort
                0x0000000008006410      0x63c ./Drivers/STM32H7xx_HAL_Driver/Src/stm32h7xx_hal_dma.o
                0x0000000008006410                HAL_DMA_Abort
 .text.HAL_DMA_Abort_IT
                0x0000000008006a4c      0x48c ./Drivers/STM32H7xx_HAL_Driver/Src/stm32h7xx_hal_dma.o
                0x0000000008006a4c                HAL_DMA_Abort_IT
 .text.HAL_DMA_IRQHandler
                0x0000000008006ed8      0xe54 ./Drivers/STM32H7xx_HAL_Driver/Src/stm32h7xx_hal_dma.o
                0x0000000008006ed8                HAL_DMA_IRQHandler
 .text.DMA_SetConfig
                0x0000000008007d2c      0x358 ./Drivers/STM32H7xx_HAL_Driver/Src/stm32h7xx_hal_dma.o
 .text.DMA_CalcBaseAndBitshift
                0x0000000008008084      0x164 ./Drivers/STM32H7xx_HAL_Driver/Src/stm32h7xx_hal_dma.o
 .text.DMA_CheckFifoParam
                0x00000000080081e8       0xf8 ./Drivers/STM32H7xx_HAL_Driver/Src/stm32h7xx_hal_dma.o
 .text.DMA_CalcDMAMUXChannelBaseAndMask
                0x00000000080082e0      0x134 ./Drivers/STM32H7xx_HAL_Driver/Src/stm32h7xx_hal_dma.o
 .text.DMA_CalcDMAMUXRequestGenBaseAndMask
                0x0000000008008414       0xe8 ./Drivers/STM32H7xx_HAL_Driver/Src/stm32h7xx_hal_dma.o
 .text.HAL_GPIO_Init
                0x00000000080084fc      0x350 ./Drivers/STM32H7xx_HAL_Driver/Src/stm32h7xx_hal_gpio.o
                0x00000000080084fc                HAL_GPIO_Init
 .text.HAL_GPIO_WritePin
                0x000000000800884c       0x32 ./Drivers/STM32H7xx_HAL_Driver/Src/stm32h7xx_hal_gpio.o
                0x000000000800884c                HAL_GPIO_WritePin
 *fill*         0x000000000800887e        0x2 
 .text.HAL_PWREx_ConfigSupply
                0x0000000008008880       0x74 ./Drivers/STM32H7xx_HAL_Driver/Src/stm32h7xx_hal_pwr_ex.o
                0x0000000008008880                HAL_PWREx_ConfigSupply
 .text.HAL_RCC_OscConfig
                0x00000000080088f4      0x75c ./Drivers/STM32H7xx_HAL_Driver/Src/stm32h7xx_hal_rcc.o
                0x00000000080088f4                HAL_RCC_OscConfig
 .text.HAL_RCC_ClockConfig
                0x0000000008009050      0x36c ./Drivers/STM32H7xx_HAL_Driver/Src/stm32h7xx_hal_rcc.o
                0x0000000008009050                HAL_RCC_ClockConfig
 .text.HAL_RCC_GetSysClockFreq
                0x00000000080093bc      0x2f4 ./Drivers/STM32H7xx_HAL_Driver/Src/stm32h7xx_hal_rcc.o
                0x00000000080093bc                HAL_RCC_GetSysClockFreq
 .text.HAL_RCC_GetHCLKFreq
                0x00000000080096b0       0x60 ./Drivers/STM32H7xx_HAL_Driver/Src/stm32h7xx_hal_rcc.o
                0x00000000080096b0                HAL_RCC_GetHCLKFreq
 .text.HAL_RCC_GetPCLK1Freq
                0x0000000008009710       0x2c ./Drivers/STM32H7xx_HAL_Driver/Src/stm32h7xx_hal_rcc.o
                0x0000000008009710                HAL_RCC_GetPCLK1Freq
 .text.HAL_RCC_GetPCLK2Freq
                0x000000000800973c       0x2c ./Drivers/STM32H7xx_HAL_Driver/Src/stm32h7xx_hal_rcc.o
                0x000000000800973c                HAL_RCC_GetPCLK2Freq
 .text.HAL_RCCEx_PeriphCLKConfig
                0x0000000008009768      0xdf4 ./Drivers/STM32H7xx_HAL_Driver/Src/stm32h7xx_hal_rcc_ex.o
                0x0000000008009768                HAL_RCCEx_PeriphCLKConfig
 .text.HAL_RCCEx_GetD3PCLK1Freq
                0x000000000800a55c       0x2c ./Drivers/STM32H7xx_HAL_Driver/Src/stm32h7xx_hal_rcc_ex.o
                0x000000000800a55c                HAL_RCCEx_GetD3PCLK1Freq
 .text.HAL_RCCEx_GetPLL2ClockFreq
                0x000000000800a588      0x2a8 ./Drivers/STM32H7xx_HAL_Driver/Src/stm32h7xx_hal_rcc_ex.o
                0x000000000800a588                HAL_RCCEx_GetPLL2ClockFreq
 .text.HAL_RCCEx_GetPLL3ClockFreq
                0x000000000800a830      0x2a8 ./Drivers/STM32H7xx_HAL_Driver/Src/stm32h7xx_hal_rcc_ex.o
                0x000000000800a830                HAL_RCCEx_GetPLL3ClockFreq
 .text.RCCEx_PLL2_Config
                0x000000000800aad8      0x164 ./Drivers/STM32H7xx_HAL_Driver/Src/stm32h7xx_hal_rcc_ex.o
 .text.RCCEx_PLL3_Config
                0x000000000800ac3c      0x164 ./Drivers/STM32H7xx_HAL_Driver/Src/stm32h7xx_hal_rcc_ex.o
 .text.HAL_TIM_Base_Init
                0x000000000800ada0       0xae ./Drivers/STM32H7xx_HAL_Driver/Src/stm32h7xx_hal_tim.o
                0x000000000800ada0                HAL_TIM_Base_Init
 *fill*         0x000000000800ae4e        0x2 
 .text.HAL_TIM_Base_Start_IT
                0x000000000800ae50      0x10c ./Drivers/STM32H7xx_HAL_Driver/Src/stm32h7xx_hal_tim.o
                0x000000000800ae50                HAL_TIM_Base_Start_IT
 .text.HAL_TIM_PWM_Init
                0x000000000800af5c       0xae ./Drivers/STM32H7xx_HAL_Driver/Src/stm32h7xx_hal_tim.o
                0x000000000800af5c                HAL_TIM_PWM_Init
 *fill*         0x000000000800b00a        0x2 
 .text.HAL_TIM_PWM_Start
                0x000000000800b00c      0x238 ./Drivers/STM32H7xx_HAL_Driver/Src/stm32h7xx_hal_tim.o
                0x000000000800b00c                HAL_TIM_PWM_Start
 .text.HAL_TIM_PWM_Stop
                0x000000000800b244      0x12c ./Drivers/STM32H7xx_HAL_Driver/Src/stm32h7xx_hal_tim.o
                0x000000000800b244                HAL_TIM_PWM_Stop
 .text.HAL_TIM_Encoder_Init
                0x000000000800b370      0x14c ./Drivers/STM32H7xx_HAL_Driver/Src/stm32h7xx_hal_tim.o
                0x000000000800b370                HAL_TIM_Encoder_Init
 .text.HAL_TIM_Encoder_Start
                0x000000000800b4bc      0x11c ./Drivers/STM32H7xx_HAL_Driver/Src/stm32h7xx_hal_tim.o
                0x000000000800b4bc                HAL_TIM_Encoder_Start
 .text.HAL_TIM_IRQHandler
                0x000000000800b5d8      0x23e ./Drivers/STM32H7xx_HAL_Driver/Src/stm32h7xx_hal_tim.o
                0x000000000800b5d8                HAL_TIM_IRQHandler
 *fill*         0x000000000800b816        0x2 
 .text.HAL_TIM_PWM_ConfigChannel
                0x000000000800b818      0x228 ./Drivers/STM32H7xx_HAL_Driver/Src/stm32h7xx_hal_tim.o
                0x000000000800b818                HAL_TIM_PWM_ConfigChannel
 .text.HAL_TIM_OC_DelayElapsedCallback
                0x000000000800ba40       0x14 ./Drivers/STM32H7xx_HAL_Driver/Src/stm32h7xx_hal_tim.o
                0x000000000800ba40                HAL_TIM_OC_DelayElapsedCallback
 .text.HAL_TIM_IC_CaptureCallback
                0x000000000800ba54       0x14 ./Drivers/STM32H7xx_HAL_Driver/Src/stm32h7xx_hal_tim.o
                0x000000000800ba54                HAL_TIM_IC_CaptureCallback
 .text.HAL_TIM_PWM_PulseFinishedCallback
                0x000000000800ba68       0x14 ./Drivers/STM32H7xx_HAL_Driver/Src/stm32h7xx_hal_tim.o
                0x000000000800ba68                HAL_TIM_PWM_PulseFinishedCallback
 .text.HAL_TIM_TriggerCallback
                0x000000000800ba7c       0x14 ./Drivers/STM32H7xx_HAL_Driver/Src/stm32h7xx_hal_tim.o
                0x000000000800ba7c                HAL_TIM_TriggerCallback
 .text.TIM_Base_SetConfig
                0x000000000800ba90      0x14c ./Drivers/STM32H7xx_HAL_Driver/Src/stm32h7xx_hal_tim.o
                0x000000000800ba90                TIM_Base_SetConfig
 .text.TIM_OC1_SetConfig
                0x000000000800bbdc      0x120 ./Drivers/STM32H7xx_HAL_Driver/Src/stm32h7xx_hal_tim.o
 .text.TIM_OC2_SetConfig
                0x000000000800bcfc      0x114 ./Drivers/STM32H7xx_HAL_Driver/Src/stm32h7xx_hal_tim.o
                0x000000000800bcfc                TIM_OC2_SetConfig
 .text.TIM_OC3_SetConfig
                0x000000000800be10      0x110 ./Drivers/STM32H7xx_HAL_Driver/Src/stm32h7xx_hal_tim.o
 .text.TIM_OC4_SetConfig
                0x000000000800bf20       0xd4 ./Drivers/STM32H7xx_HAL_Driver/Src/stm32h7xx_hal_tim.o
 .text.TIM_OC5_SetConfig
                0x000000000800bff4       0xc8 ./Drivers/STM32H7xx_HAL_Driver/Src/stm32h7xx_hal_tim.o
 .text.TIM_OC6_SetConfig
                0x000000000800c0bc       0xcc ./Drivers/STM32H7xx_HAL_Driver/Src/stm32h7xx_hal_tim.o
 .text.TIM_CCxChannelCmd
                0x000000000800c188       0x4a ./Drivers/STM32H7xx_HAL_Driver/Src/stm32h7xx_hal_tim.o
                0x000000000800c188                TIM_CCxChannelCmd
 *fill*         0x000000000800c1d2        0x2 
 .text.HAL_TIMEx_MasterConfigSynchronization
                0x000000000800c1d4      0x138 ./Drivers/STM32H7xx_HAL_Driver/Src/stm32h7xx_hal_tim_ex.o
                0x000000000800c1d4                HAL_TIMEx_MasterConfigSynchronization
 .text.HAL_TIMEx_ConfigBreakDeadTime
                0x000000000800c30c      0x140 ./Drivers/STM32H7xx_HAL_Driver/Src/stm32h7xx_hal_tim_ex.o
                0x000000000800c30c                HAL_TIMEx_ConfigBreakDeadTime
 .text.HAL_TIMEx_CommutCallback
                0x000000000800c44c       0x14 ./Drivers/STM32H7xx_HAL_Driver/Src/stm32h7xx_hal_tim_ex.o
                0x000000000800c44c                HAL_TIMEx_CommutCallback
 .text.HAL_TIMEx_BreakCallback
                0x000000000800c460       0x14 ./Drivers/STM32H7xx_HAL_Driver/Src/stm32h7xx_hal_tim_ex.o
                0x000000000800c460                HAL_TIMEx_BreakCallback
 .text.HAL_TIMEx_Break2Callback
                0x000000000800c474       0x14 ./Drivers/STM32H7xx_HAL_Driver/Src/stm32h7xx_hal_tim_ex.o
                0x000000000800c474                HAL_TIMEx_Break2Callback
 .text.HAL_UART_Init
                0x000000000800c488       0xa0 ./Drivers/STM32H7xx_HAL_Driver/Src/stm32h7xx_hal_uart.o
                0x000000000800c488                HAL_UART_Init
 .text.HAL_UART_Transmit_DMA
                0x000000000800c528      0x124 ./Drivers/STM32H7xx_HAL_Driver/Src/stm32h7xx_hal_uart.o
                0x000000000800c528                HAL_UART_Transmit_DMA
 .text.HAL_UART_Receive_DMA
                0x000000000800c64c       0xac ./Drivers/STM32H7xx_HAL_Driver/Src/stm32h7xx_hal_uart.o
                0x000000000800c64c                HAL_UART_Receive_DMA
 .text.HAL_UART_IRQHandler
                0x000000000800c6f8      0x73c ./Drivers/STM32H7xx_HAL_Driver/Src/stm32h7xx_hal_uart.o
                0x000000000800c6f8                HAL_UART_IRQHandler
 .text.HAL_UART_TxHalfCpltCallback
                0x000000000800ce34       0x14 ./Drivers/STM32H7xx_HAL_Driver/Src/stm32h7xx_hal_uart.o
                0x000000000800ce34                HAL_UART_TxHalfCpltCallback
 .text.HAL_UART_RxHalfCpltCallback
                0x000000000800ce48       0x14 ./Drivers/STM32H7xx_HAL_Driver/Src/stm32h7xx_hal_uart.o
                0x000000000800ce48                HAL_UART_RxHalfCpltCallback
 .text.HAL_UART_ErrorCallback
                0x000000000800ce5c       0x14 ./Drivers/STM32H7xx_HAL_Driver/Src/stm32h7xx_hal_uart.o
                0x000000000800ce5c                HAL_UART_ErrorCallback
 .text.HAL_UARTEx_RxEventCallback
                0x000000000800ce70       0x18 ./Drivers/STM32H7xx_HAL_Driver/Src/stm32h7xx_hal_uart.o
                0x000000000800ce70                HAL_UARTEx_RxEventCallback
 .text.UART_SetConfig
                0x000000000800ce88      0xcd8 ./Drivers/STM32H7xx_HAL_Driver/Src/stm32h7xx_hal_uart.o
                0x000000000800ce88                UART_SetConfig
 .text.UART_AdvFeatureConfig
                0x000000000800db60      0x144 ./Drivers/STM32H7xx_HAL_Driver/Src/stm32h7xx_hal_uart.o
                0x000000000800db60                UART_AdvFeatureConfig
 .text.UART_CheckIdleState
                0x000000000800dca4       0x96 ./Drivers/STM32H7xx_HAL_Driver/Src/stm32h7xx_hal_uart.o
                0x000000000800dca4                UART_CheckIdleState
 .text.UART_WaitOnFlagUntilTimeout
                0x000000000800dd3a      0x190 ./Drivers/STM32H7xx_HAL_Driver/Src/stm32h7xx_hal_uart.o
                0x000000000800dd3a                UART_WaitOnFlagUntilTimeout
 *fill*         0x000000000800deca        0x2 
 .text.UART_Start_Receive_DMA
                0x000000000800decc      0x150 ./Drivers/STM32H7xx_HAL_Driver/Src/stm32h7xx_hal_uart.o
                0x000000000800decc                UART_Start_Receive_DMA
 .text.UART_EndTxTransfer
                0x000000000800e01c       0x82 ./Drivers/STM32H7xx_HAL_Driver/Src/stm32h7xx_hal_uart.o
 *fill*         0x000000000800e09e        0x2 
 .text.UART_EndRxTransfer
                0x000000000800e0a0       0xcc ./Drivers/STM32H7xx_HAL_Driver/Src/stm32h7xx_hal_uart.o
 .text.UART_DMATransmitCplt
                0x000000000800e16c       0x96 ./Drivers/STM32H7xx_HAL_Driver/Src/stm32h7xx_hal_uart.o
 .text.UART_DMATxHalfCplt
                0x000000000800e202       0x1c ./Drivers/STM32H7xx_HAL_Driver/Src/stm32h7xx_hal_uart.o
 .text.UART_DMAReceiveCplt
                0x000000000800e21e      0x122 ./Drivers/STM32H7xx_HAL_Driver/Src/stm32h7xx_hal_uart.o
 .text.UART_DMARxHalfCplt
                0x000000000800e340       0x38 ./Drivers/STM32H7xx_HAL_Driver/Src/stm32h7xx_hal_uart.o
 .text.UART_DMAError
                0x000000000800e378       0x80 ./Drivers/STM32H7xx_HAL_Driver/Src/stm32h7xx_hal_uart.o
 .text.UART_DMAAbortOnError
                0x000000000800e3f8       0x2c ./Drivers/STM32H7xx_HAL_Driver/Src/stm32h7xx_hal_uart.o
 .text.UART_EndTransmit_IT
                0x000000000800e424       0x56 ./Drivers/STM32H7xx_HAL_Driver/Src/stm32h7xx_hal_uart.o
 .text.HAL_UARTEx_WakeupCallback
                0x000000000800e47a       0x14 ./Drivers/STM32H7xx_HAL_Driver/Src/stm32h7xx_hal_uart_ex.o
                0x000000000800e47a                HAL_UARTEx_WakeupCallback
 .text.HAL_UARTEx_RxFifoFullCallback
                0x000000000800e48e       0x14 ./Drivers/STM32H7xx_HAL_Driver/Src/stm32h7xx_hal_uart_ex.o
                0x000000000800e48e                HAL_UARTEx_RxFifoFullCallback
 .text.HAL_UARTEx_TxFifoEmptyCallback
                0x000000000800e4a2       0x14 ./Drivers/STM32H7xx_HAL_Driver/Src/stm32h7xx_hal_uart_ex.o
                0x000000000800e4a2                HAL_UARTEx_TxFifoEmptyCallback
 .text.HAL_UARTEx_DisableFifoMode
                0x000000000800e4b6       0x72 ./Drivers/STM32H7xx_HAL_Driver/Src/stm32h7xx_hal_uart_ex.o
                0x000000000800e4b6                HAL_UARTEx_DisableFifoMode
 .text.HAL_UARTEx_SetTxFifoThreshold
                0x000000000800e528       0x7c ./Drivers/STM32H7xx_HAL_Driver/Src/stm32h7xx_hal_uart_ex.o
                0x000000000800e528                HAL_UARTEx_SetTxFifoThreshold
 .text.HAL_UARTEx_SetRxFifoThreshold
                0x000000000800e5a4       0x7c ./Drivers/STM32H7xx_HAL_Driver/Src/stm32h7xx_hal_uart_ex.o
                0x000000000800e5a4                HAL_UARTEx_SetRxFifoThreshold
 .text.UARTEx_SetNbDataToProcess
                0x000000000800e620       0x9c ./Drivers/STM32H7xx_HAL_Driver/Src/stm32h7xx_hal_uart_ex.o
 .text.__cxa_pure_virtual
                0x000000000800e6bc        0x6 c:/st/stm32cubeide_1.10.1/stm32cubeide/plugins/com.st.stm32cube.ide.mcu.externaltools.gnu-tools-for-stm32.10.3-2021.10.win32_1.0.0.202111181127/tools/bin/../lib/gcc/arm-none-eabi/10.3.1/../../../../arm-none-eabi/lib/thumb/v7e-m+dp/hard\libstdc++_nano.a(pure.o)
                0x000000000800e6bc                __cxa_pure_virtual
 .text._ZN10__cxxabiv111__terminateEPFvvE
                0x000000000800e6c2        0x8 c:/st/stm32cubeide_1.10.1/stm32cubeide/plugins/com.st.stm32cube.ide.mcu.externaltools.gnu-tools-for-stm32.10.3-2021.10.win32_1.0.0.202111181127/tools/bin/../lib/gcc/arm-none-eabi/10.3.1/../../../../arm-none-eabi/lib/thumb/v7e-m+dp/hard\libstdc++_nano.a(eh_terminate.o)
                0x000000000800e6c2                __cxxabiv1::__terminate(void (*)())
 *fill*         0x000000000800e6ca        0x2 
 .text._ZSt13get_terminatev
                0x000000000800e6cc       0x10 c:/st/stm32cubeide_1.10.1/stm32cubeide/plugins/com.st.stm32cube.ide.mcu.externaltools.gnu-tools-for-stm32.10.3-2021.10.win32_1.0.0.202111181127/tools/bin/../lib/gcc/arm-none-eabi/10.3.1/../../../../arm-none-eabi/lib/thumb/v7e-m+dp/hard\libstdc++_nano.a(eh_terminate.o)
                0x000000000800e6cc                std::get_terminate()
 .text._ZSt9terminatev
                0x000000000800e6dc        0xa c:/st/stm32cubeide_1.10.1/stm32cubeide/plugins/com.st.stm32cube.ide.mcu.externaltools.gnu-tools-for-stm32.10.3-2021.10.win32_1.0.0.202111181127/tools/bin/../lib/gcc/arm-none-eabi/10.3.1/../../../../arm-none-eabi/lib/thumb/v7e-m+dp/hard\libstdc++_nano.a(eh_terminate.o)
                0x000000000800e6dc                std::terminate()
 .text.abort    0x000000000800e6e6        0xe c:/st/stm32cubeide_1.10.1/stm32cubeide/plugins/com.st.stm32cube.ide.mcu.externaltools.gnu-tools-for-stm32.10.3-2021.10.win32_1.0.0.202111181127/tools/bin/../lib/gcc/arm-none-eabi/10.3.1/../../../../arm-none-eabi/lib/thumb/v7e-m+dp/hard\libc_nano.a(lib_a-abort.o)
                0x000000000800e6e6                abort
 .text.__errno  0x000000000800e6f4        0xc c:/st/stm32cubeide_1.10.1/stm32cubeide/plugins/com.st.stm32cube.ide.mcu.externaltools.gnu-tools-for-stm32.10.3-2021.10.win32_1.0.0.202111181127/tools/bin/../lib/gcc/arm-none-eabi/10.3.1/../../../../arm-none-eabi/lib/thumb/v7e-m+dp/hard\libc_nano.a(lib_a-errno.o)
                0x000000000800e6f4                __errno
 .text.__libc_init_array
                0x000000000800e700       0x48 c:/st/stm32cubeide_1.10.1/stm32cubeide/plugins/com.st.stm32cube.ide.mcu.externaltools.gnu-tools-for-stm32.10.3-2021.10.win32_1.0.0.202111181127/tools/bin/../lib/gcc/arm-none-eabi/10.3.1/../../../../arm-none-eabi/lib/thumb/v7e-m+dp/hard\libc_nano.a(lib_a-init.o)
                0x000000000800e700                __libc_init_array
 .text.memcpy   0x000000000800e748       0x1c c:/st/stm32cubeide_1.10.1/stm32cubeide/plugins/com.st.stm32cube.ide.mcu.externaltools.gnu-tools-for-stm32.10.3-2021.10.win32_1.0.0.202111181127/tools/bin/../lib/gcc/arm-none-eabi/10.3.1/../../../../arm-none-eabi/lib/thumb/v7e-m+dp/hard\libc_nano.a(lib_a-memcpy-stub.o)
                0x000000000800e748                memcpy
 .text.memset   0x000000000800e764       0x10 c:/st/stm32cubeide_1.10.1/stm32cubeide/plugins/com.st.stm32cube.ide.mcu.externaltools.gnu-tools-for-stm32.10.3-2021.10.win32_1.0.0.202111181127/tools/bin/../lib/gcc/arm-none-eabi/10.3.1/../../../../arm-none-eabi/lib/thumb/v7e-m+dp/hard\libc_nano.a(lib_a-memset.o)
                0x000000000800e764                memset
 .text.realloc  0x000000000800e774       0x10 c:/st/stm32cubeide_1.10.1/stm32cubeide/plugins/com.st.stm32cube.ide.mcu.externaltools.gnu-tools-for-stm32.10.3-2021.10.win32_1.0.0.202111181127/tools/bin/../lib/gcc/arm-none-eabi/10.3.1/../../../../arm-none-eabi/lib/thumb/v7e-m+dp/hard\libc_nano.a(lib_a-realloc.o)
                0x000000000800e774                realloc
 .text._raise_r
                0x000000000800e784       0x50 c:/st/stm32cubeide_1.10.1/stm32cubeide/plugins/com.st.stm32cube.ide.mcu.externaltools.gnu-tools-for-stm32.10.3-2021.10.win32_1.0.0.202111181127/tools/bin/../lib/gcc/arm-none-eabi/10.3.1/../../../../arm-none-eabi/lib/thumb/v7e-m+dp/hard\libc_nano.a(lib_a-signal.o)
                0x000000000800e784                _raise_r
 .text.raise    0x000000000800e7d4       0x10 c:/st/stm32cubeide_1.10.1/stm32cubeide/plugins/com.st.stm32cube.ide.mcu.externaltools.gnu-tools-for-stm32.10.3-2021.10.win32_1.0.0.202111181127/tools/bin/../lib/gcc/arm-none-eabi/10.3.1/../../../../arm-none-eabi/lib/thumb/v7e-m+dp/hard\libc_nano.a(lib_a-signal.o)
                0x000000000800e7d4                raise
 .text._kill_r  0x000000000800e7e4       0x24 c:/st/stm32cubeide_1.10.1/stm32cubeide/plugins/com.st.stm32cube.ide.mcu.externaltools.gnu-tools-for-stm32.10.3-2021.10.win32_1.0.0.202111181127/tools/bin/../lib/gcc/arm-none-eabi/10.3.1/../../../../arm-none-eabi/lib/thumb/v7e-m+dp/hard\libc_nano.a(lib_a-signalr.o)
                0x000000000800e7e4                _kill_r
 .text._getpid_r
                0x000000000800e808        0x4 c:/st/stm32cubeide_1.10.1/stm32cubeide/plugins/com.st.stm32cube.ide.mcu.externaltools.gnu-tools-for-stm32.10.3-2021.10.win32_1.0.0.202111181127/tools/bin/../lib/gcc/arm-none-eabi/10.3.1/../../../../arm-none-eabi/lib/thumb/v7e-m+dp/hard\libc_nano.a(lib_a-signalr.o)
                0x000000000800e808                _getpid_r
 .text.sbrk_aligned
                0x000000000800e80c       0x40 c:/st/stm32cubeide_1.10.1/stm32cubeide/plugins/com.st.stm32cube.ide.mcu.externaltools.gnu-tools-for-stm32.10.3-2021.10.win32_1.0.0.202111181127/tools/bin/../lib/gcc/arm-none-eabi/10.3.1/../../../../arm-none-eabi/lib/thumb/v7e-m+dp/hard\libc_nano.a(lib_a-nano-mallocr.o)
 .text._malloc_r
                0x000000000800e84c       0xe8 c:/st/stm32cubeide_1.10.1/stm32cubeide/plugins/com.st.stm32cube.ide.mcu.externaltools.gnu-tools-for-stm32.10.3-2021.10.win32_1.0.0.202111181127/tools/bin/../lib/gcc/arm-none-eabi/10.3.1/../../../../arm-none-eabi/lib/thumb/v7e-m+dp/hard\libc_nano.a(lib_a-nano-mallocr.o)
                0x000000000800e84c                _malloc_r
 .text._realloc_r
                0x000000000800e934       0x5e c:/st/stm32cubeide_1.10.1/stm32cubeide/plugins/com.st.stm32cube.ide.mcu.externaltools.gnu-tools-for-stm32.10.3-2021.10.win32_1.0.0.202111181127/tools/bin/../lib/gcc/arm-none-eabi/10.3.1/../../../../arm-none-eabi/lib/thumb/v7e-m+dp/hard\libc_nano.a(lib_a-nano-reallocr.o)
                0x000000000800e934                _realloc_r
 *fill*         0x000000000800e992        0x2 
 .text._sbrk_r  0x000000000800e994       0x20 c:/st/stm32cubeide_1.10.1/stm32cubeide/plugins/com.st.stm32cube.ide.mcu.externaltools.gnu-tools-for-stm32.10.3-2021.10.win32_1.0.0.202111181127/tools/bin/../lib/gcc/arm-none-eabi/10.3.1/../../../../arm-none-eabi/lib/thumb/v7e-m+dp/hard\libc_nano.a(lib_a-sbrkr.o)
                0x000000000800e994                _sbrk_r
 .text.__malloc_lock
                0x000000000800e9b4        0xc c:/st/stm32cubeide_1.10.1/stm32cubeide/plugins/com.st.stm32cube.ide.mcu.externaltools.gnu-tools-for-stm32.10.3-2021.10.win32_1.0.0.202111181127/tools/bin/../lib/gcc/arm-none-eabi/10.3.1/../../../../arm-none-eabi/lib/thumb/v7e-m+dp/hard\libc_nano.a(lib_a-mlock.o)
                0x000000000800e9b4                __malloc_lock
 .text.__malloc_unlock
                0x000000000800e9c0        0xc c:/st/stm32cubeide_1.10.1/stm32cubeide/plugins/com.st.stm32cube.ide.mcu.externaltools.gnu-tools-for-stm32.10.3-2021.10.win32_1.0.0.202111181127/tools/bin/../lib/gcc/arm-none-eabi/10.3.1/../../../../arm-none-eabi/lib/thumb/v7e-m+dp/hard\libc_nano.a(lib_a-mlock.o)
                0x000000000800e9c0                __malloc_unlock
 .text._free_r  0x000000000800e9cc       0x98 c:/st/stm32cubeide_1.10.1/stm32cubeide/plugins/com.st.stm32cube.ide.mcu.externaltools.gnu-tools-for-stm32.10.3-2021.10.win32_1.0.0.202111181127/tools/bin/../lib/gcc/arm-none-eabi/10.3.1/../../../../arm-none-eabi/lib/thumb/v7e-m+dp/hard\libc_nano.a(lib_a-nano-freer.o)
                0x000000000800e9cc                _free_r
 .text._malloc_usable_size_r
                0x000000000800ea64       0x10 c:/st/stm32cubeide_1.10.1/stm32cubeide/plugins/com.st.stm32cube.ide.mcu.externaltools.gnu-tools-for-stm32.10.3-2021.10.win32_1.0.0.202111181127/tools/bin/../lib/gcc/arm-none-eabi/10.3.1/../../../../arm-none-eabi/lib/thumb/v7e-m+dp/hard\libc_nano.a(lib_a-nano-msizer.o)
                0x000000000800ea64                _malloc_usable_size_r
 .text.__retarget_lock_acquire_recursive
                0x000000000800ea74        0x2 c:/st/stm32cubeide_1.10.1/stm32cubeide/plugins/com.st.stm32cube.ide.mcu.externaltools.gnu-tools-for-stm32.10.3-2021.10.win32_1.0.0.202111181127/tools/bin/../lib/gcc/arm-none-eabi/10.3.1/../../../../arm-none-eabi/lib/thumb/v7e-m+dp/hard\libc_nano.a(lib_a-lock.o)
                0x000000000800ea74                __retarget_lock_acquire_recursive
 .text.__retarget_lock_release_recursive
                0x000000000800ea76        0x2 c:/st/stm32cubeide_1.10.1/stm32cubeide/plugins/com.st.stm32cube.ide.mcu.externaltools.gnu-tools-for-stm32.10.3-2021.10.win32_1.0.0.202111181127/tools/bin/../lib/gcc/arm-none-eabi/10.3.1/../../../../arm-none-eabi/lib/thumb/v7e-m+dp/hard\libc_nano.a(lib_a-lock.o)
                0x000000000800ea76                __retarget_lock_release_recursive
 *(.glue_7)
 .glue_7        0x000000000800ea78        0x0 linker stubs
 *(.glue_7t)
 .glue_7t       0x000000000800ea78        0x0 linker stubs
 *(.eh_frame)
 .eh_frame      0x000000000800ea78        0x0 c:/st/stm32cubeide_1.10.1/stm32cubeide/plugins/com.st.stm32cube.ide.mcu.externaltools.gnu-tools-for-stm32.10.3-2021.10.win32_1.0.0.202111181127/tools/bin/../lib/gcc/arm-none-eabi/10.3.1/thumb/v7e-m+dp/hard/crtbegin.o
 *(.init)
 .init          0x000000000800ea78        0x4 c:/st/stm32cubeide_1.10.1/stm32cubeide/plugins/com.st.stm32cube.ide.mcu.externaltools.gnu-tools-for-stm32.10.3-2021.10.win32_1.0.0.202111181127/tools/bin/../lib/gcc/arm-none-eabi/10.3.1/thumb/v7e-m+dp/hard/crti.o
                0x000000000800ea78                _init
 .init          0x000000000800ea7c        0x8 c:/st/stm32cubeide_1.10.1/stm32cubeide/plugins/com.st.stm32cube.ide.mcu.externaltools.gnu-tools-for-stm32.10.3-2021.10.win32_1.0.0.202111181127/tools/bin/../lib/gcc/arm-none-eabi/10.3.1/thumb/v7e-m+dp/hard/crtn.o
 *(.fini)
 .fini          0x000000000800ea84        0x4 c:/st/stm32cubeide_1.10.1/stm32cubeide/plugins/com.st.stm32cube.ide.mcu.externaltools.gnu-tools-for-stm32.10.3-2021.10.win32_1.0.0.202111181127/tools/bin/../lib/gcc/arm-none-eabi/10.3.1/thumb/v7e-m+dp/hard/crti.o
                0x000000000800ea84                _fini
 .fini          0x000000000800ea88        0x8 c:/st/stm32cubeide_1.10.1/stm32cubeide/plugins/com.st.stm32cube.ide.mcu.externaltools.gnu-tools-for-stm32.10.3-2021.10.win32_1.0.0.202111181127/tools/bin/../lib/gcc/arm-none-eabi/10.3.1/thumb/v7e-m+dp/hard/crtn.o
                0x000000000800ea90                . = ALIGN (0x4)
                0x000000000800ea90                _etext = .

.vfp11_veneer   0x000000000800ea90        0x0
 .vfp11_veneer  0x000000000800ea90        0x0 linker stubs

.v4_bx          0x000000000800ea90        0x0
 .v4_bx         0x000000000800ea90        0x0 linker stubs

.iplt           0x000000000800ea90        0x0
 .iplt          0x000000000800ea90        0x0 c:/st/stm32cubeide_1.10.1/stm32cubeide/plugins/com.st.stm32cube.ide.mcu.externaltools.gnu-tools-for-stm32.10.3-2021.10.win32_1.0.0.202111181127/tools/bin/../lib/gcc/arm-none-eabi/10.3.1/thumb/v7e-m+dp/hard/crtbegin.o

.rodata         0x000000000800ea90      0x3d4
                0x000000000800ea90                . = ALIGN (0x4)
 *(.rodata)
 .rodata        0x000000000800ea90      0x217 ./Core/Src/ROS_mainpp.o
 *(.rodata*)
 *fill*         0x000000000800eca7        0x1 
 .rodata._ZN14rosserial_msgsL12REQUESTPARAME
                0x000000000800eca8       0x1c ./Core/Src/ROS_mainpp.o
 .rodata._ZTVN3ros10SubscriberIN8std_msgs6StringEvEE
                0x000000000800ecc4       0x18 ./Core/Src/ROS_mainpp.o
                0x000000000800ecc4                vtable for ros::Subscriber<std_msgs::String, void>
 .rodata._ZTVN3ros10SubscriberIN8std_msgs4BoolEvEE
                0x000000000800ecdc       0x18 ./Core/Src/ROS_mainpp.o
                0x000000000800ecdc                vtable for ros::Subscriber<std_msgs::Bool, void>
 .rodata._ZTVN3ros10SubscriberIN13geometry_msgs5TwistEvEE
                0x000000000800ecf4       0x18 ./Core/Src/ROS_mainpp.o
                0x000000000800ecf4                vtable for ros::Subscriber<geometry_msgs::Twist, void>
 .rodata._ZTVN3ros11NodeHandle_I13STM32HardwareLi25ELi25ELi512ELi512EEE
                0x000000000800ed0c       0x14 ./Core/Src/ROS_mainpp.o
                0x000000000800ed0c                vtable for ros::NodeHandle_<STM32Hardware, 25, 25, 512, 512>
 .rodata._ZTVN3ros11Subscriber_E
                0x000000000800ed20       0x18 ./Core/Src/ROS_mainpp.o
                0x000000000800ed20                vtable for ros::Subscriber_
 .rodata._ZTVN3ros15NodeHandleBase_E
                0x000000000800ed38       0x14 ./Core/Src/ROS_mainpp.o
                0x000000000800ed38                vtable for ros::NodeHandleBase_
 .rodata._ZTVN14rosserial_msgs20RequestParamResponseE
                0x000000000800ed4c       0x18 ./Core/Src/ROS_mainpp.o
                0x000000000800ed4c                vtable for rosserial_msgs::RequestParamResponse
 .rodata._ZTVN14rosserial_msgs3LogE
                0x000000000800ed64       0x18 ./Core/Src/ROS_mainpp.o
                0x000000000800ed64                vtable for rosserial_msgs::Log
 .rodata._ZTVN14rosserial_msgs9TopicInfoE
                0x000000000800ed7c       0x18 ./Core/Src/ROS_mainpp.o
                0x000000000800ed7c                vtable for rosserial_msgs::TopicInfo
 .rodata._ZTVN8std_msgs4TimeE
                0x000000000800ed94       0x18 ./Core/Src/ROS_mainpp.o
                0x000000000800ed94                vtable for std_msgs::Time
 .rodata._ZTVN8std_msgs4BoolE
                0x000000000800edac       0x18 ./Core/Src/ROS_mainpp.o
                0x000000000800edac                vtable for std_msgs::Bool
 .rodata._ZTVN8std_msgs6StringE
                0x000000000800edc4       0x18 ./Core/Src/ROS_mainpp.o
                0x000000000800edc4                vtable for std_msgs::String
 .rodata._ZTVN13geometry_msgs5TwistE
                0x000000000800eddc       0x18 ./Core/Src/ROS_mainpp.o
                0x000000000800eddc                vtable for geometry_msgs::Twist
 .rodata._ZTVN13geometry_msgs7Vector3E
                0x000000000800edf4       0x18 ./Core/Src/ROS_mainpp.o
                0x000000000800edf4                vtable for geometry_msgs::Vector3
 .rodata._ZTVN3ros3MsgE
                0x000000000800ee0c       0x18 ./Core/Src/ROS_mainpp.o
                0x000000000800ee0c                vtable for ros::Msg
 .rodata.D1CorePrescTable
                0x000000000800ee24       0x10 ./Core/Src/system_stm32h7xx.o
                0x000000000800ee24                D1CorePrescTable
 .rodata.flagBitshiftOffset.0
                0x000000000800ee34        0x8 ./Drivers/STM32H7xx_HAL_Driver/Src/stm32h7xx_hal_dma.o
 .rodata.UARTPrescTable
                0x000000000800ee3c       0x18 ./Drivers/STM32H7xx_HAL_Driver/Src/stm32h7xx_hal_uart.o
                0x000000000800ee3c                UARTPrescTable
 .rodata.numerator.1
                0x000000000800ee54        0x8 ./Drivers/STM32H7xx_HAL_Driver/Src/stm32h7xx_hal_uart_ex.o
 .rodata.denominator.0
                0x000000000800ee5c        0x8 ./Drivers/STM32H7xx_HAL_Driver/Src/stm32h7xx_hal_uart_ex.o
                0x000000000800ee64                . = ALIGN (0x4)

.ARM.extab
 *(.ARM.extab* .gnu.linkonce.armextab.*)

.ARM            0x000000000800ee64        0x8
                0x000000000800ee64                __exidx_start = .
 *(.ARM.exidx*)
 .ARM.exidx     0x000000000800ee64        0x8 c:/st/stm32cubeide_1.10.1/stm32cubeide/plugins/com.st.stm32cube.ide.mcu.externaltools.gnu-tools-for-stm32.10.3-2021.10.win32_1.0.0.202111181127/tools/bin/../lib/gcc/arm-none-eabi/10.3.1/thumb/v7e-m+dp/hard\libgcc.a(_udivmoddi4.o)
                0x000000000800ee6c                __exidx_end = .

.rel.dyn        0x000000000800ee6c        0x0
 .rel.iplt      0x000000000800ee6c        0x0 c:/st/stm32cubeide_1.10.1/stm32cubeide/plugins/com.st.stm32cube.ide.mcu.externaltools.gnu-tools-for-stm32.10.3-2021.10.win32_1.0.0.202111181127/tools/bin/../lib/gcc/arm-none-eabi/10.3.1/thumb/v7e-m+dp/hard/crtbegin.o

.preinit_array  0x000000000800ee6c        0x0
                0x000000000800ee6c                PROVIDE (__preinit_array_start = .)
 *(.preinit_array*)
                0x000000000800ee6c                PROVIDE (__preinit_array_end = .)

.init_array     0x000000000800ee6c       0x10
                0x000000000800ee6c                PROVIDE (__init_array_start = .)
 *(SORT_BY_NAME(.init_array.*))
 *(.init_array*)
 .init_array    0x000000000800ee6c        0x4 c:/st/stm32cubeide_1.10.1/stm32cubeide/plugins/com.st.stm32cube.ide.mcu.externaltools.gnu-tools-for-stm32.10.3-2021.10.win32_1.0.0.202111181127/tools/bin/../lib/gcc/arm-none-eabi/10.3.1/thumb/v7e-m+dp/hard/crtbegin.o
 .init_array    0x000000000800ee70        0x4 ./Core/Src/DC_Motor.o
 .init_array    0x000000000800ee74        0x4 ./Core/Src/Omni.o
 .init_array    0x000000000800ee78        0x4 ./Core/Src/ROS_mainpp.o
                0x000000000800ee7c                PROVIDE (__init_array_end = .)

.fini_array     0x000000000800ee7c        0x4
                [!provide]                        PROVIDE (__fini_array_start = .)
 *(SORT_BY_NAME(.fini_array.*))
 *(.fini_array*)
 .fini_array    0x000000000800ee7c        0x4 c:/st/stm32cubeide_1.10.1/stm32cubeide/plugins/com.st.stm32cube.ide.mcu.externaltools.gnu-tools-for-stm32.10.3-2021.10.win32_1.0.0.202111181127/tools/bin/../lib/gcc/arm-none-eabi/10.3.1/thumb/v7e-m+dp/hard/crtbegin.o
                [!provide]                        PROVIDE (__fini_array_end = .)
                0x000000000800ee80                _sidata = LOADADDR (.data)

.data           0x0000000024000000       0x88 load address 0x000000000800ee80
                0x0000000024000000                . = ALIGN (0x4)
                0x0000000024000000                _sdata = .
 *(.data)
 *(.data*)
 .data._ZN8DC_Motor11WheelRadiusE
                0x0000000024000000        0x8 ./Core/Src/DC_Motor.o
                0x0000000024000000                DC_Motor::WheelRadius
 .data.CAR_RADIUS
                0x0000000024000008        0x8 ./Core/Src/Omni.o
                0x0000000024000008                CAR_RADIUS
 .data.SystemCoreClock
                0x0000000024000010        0x4 ./Core/Src/system_stm32h7xx.o
                0x0000000024000010                SystemCoreClock
 .data.SystemD2Clock
                0x0000000024000014        0x4 ./Core/Src/system_stm32h7xx.o
                0x0000000024000014                SystemD2Clock
 .data.uwTickPrio
                0x0000000024000018        0x4 ./Drivers/STM32H7xx_HAL_Driver/Src/stm32h7xx_hal.o
                0x0000000024000018                uwTickPrio
 .data.uwTickFreq
                0x000000002400001c        0x1 ./Drivers/STM32H7xx_HAL_Driver/Src/stm32h7xx_hal.o
                0x000000002400001c                uwTickFreq
 *fill*         0x000000002400001d        0x3 
 .data._ZN10__cxxabiv119__terminate_handlerE
                0x0000000024000020        0x4 c:/st/stm32cubeide_1.10.1/stm32cubeide/plugins/com.st.stm32cube.ide.mcu.externaltools.gnu-tools-for-stm32.10.3-2021.10.win32_1.0.0.202111181127/tools/bin/../lib/gcc/arm-none-eabi/10.3.1/../../../../arm-none-eabi/lib/thumb/v7e-m+dp/hard\libstdc++_nano.a(eh_term_handler.o)
                0x0000000024000020                __cxxabiv1::__terminate_handler
 .data._impure_ptr
                0x0000000024000024        0x4 c:/st/stm32cubeide_1.10.1/stm32cubeide/plugins/com.st.stm32cube.ide.mcu.externaltools.gnu-tools-for-stm32.10.3-2021.10.win32_1.0.0.202111181127/tools/bin/../lib/gcc/arm-none-eabi/10.3.1/../../../../arm-none-eabi/lib/thumb/v7e-m+dp/hard\libc_nano.a(lib_a-impure.o)
                0x0000000024000024                _impure_ptr
 .data.impure_data
                0x0000000024000028       0x60 c:/st/stm32cubeide_1.10.1/stm32cubeide/plugins/com.st.stm32cube.ide.mcu.externaltools.gnu-tools-for-stm32.10.3-2021.10.win32_1.0.0.202111181127/tools/bin/../lib/gcc/arm-none-eabi/10.3.1/../../../../arm-none-eabi/lib/thumb/v7e-m+dp/hard\libc_nano.a(lib_a-impure.o)
 *(.RamFunc)
 *(.RamFunc*)
                0x0000000024000088                . = ALIGN (0x4)
                0x0000000024000088                _edata = .

.igot.plt       0x0000000024000088        0x0 load address 0x000000000800ef08
 .igot.plt      0x0000000024000088        0x0 c:/st/stm32cubeide_1.10.1/stm32cubeide/plugins/com.st.stm32cube.ide.mcu.externaltools.gnu-tools-for-stm32.10.3-2021.10.win32_1.0.0.202111181127/tools/bin/../lib/gcc/arm-none-eabi/10.3.1/thumb/v7e-m+dp/hard/crtbegin.o
                0x0000000024000088                . = ALIGN (0x4)

.bss            0x0000000024000088     0x10e4 load address 0x000000000800ef08
                0x0000000024000088                _sbss = .
                0x0000000024000088                __bss_start__ = _sbss
 *(.bss)
 .bss           0x0000000024000088       0x1c c:/st/stm32cubeide_1.10.1/stm32cubeide/plugins/com.st.stm32cube.ide.mcu.externaltools.gnu-tools-for-stm32.10.3-2021.10.win32_1.0.0.202111181127/tools/bin/../lib/gcc/arm-none-eabi/10.3.1/thumb/v7e-m+dp/hard/crtbegin.o
 *(.bss*)
 *fill*         0x00000000240000a4        0x4 
 .bss._ZN8DC_Motor5ROUNDE
                0x00000000240000a8        0x8 ./Core/Src/DC_Motor.o
                0x00000000240000a8                DC_Motor::ROUND
 .bss._ZN8DC_Motor15CONST_FOR_MOTORE
                0x00000000240000b0       0x20 ./Core/Src/DC_Motor.o
                0x00000000240000b0                DC_Motor::CONST_FOR_MOTOR
 .bss.omni      0x00000000240000d0      0x1f0 ./Core/Src/Omni.o
                0x00000000240000d0                omni
 .bss._ZZN13STM32Hardware5flushEvE5mutex
                0x00000000240002c0        0x1 ./Core/Src/ROS_mainpp.o
                0x00000000240002c0                STM32Hardware::flush()::mutex
 *fill*         0x00000000240002c1        0x3 
 .bss.nh        0x00000000240002c4      0x93c ./Core/Src/ROS_mainpp.o
                0x00000000240002c4                nh
 .bss.CarVnow   0x0000000024000c00       0x48 ./Core/Src/ROS_mainpp.o
                0x0000000024000c00                CarVnow
 .bss._ZL10NowCarInfo
                0x0000000024000c48       0x18 ./Core/Src/ROS_mainpp.o
 .bss._ZL9NowCarLoc
                0x0000000024000c60       0x18 ./Core/Src/ROS_mainpp.o
 .bss.CarVelSub
                0x0000000024000c78       0x60 ./Core/Src/ROS_mainpp.o
                0x0000000024000c78                CarVelSub