../Core/Src/DC_Motor.h:40:2:DC_Motor::Motor::Motor()	16	static
../Core/Src/Omni.h:15:3:constexpr CAR_INFO::CAR_INFO()	16	static
../Core/Src/Omni.cpp:20:1:Omni::Omni()	24	static
../Core/Src/Omni.cpp:23:6:void Omni::Init()	16	static
../Core/Src/Omni.cpp:34:6:void Omni::UpdateCarLocation()	56	static
../Core/Src/Omni.cpp:44:6:void Omni::UpdateNowCarInfo()	24	static
../Core/Src/Omni.cpp:56:6:void Omni::SetGoalCarInfo(double, double, double)	40	static
../Core/Src/Omni.cpp:64:6:void Omni::Update_PID()	24	static
../Core/Src/Omni.cpp:70:6:void Omni::UpdateMotorVnow()	24	static
../Core/Src/Omni.cpp:77:6:void Omni::Move()	16	static
../Core/Src/Omni.cpp:91:6:void Omni::SetMotorVgoal()	16	static
../Core/Src/Omni.cpp:99:10:CAR_INFO Omni::GetNowCarInfo()	72	static
../Core/Src/Omni.cpp:103:10:CAR_INFO Omni::GetNowCarLocation()	72	static
../Core/Src/Omni.cpp:107:6:void Omni::SetCarRadius(double)	24	static
../Core/Src/Omni.cpp:109:1:void __static_initialization_and_destruction_0(int, int)	16	static
../Core/Src/Omni.cpp:109:1:cpp)	8	static
