Archive member included to satisfy reference by file (symbol)

/home/tu/st/stm32cubeide_1.10.1/plugins/com.st.stm32cube.ide.mcu.externaltools.gnu-tools-for-stm32.10.3-2021.10.linux64_1.0.0.202111181127/tools/bin/../lib/gcc/arm-none-eabi/10.3.1/../../../../arm-none-eabi/lib/thumb/v7e-m+dp/hard/libstdc++_nano.a(pure.o)
                              ./Core/Src/ROS_mainpp.o (__cxa_pure_virtual)
/home/tu/st/stm32cubeide_1.10.1/plugins/com.st.stm32cube.ide.mcu.externaltools.gnu-tools-for-stm32.10.3-2021.10.linux64_1.0.0.202111181127/tools/bin/../lib/gcc/arm-none-eabi/10.3.1/../../../../arm-none-eabi/lib/thumb/v7e-m+dp/hard/libstdc++_nano.a(eh_terminate.o)
                              /home/tu/st/stm32cubeide_1.10.1/plugins/com.st.stm32cube.ide.mcu.externaltools.gnu-tools-for-stm32.10.3-2021.10.linux64_1.0.0.202111181127/tools/bin/../lib/gcc/arm-none-eabi/10.3.1/../../../../arm-none-eabi/lib/thumb/v7e-m+dp/hard/libstdc++_nano.a(pure.o) (std::terminate())
/home/tu/st/stm32cubeide_1.10.1/plugins/com.st.stm32cube.ide.mcu.externaltools.gnu-tools-for-stm32.10.3-2021.10.linux64_1.0.0.202111181127/tools/bin/../lib/gcc/arm-none-eabi/10.3.1/../../../../arm-none-eabi/lib/thumb/v7e-m+dp/hard/libstdc++_nano.a(eh_unex_handler.o)
                              /home/tu/st/stm32cubeide_1.10.1/plugins/com.st.stm32cube.ide.mcu.externaltools.gnu-tools-for-stm32.10.3-2021.10.linux64_1.0.0.202111181127/tools/bin/../lib/gcc/arm-none-eabi/10.3.1/../../../../arm-none-eabi/lib/thumb/v7e-m+dp/hard/libstdc++_nano.a(eh_terminate.o) (__cxxabiv1::__unexpected_handler)
/home/tu/st/stm32cubeide_1.10.1/plugins/com.st.stm32cube.ide.mcu.externaltools.gnu-tools-for-stm32.10.3-2021.10.linux64_1.0.0.202111181127/tools/bin/../lib/gcc/arm-none-eabi/10.3.1/../../../../arm-none-eabi/lib/thumb/v7e-m+dp/hard/libstdc++_nano.a(eh_term_handler.o)
                              /home/tu/st/stm32cubeide_1.10.1/plugins/com.st.stm32cube.ide.mcu.externaltools.gnu-tools-for-stm32.10.3-2021.10.linux64_1.0.0.202111181127/tools/bin/../lib/gcc/arm-none-eabi/10.3.1/../../../../arm-none-eabi/lib/thumb/v7e-m+dp/hard/libstdc++_nano.a(eh_terminate.o) (__cxxabiv1::__terminate_handler)
/home/tu/st/stm32cubeide_1.10.1/plugins/com.st.stm32cube.ide.mcu.externaltools.gnu-tools-for-stm32.10.3-2021.10.linux64_1.0.0.202111181127/tools/bin/../lib/gcc/arm-none-eabi/10.3.1/../../../../arm-none-eabi/lib/thumb/v7e-m+dp/hard/libm.a(lib_a-w_sqrt.o)
                              ./Core/Src/Omni.o (sqrt)
/home/tu/st/stm32cubeide_1.10.1/plugins/com.st.stm32cube.ide.mcu.externaltools.gnu-tools-for-stm32.10.3-2021.10.linux64_1.0.0.202111181127/tools/bin/../lib/gcc/arm-none-eabi/10.3.1/../../../../arm-none-eabi/lib/thumb/v7e-m+dp/hard/libm.a(lib_a-e_sqrt.o)
                              /home/tu/st/stm32cubeide_1.10.1/plugins/com.st.stm32cube.ide.mcu.externaltools.gnu-tools-for-stm32.10.3-2021.10.linux64_1.0.0.202111181127/tools/bin/../lib/gcc/arm-none-eabi/10.3.1/../../../../arm-none-eabi/lib/thumb/v7e-m+dp/hard/libm.a(lib_a-w_sqrt.o) (__ieee754_sqrt)
/home/tu/st/stm32cubeide_1.10.1/plugins/com.st.stm32cube.ide.mcu.externaltools.gnu-tools-for-stm32.10.3-2021.10.linux64_1.0.0.202111181127/tools/bin/../lib/gcc/arm-none-eabi/10.3.1/../../../../arm-none-eabi/lib/thumb/v7e-m+dp/hard/libc_nano.a(lib_a-abort.o)
                              /home/tu/st/stm32cubeide_1.10.1/plugins/com.st.stm32cube.ide.mcu.externaltools.gnu-tools-for-stm32.10.3-2021.10.linux64_1.0.0.202111181127/tools/bin/../lib/gcc/arm-none-eabi/10.3.1/../../../../arm-none-eabi/lib/thumb/v7e-m+dp/hard/libstdc++_nano.a(eh_terminate.o) (abort)
/home/tu/st/stm32cubeide_1.10.1/plugins/com.st.stm32cube.ide.mcu.externaltools.gnu-tools-for-stm32.10.3-2021.10.linux64_1.0.0.202111181127/tools/bin/../lib/gcc/arm-none-eabi/10.3.1/../../../../arm-none-eabi/lib/thumb/v7e-m+dp/hard/libc_nano.a(lib_a-errno.o)
                              ./Core/Src/syscalls.o (__errno)
/home/tu/st/stm32cubeide_1.10.1/plugins/com.st.stm32cube.ide.mcu.externaltools.gnu-tools-for-stm32.10.3-2021.10.linux64_1.0.0.202111181127/tools/bin/../lib/gcc/arm-none-eabi/10.3.1/../../../../arm-none-eabi/lib/thumb/v7e-m+dp/hard/libc_nano.a(lib_a-exit.o)
                              /home/tu/st/stm32cubeide_1.10.1/plugins/com.st.stm32cube.ide.mcu.externaltools.gnu-tools-for-stm32.10.3-2021.10.linux64_1.0.0.202111181127/tools/bin/../lib/gcc/arm-none-eabi/10.3.1/../../../../arm-none-eabi/lib/thumb/v7e-m+dp/hard/crt0.o (exit)
/home/tu/st/stm32cubeide_1.10.1/plugins/com.st.stm32cube.ide.mcu.externaltools.gnu-tools-for-stm32.10.3-2021.10.linux64_1.0.0.202111181127/tools/bin/../lib/gcc/arm-none-eabi/10.3.1/../../../../arm-none-eabi/lib/thumb/v7e-m+dp/hard/libc_nano.a(lib_a-impure.o)
                              /home/tu/st/stm32cubeide_1.10.1/plugins/com.st.stm32cube.ide.mcu.externaltools.gnu-tools-for-stm32.10.3-2021.10.linux64_1.0.0.202111181127/tools/bin/../lib/gcc/arm-none-eabi/10.3.1/../../../../arm-none-eabi/lib/thumb/v7e-m+dp/hard/libc_nano.a(lib_a-exit.o) (_global_impure_ptr)
[...]
Memory Configuration

Name             Origin             Length             Attributes
ITCMRAM          0x0000000000000000 0x0000000000010000 xrw
DTCMRAM          0x0000000020000000 0x0000000000020000 xrw
FLASH            0x0000000008000000 0x0000000000100000 xr
RAM_D1           0x0000000024000000 0x0000000000050000 xrw
RAM_D2           0x0000000030000000 0x0000000000008000 xrw
RAM_D3           0x0000000038000000 0x0000000000004000 xrw
*default*        0x0000000000000000 0xffffffffffffffff

Linker script and memory map

LOAD /home/tu/st/stm32cubeide_1.10.1/plugins/com.st.stm32cube.ide.mcu.externaltools.gnu-tools-for-stm32.10.3-2021.10.linux64_1.0.0.202111181127/tools/bin/../lib/gcc/arm-none-eabi/10.3.1/thumb/v7e-m+dp/hard/crti.o
LOAD /home/tu/st/stm32cubeide_1.10.1/plugins/com.st.stm32cube.ide.mcu.externaltools.gnu-tools-for-stm32.10.3-2021.10.linux64_1.0.0.202111181127/tools/bin/../lib/gcc/arm-none-eabi/10.3.1/thumb/v7e-m+dp/hard/crtbegin.o
LOAD /home/tu/st/stm32cubeide_1.10.1/plugins/com.st.stm32cube.ide.mcu.externaltools.gnu-tools-for-stm32.10.3-2021.10.linux64_1.0.0.202111181127/tools/bin/../lib/gcc/arm-none-eabi/10.3.1/../../../../arm-none-eabi/lib/thumb/v7e-m+dp/hard/crt0.o
LOAD ./Core/Inc/duration.o
LOAD ./Core/Inc/time.o
LOAD ./Core/Src/DC_Motor.o
LOAD ./Core/Src/Dead_Wheel.o
LOAD ./Core/Src/DebugMode.o
LOAD ./Core/Src/Omni.o
LOAD ./Core/Src/ROS_mainpp.o
LOAD ./Core/Src/function.o
LOAD ./Core/Src/main.o
LOAD ./Core/Src/mainpp.o
LOAD ./Core/Src/stm32h7xx_hal_msp.o
LOAD ./Core/Src/stm32h7xx_it.o
LOAD ./Core/Src/syscalls.o
LOAD ./Core/Src/sysmem.o
LOAD ./Core/Src/system_stm32h7xx.o
LOAD ./Core/Startup/startup_stm32h723zgtx.o
LOAD ./Drivers/STM32H7xx_HAL_Driver/Src/stm32h7xx_hal.o
LOAD ./Drivers/STM32H7xx_HAL_Driver/Src/stm32h7xx_hal_cortex.o
LOAD ./Drivers/STM32H7xx_HAL_Driver/Src/stm32h7xx_hal_dma.o
LOAD ./Drivers/STM32H7xx_HAL_Driver/Src/stm32h7xx_hal_dma_ex.o
LOAD ./Drivers/STM32H7xx_HAL_Driver/Src/stm32h7xx_hal_exti.o
LOAD ./Drivers/STM32H7xx_HAL_Driver/Src/stm32h7xx_hal_flash.o
LOAD ./Drivers/STM32H7xx_HAL_Driver/Src/stm32h7xx_hal_flash_ex.o
LOAD ./Drivers/STM32H7xx_HAL_Driver/Src/stm32h7xx_hal_gpio.o
LOAD ./Drivers/STM32H7xx_HAL_Driver/Src/stm32h7xx_hal_hsem.o
LOAD ./Drivers/STM32H7xx_HAL_Driver/Src/stm32h7xx_hal_i2c.o
LOAD ./Drivers/STM32H7xx_HAL_Driver/Src/stm32h7xx_hal_i2c_ex.o
LOAD ./Drivers/STM32H7xx_HAL_Driver/Src/stm32h7xx_hal_mdma.o
LOAD ./Drivers/STM32H7xx_HAL_Driver/Src/stm32h7xx_hal_pwr.o
LOAD ./Drivers/STM32H7xx_HAL_Driver/Src/stm32h7xx_hal_pwr_ex.o
LOAD ./Drivers/STM32H7xx_HAL_Driver/Src/stm32h7xx_hal_rcc.o
LOAD ./Drivers/STM32H7xx_HAL_Driver/Src/stm32h7xx_hal_rcc_ex.o
LOAD ./Drivers/STM32H7xx_HAL_Driver/Src/stm32h7xx_hal_tim.o
LOAD ./Drivers/STM32H7xx_HAL_Driver/Src/stm32h7xx_hal_tim_ex.o
LOAD ./Drivers/STM32H7xx_HAL_Driver/Src/stm32h7xx_hal_uart.o
LOAD ./Drivers/STM32H7xx_HAL_Driver/Src/stm32h7xx_hal_uart_ex.o
START GROUP
LOAD /home/tu/st/stm32cubeide_1.10.1/plugins/com.st.stm32cube.ide.mcu.externaltools.gnu-tools-for-stm32.10.3-2021.10.linux64_1.0.0.202111181127/tools/bin/../lib/gcc/arm-none-eabi/10.3.1/../../../../arm-none-eabi/lib/thumb/v7e-m+dp/hard/libstdc++_nano.a
LOAD /home/tu/st/stm32cubeide_1.10.1/plugins/com.st.stm32cube.ide.mcu.externaltools.gnu-tools-for-stm32.10.3-2021.10.linux64_1.0.0.202111181127/tools/bin/../lib/gcc/arm-none-eabi/10.3.1/../../../../arm-none-eabi/lib/thumb/v7e-m+dp/hard/libsupc++_nano.a
END GROUP
LOAD /home/tu/st/stm32cubeide_1.10.1/plugins/com.st.stm32cube.ide.mcu.externaltools.gnu-tools-for-stm32.10.3-2021.10.linux64_1.0.0.202111181127/tools/bin/../lib/gcc/arm-none-eabi/10.3.1/../../../../arm-none-eabi/lib/thumb/v7e-m+dp/hard/libstdc++_nano.a
LOAD /home/tu/st/stm32cubeide_1.10.1/plugins/com.st.stm32cube.ide.mcu.externaltools.gnu-tools-for-stm32.10.3-2021.10.linux64_1.0.0.202111181127/tools/bin/../lib/gcc/arm-none-eabi/10.3.1/../../../../arm-none-eabi/lib/thumb/v7e-m+dp/hard/libm.a
LOAD /home/tu/st/stm32cubeide_1.10.1/plugins/com.st.stm32cube.ide.mcu.externaltools.gnu-tools-for-stm32.10.3-2021.10.linux64_1.0.0.202111181127/tools/bin/../lib/gcc/arm-none-eabi/10.3.1/../../../../arm-none-eabi/lib/thumb/v7e-m+dp/hard/libc_nano.a
START GROUP
LOAD /home/tu/st/stm32cubeide_1.10.1/plugins/com.st.stm32cube.ide.mcu.externaltools.gnu-tools-for-stm32.10.3-2021.10.linux64_1.0.0.202111181127/tools/bin/../lib/gcc/arm-none-eabi/10.3.1/thumb/v7e-m+dp/hard/libgcc.a
LOAD /home/tu/st/stm32cubeide_1.10.1/plugins/com.st.stm32cube.ide.mcu.externaltools.gnu-tools-for-stm32.10.3-2021.10.linux64_1.0.0.202111181127/tools/bin/../lib/gcc/arm-none-eabi/10.3.1/../../../../arm-none-eabi/lib/thumb/v7e-m+dp/hard/libc_nano.a
END GROUP
START GROUP
LOAD /home/tu/st/stm32cubeide_1.10.1/plugins/com.st.stm32cube.ide.mcu.externaltools.gnu-tools-for-stm32.10.3-2021.10.linux64_1.0.0.202111181127/tools/bin/../lib/gcc/arm-none-eabi/10.3.1/thumb/v7e-m+dp/hard/libgcc.a
LOAD /home/tu/st/stm32cubeide_1.10.1/plugins/com.st.stm32cube.ide.mcu.externaltools.gnu-tools-for-stm32.10.3-2021.10.linux64_1.0.0.202111181127/tools/bin/../lib/gcc/arm-none-eabi/10.3.1/../../../../arm-none-eabi/lib/thumb/v7e-m+dp/hard/libc_nano.a
LOAD /home/tu/st/stm32cubeide_1.10.1/plugins/com.st.stm32cube.ide.mcu.externaltools.gnu-tools-for-stm32.10.3-2021.10.linux64_1.0.0.202111181127/tools/bin/../lib/gcc/arm-none-eabi/10.3.1/../../../../arm-none-eabi/lib/thumb/v7e-m+dp/hard/libnosys.a
END GROUP
START GROUP
LOAD /home/tu/st/stm32cubeide_1.10.1/plugins/com.st.stm32cube.ide.mcu.externaltools.gnu-tools-for-stm32.10.3-2021.10.linux64_1.0.0.202111181127/tools/bin/../lib/gcc/arm-none-eabi/10.3.1/thumb/v7e-m+dp/hard/libgcc.a
LOAD /home/tu/st/stm32cubeide_1.10.1/plugins/com.st.stm32cube.ide.mcu.externaltools.gnu-tools-for-stm32.10.3-2021.10.linux64_1.0.0.202111181127/tools/bin/../lib/gcc/arm-none-eabi/10.3.1/../../../../arm-none-eabi/lib/thumb/v7e-m+dp/hard/libc_nano.a
LOAD /home/tu/st/stm32cubeide_1.10.1/plugins/com.st.stm32cube.ide.mcu.externaltools.gnu-tools-for-stm32.10.3-2021.10.linux64_1.0.0.202111181127/tools/bin/../lib/gcc/arm-none-eabi/10.3.1/../../../../arm-none-eabi/lib/thumb/v7e-m+dp/hard/libnosys.a
END GROUP
LOAD /home/tu/st/stm32cubeide_1.10.1/plugins/com.st.stm32cube.ide.mcu.externaltools.gnu-tools-for-stm32.10.3-2021.10.linux64_1.0.0.202111181127/tools/bin/../lib/gcc/arm-none-eabi/10.3.1/thumb/v7e-m+dp/hard/crtend.o
LOAD /home/tu/st/stm32cubeide_1.10.1/plugins/com.st.stm32cube.ide.mcu.externaltools.gnu-tools-for-stm32.10.3-2021.10.linux64_1.0.0.202111181127/tools/bin/../lib/gcc/arm-none-eabi/10.3.1/thumb/v7e-m+dp/hard/crtn.o
                0x0000000024050000                _estack = (ORIGIN (RAM_D1) + LENGTH (RAM_D1))
                0x0000000000000200                _Min_Heap_Size = 0x200
                0x0000000000000400                _Min_Stack_Size = 0x400

.isr_vector     0x0000000008000000      0x2cc
                0x0000000008000000                . = ALIGN (0x4)
 *(.isr_vector)
 .isr_vector    0x0000000008000000      0x2cc ./Core/Startup/startup_stm32h723zgtx.o
                0x0000000008000000                g_pfnVectors
                0x00000000080002cc                . = ALIGN (0x4)

.text           0x00000000080002d0     0xf0e8
                0x00000000080002d0                . = ALIGN (0x4)
 *(.text)
 .text          0x00000000080002d0       0x40 /home/tu/st/stm32cubeide_1.10.1/plugins/com.st.stm32cube.ide.mcu.externaltools.gnu-tools-for-stm32.10.3-2021.10.linux64_1.0.0.202111181127/tools/bin/../lib/gcc/arm-none-eabi/10.3.1/thumb/v7e-m+dp/hard/crtbegin.o
 .text          0x0000000008000310       0x10 /home/tu/st/stm32cubeide_1.10.1/plugins/com.st.stm32cube.ide.mcu.externaltools.gnu-tools-for-stm32.10.3-2021.10.linux64_1.0.0.202111181127/tools/bin/../lib/gcc/arm-none-eabi/10.3.1/../../../../arm-none-eabi/lib/thumb/v7e-m+dp/hard/libc_nano.a(lib_a-strlen.o)
                0x0000000008000310                strlen
 .text          0x0000000008000320       0x30 /home/tu/st/stm32cubeide_1.10.1/plugins/com.st.stm32cube.ide.mcu.externaltools.gnu-tools-for-stm32.10.3-2021.10.linux64_1.0.0.202111181127/tools/bin/../lib/gcc/arm-none-eabi/10.3.1/thumb/v7e-m+dp/hard/libgcc.a(_aeabi_uldivmod.o)
                0x0000000008000320                __aeabi_uldivmod
 .text          0x0000000008000350      0x2d0 /home/tu/st/stm32cubeide_1.10.1/plugins/com.st.stm32cube.ide.mcu.externaltools.gnu-tools-for-stm32.10.3-2021.10.linux64_1.0.0.202111181127/tools/bin/../lib/gcc/arm-none-eabi/10.3.1/thumb/v7e-m+dp/hard/libgcc.a(_udivmoddi4.o)
                0x0000000008000350                __udivmoddi4
 .text          0x0000000008000620        0x4 /home/tu/st/stm32cubeide_1.10.1/plugins/com.st.stm32cube.ide.mcu.externaltools.gnu-tools-for-stm32.10.3-2021.10.linux64_1.0.0.202111181127/tools/bin/../lib/gcc/arm-none-eabi/10.3.1/thumb/v7e-m+dp/hard/libgcc.a(_dvmd_tls.o)
                0x0000000008000620                __aeabi_ldiv0
                0x0000000008000620                __aeabi_idiv0
 *(.text*)
 .text._ZN3ros16normalizeSecNSecERmS0_
                0x0000000008000624       0x58 ./Core/Inc/time.o
                0x0000000008000624                ros::normalizeSecNSec(unsigned long&, unsigned long&)
 .text._ZN8DC_Motor4InitEv
                0x000000000800067c       0x6c ./Core/Src/DC_Motor.o
                0x000000000800067c                DC_Motor::Init()
 .text._ZN8DC_Motor5Motor4InitEsP17TIM_HandleTypeDefdd
                0x00000000080006e8       0x42 ./Core/Src/DC_Motor.o
                0x00000000080006e8                DC_Motor::Motor::Init(short, TIM_HandleTypeDef*, double, double)
 *fill*         0x000000000800072a        0x6 
 .text._ZN8DC_Motor5Motor8UpdatePIEv
                0x0000000008000730      0x108 ./Core/Src/DC_Motor.o
                0x0000000008000730                DC_Motor::Motor::UpdatePI()
 .text._ZN8DC_Motor5Motor10UpdateVnowEv
                0x0000000008000838       0x5c ./Core/Src/DC_Motor.o
                0x0000000008000838                DC_Motor::Motor::UpdateVnow()
 .text._ZN8DC_Motor5Motor8SetVgoalEd
                0x0000000008000894       0x22 ./Core/Src/DC_Motor.o
                0x0000000008000894                DC_Motor::Motor::SetVgoal(double)
 .text._ZN8DC_Motor5Motor10Record_CNTEv
                0x00000000080008b6       0x24 ./Core/Src/DC_Motor.o
                0x00000000080008b6                DC_Motor::Motor::Record_CNT()
 *fill*         0x00000000080008da        0x2 
 .text._ZN8DC_Motor5Motor7MoveDisEv
                0x00000000080008dc       0x4c ./Core/Src/DC_Motor.o
                0x00000000080008dc                DC_Motor::Motor::MoveDis()
 .text._ZN8DC_Motor5Motor7GetVnowEv
                0x0000000008000928       0x20 ./Core/Src/DC_Motor.o
                0x0000000008000928                DC_Motor::Motor::GetVnow()
 .text._Z41__static_initialization_and_destruction_0ii
                0x0000000008000948       0xb4 ./Core/Src/DC_Motor.o
 .text._GLOBAL__sub_I__ZN8DC_Motor11WheelRadiusE
                0x00000000080009fc       0x10 ./Core/Src/DC_Motor.o
 .text._ZN10Dead_Wheel4InitEv
                0x0000000008000a0c       0x38 ./Core/Src/Dead_Wheel.o
                0x0000000008000a0c                Dead_Wheel::Init()
 .text._ZN10Dead_Wheel7Encoder4InitEsP17TIM_HandleTypeDef
                0x0000000008000a44       0x26 ./Core/Src/Dead_Wheel.o
                0x0000000008000a44                Dead_Wheel::Encoder::Init(short, TIM_HandleTypeDef*)
 *fill*         0x0000000008000a6a        0x2 
 .text._ZN10Dead_Wheel7Encoder10UpdateVnowEv
                0x0000000008000a6c       0x5c ./Core/Src/Dead_Wheel.o
                0x0000000008000a6c                Dead_Wheel::Encoder::UpdateVnow()
 .text._ZN10Dead_Wheel7Encoder10Record_CNTEv
                0x0000000008000ac8       0x24 ./Core/Src/Dead_Wheel.o
                0x0000000008000ac8                Dead_Wheel::Encoder::Record_CNT()
 .text._ZN10Dead_Wheel7Encoder7MoveDisEv
                0x0000000008000aec       0x4c ./Core/Src/Dead_Wheel.o
                0x0000000008000aec                Dead_Wheel::Encoder::MoveDis()
 .text._ZN10Dead_Wheel7Encoder7GetVnowEv
                0x0000000008000b38       0x20 ./Core/Src/Dead_Wheel.o
                0x0000000008000b38                Dead_Wheel::Encoder::GetVnow()
 .text._Z41__static_initialization_and_destruction_0ii
                0x0000000008000b58       0xac ./Core/Src/Dead_Wheel.o
 .text._GLOBAL__sub_I__ZN10Dead_Wheel11WheelRadiusE
                0x0000000008000c04       0x10 ./Core/Src/Dead_Wheel.o
 .text._ZN8DC_Motor5MotorC2Ev
                0x0000000008000c14       0x8c ./Core/Src/Omni.o
                0x0000000008000c14                DC_Motor::Motor::Motor()
                0x0000000008000c14                DC_Motor::Motor::Motor()
 .text._ZN10Dead_Wheel7EncoderC2Ev
                0x0000000008000ca0       0x30 ./Core/Src/Omni.o
                0x0000000008000ca0                Dead_Wheel::Encoder::Encoder()
                0x0000000008000ca0                Dead_Wheel::Encoder::Encoder()
 .text._ZN13CAR_DIMENSIONC2Ev
                0x0000000008000cd0       0x58 ./Core/Src/Omni.o
                0x0000000008000cd0                CAR_DIMENSION::CAR_DIMENSION()
                0x0000000008000cd0                CAR_DIMENSION::CAR_DIMENSION()
 .text._ZN8CAR_INFOC2Ev
                0x0000000008000d28       0x40 ./Core/Src/Omni.o
                0x0000000008000d28                CAR_INFO::CAR_INFO()
                0x0000000008000d28                CAR_INFO::CAR_INFO()
 .text._ZN4OmniC2Ev
                0x0000000008000d68       0x88 ./Core/Src/Omni.o
                0x0000000008000d68                Omni::Omni()
                0x0000000008000d68                Omni::Omni()
 .text._ZN4Omni4InitEv
                0x0000000008000df0      0x10c ./Core/Src/Omni.o
                0x0000000008000df0                Omni::Init()
 .text._ZSt4sqrtIiEN9__gnu_cxx11__enable_ifIXsrSt12__is_integerIT_E7__valueEdE6__typeES3_
                0x0000000008000efc       0x28 ./Core/Src/Omni.o
                0x0000000008000efc                __gnu_cxx::__enable_if<std::__is_integer<int>::__value, double>::__type std::sqrt<int>(int)
 .text._ZN4Omni21UpdateNowCarInfo_DeadEv
                0x0000000008000f24      0x152 ./Core/Src/Omni.o
                0x0000000008000f24                Omni::UpdateNowCarInfo_Dead()
 *fill*         0x0000000008001076        0x2 
 .text._ZN4Omni22UpdateCarLocation_DeadEv
                0x0000000008001078      0x120 ./Core/Src/Omni.o
                0x0000000008001078                Omni::UpdateCarLocation_Dead()
 .text._ZN4Omni24UpdateNowCarInfo_DrivingEv
                0x0000000008001198       0xec ./Core/Src/Omni.o
                0x0000000008001198                Omni::UpdateNowCarInfo_Driving()
 *fill*         0x0000000008001284        0x4 
 .text._ZN4Omni25UpdateCarLocation_DrivingEv
                0x0000000008001288       0xf0 ./Core/Src/Omni.o
                0x0000000008001288                Omni::UpdateCarLocation_Driving()
 .text._ZN4Omni14SetGoalCarInfoEddd
                0x0000000008001378       0x40 ./Core/Src/Omni.o
                0x0000000008001378                Omni::SetGoalCarInfo(double, double, double)
 .text._ZN4Omni10Update_PIDEv
                0x00000000080013b8       0x36 ./Core/Src/Omni.o
                0x00000000080013b8                Omni::Update_PID()
 .text._ZN4Omni15UpdateMotorVnowEv
                0x00000000080013ee       0x36 ./Core/Src/Omni.o
                0x00000000080013ee                Omni::UpdateMotorVnow()
 .text._ZN4Omni17UpdateEncoderVnowEv
                0x0000000008001424       0x3a ./Core/Src/Omni.o
                0x0000000008001424                Omni::UpdateEncoderVnow()
 *fill*         0x000000000800145e        0x2 
 .text._ZN4Omni4MoveEv
                0x0000000008001460      0x148 ./Core/Src/Omni.o
                0x0000000008001460                Omni::Move()
 .text._ZN4Omni13SetMotorVgoalEv
                0x00000000080015a8       0xb8 ./Core/Src/Omni.o
                0x00000000080015a8                Omni::SetMotorVgoal()
 .text._ZN4Omni18GetNowCarInfo_DeadEv
                0x0000000008001660       0x4a ./Core/Src/Omni.o
                0x0000000008001660                Omni::GetNowCarInfo_Dead()
 .text._ZN4Omni22GetNowCarLocation_DeadEv
                0x00000000080016aa       0x4a ./Core/Src/Omni.o
                0x00000000080016aa                Omni::GetNowCarLocation_Dead()
 .text._ZN4Omni21GetNowCarInfo_DrivingEv
                0x00000000080016f4       0x4a ./Core/Src/Omni.o
                0x00000000080016f4                Omni::GetNowCarInfo_Driving()
 .text._ZN4Omni25GetNowCarLocation_DrivingEv
                0x000000000800173e       0x4a ./Core/Src/Omni.o
                0x000000000800173e                Omni::GetNowCarLocation_Driving()
 .text._ZN4Omni12SetCarRadiusE13CAR_DIMENSION
                0x0000000008001788       0x40 ./Core/Src/Omni.o
                0x0000000008001788                Omni::SetCarRadius(CAR_DIMENSION)
 .text._Z41__static_initialization_and_destruction_0ii
                0x00000000080017c8       0x2c ./Core/Src/Omni.o
 .text._GLOBAL__sub_I_omni
                0x00000000080017f4       0x10 ./Core/Src/Omni.o
 .text._ZN3ros3MsgC2Ev
                0x0000000008001804       0x20 ./Core/Src/ROS_mainpp.o
                0x0000000008001804                ros::Msg::Msg()
                0x0000000008001804                ros::Msg::Msg()
 .text._ZN13geometry_msgs7Vector3C2Ev
                0x0000000008001824       0x50 ./Core/Src/ROS_mainpp.o
                0x0000000008001824                geometry_msgs::Vector3::Vector3()
                0x0000000008001824                geometry_msgs::Vector3::Vector3()
 .text._ZNK13geometry_msgs7Vector39serializeEPh
                0x0000000008001874      0x2e6 ./Core/Src/ROS_mainpp.o
                0x0000000008001874                geometry_msgs::Vector3::serialize(unsigned char*) const
 .text._ZN13geometry_msgs7Vector311deserializeEPh
                0x0000000008001b5a      0x6be ./Core/Src/ROS_mainpp.o
                0x0000000008001b5a                geometry_msgs::Vector3::deserialize(unsigned char*)
 .text._ZN13geometry_msgs7Vector37getTypeEv
                0x0000000008002218       0x1c ./Core/Src/ROS_mainpp.o
                0x0000000008002218                geometry_msgs::Vector3::getType()
 .text._ZN13geometry_msgs7Vector36getMD5Ev
                0x0000000008002234       0x1c ./Core/Src/ROS_mainpp.o
                0x0000000008002234                geometry_msgs::Vector3::getMD5()
 .text._ZN13geometry_msgs5TwistC2Ev
                0x0000000008002250       0x38 ./Core/Src/ROS_mainpp.o
                0x0000000008002250                geometry_msgs::Twist::Twist()
                0x0000000008002250                geometry_msgs::Twist::Twist()
 .text._ZNK13geometry_msgs5Twist9serializeEPh
                0x0000000008002288       0x4c ./Core/Src/ROS_mainpp.o
                0x0000000008002288                geometry_msgs::Twist::serialize(unsigned char*) const
 .text._ZN13geometry_msgs5Twist11deserializeEPh
                0x00000000080022d4       0x4c ./Core/Src/ROS_mainpp.o
                0x00000000080022d4                geometry_msgs::Twist::deserialize(unsigned char*)
 .text._ZN13geometry_msgs5Twist7getTypeEv
                0x0000000008002320       0x1c ./Core/Src/ROS_mainpp.o
                0x0000000008002320                geometry_msgs::Twist::getType()
 .text._ZN13geometry_msgs5Twist6getMD5Ev
                0x000000000800233c       0x1c ./Core/Src/ROS_mainpp.o
                0x000000000800233c                geometry_msgs::Twist::getMD5()
 .text._ZN8std_msgs6StringC2Ev
                0x0000000008002358       0x30 ./Core/Src/ROS_mainpp.o
                0x0000000008002358                std_msgs::String::String()
                0x0000000008002358                std_msgs::String::String()
 .text._ZNK8std_msgs6String9serializeEPh
                0x0000000008002388       0x52 ./Core/Src/ROS_mainpp.o
                0x0000000008002388                std_msgs::String::serialize(unsigned char*) const
 .text._ZN8std_msgs6String11deserializeEPh
                0x00000000080023da       0x7e ./Core/Src/ROS_mainpp.o
                0x00000000080023da                std_msgs::String::deserialize(unsigned char*)
 .text._ZN8std_msgs6String7getTypeEv
                0x0000000008002458       0x1c ./Core/Src/ROS_mainpp.o
                0x0000000008002458                std_msgs::String::getType()
 .text._ZN8std_msgs6String6getMD5Ev
                0x0000000008002474       0x1c ./Core/Src/ROS_mainpp.o
                0x0000000008002474                std_msgs::String::getMD5()
 .text._ZN8std_msgs4BoolC2Ev
                0x0000000008002490       0x2c ./Core/Src/ROS_mainpp.o
                0x0000000008002490                std_msgs::Bool::Bool()
                0x0000000008002490                std_msgs::Bool::Bool()
 .text._ZNK8std_msgs4Bool9serializeEPh
                0x00000000080024bc       0x32 ./Core/Src/ROS_mainpp.o
                0x00000000080024bc                std_msgs::Bool::serialize(unsigned char*) const
 .text._ZN8std_msgs4Bool11deserializeEPh
                0x00000000080024ee       0x3c ./Core/Src/ROS_mainpp.o
                0x00000000080024ee                std_msgs::Bool::deserialize(unsigned char*)
 *fill*         0x000000000800252a        0x2 
 .text._ZN8std_msgs4Bool7getTypeEv
                0x000000000800252c       0x1c ./Core/Src/ROS_mainpp.o
                0x000000000800252c                std_msgs::Bool::getType()
 .text._ZN8std_msgs4Bool6getMD5Ev
                0x0000000008002548       0x1c ./Core/Src/ROS_mainpp.o
                0x0000000008002548                std_msgs::Bool::getMD5()
 .text._ZN3ros4TimeC2Ev
                0x0000000008002564       0x22 ./Core/Src/ROS_mainpp.o
                0x0000000008002564                ros::Time::Time()
                0x0000000008002564                ros::Time::Time()
 *fill*         0x0000000008002586        0x2 
 .text._ZN8std_msgs4TimeC2Ev
                0x0000000008002588       0x30 ./Core/Src/ROS_mainpp.o
                0x0000000008002588                std_msgs::Time::Time()
                0x0000000008002588                std_msgs::Time::Time()
 .text._ZNK8std_msgs4Time9serializeEPh
                0x00000000080025b8       0xb0 ./Core/Src/ROS_mainpp.o
                0x00000000080025b8                std_msgs::Time::serialize(unsigned char*) const
 .text._ZN8std_msgs4Time11deserializeEPh
                0x0000000008002668       0xc8 ./Core/Src/ROS_mainpp.o
                0x0000000008002668                std_msgs::Time::deserialize(unsigned char*)
 .text._ZN8std_msgs4Time7getTypeEv
                0x0000000008002730       0x1c ./Core/Src/ROS_mainpp.o
                0x0000000008002730                std_msgs::Time::getType()
 .text._ZN8std_msgs4Time6getMD5Ev
                0x000000000800274c       0x1c ./Core/Src/ROS_mainpp.o
                0x000000000800274c                std_msgs::Time::getMD5()
 .text._ZN14rosserial_msgs9TopicInfoC2Ev
                0x0000000008002768       0x48 ./Core/Src/ROS_mainpp.o
                0x0000000008002768                rosserial_msgs::TopicInfo::TopicInfo()
                0x0000000008002768                rosserial_msgs::TopicInfo::TopicInfo()
 .text._ZNK14rosserial_msgs9TopicInfo9serializeEPh
                0x00000000080027b0      0x136 ./Core/Src/ROS_mainpp.o
                0x00000000080027b0                rosserial_msgs::TopicInfo::serialize(unsigned char*) const
 .text._ZN14rosserial_msgs9TopicInfo11deserializeEPh
                0x00000000080028e6      0x1d0 ./Core/Src/ROS_mainpp.o
                0x00000000080028e6                rosserial_msgs::TopicInfo::deserialize(unsigned char*)
 *fill*         0x0000000008002ab6        0x2 
 .text._ZN14rosserial_msgs9TopicInfo7getTypeEv
                0x0000000008002ab8       0x1c ./Core/Src/ROS_mainpp.o
                0x0000000008002ab8                rosserial_msgs::TopicInfo::getType()
 .text._ZN14rosserial_msgs9TopicInfo6getMD5Ev
                0x0000000008002ad4       0x1c ./Core/Src/ROS_mainpp.o
                0x0000000008002ad4                rosserial_msgs::TopicInfo::getMD5()
 .text._ZN14rosserial_msgs3LogC2Ev
                0x0000000008002af0       0x34 ./Core/Src/ROS_mainpp.o
                0x0000000008002af0                rosserial_msgs::Log::Log()
                0x0000000008002af0                rosserial_msgs::Log::Log()
 .text._ZNK14rosserial_msgs3Log9serializeEPh
                0x0000000008002b24       0x64 ./Core/Src/ROS_mainpp.o
                0x0000000008002b24                rosserial_msgs::Log::serialize(unsigned char*) const
 .text._ZN14rosserial_msgs3Log11deserializeEPh
                0x0000000008002b88       0x90 ./Core/Src/ROS_mainpp.o
                0x0000000008002b88                rosserial_msgs::Log::deserialize(unsigned char*)
 .text._ZN14rosserial_msgs3Log7getTypeEv
                0x0000000008002c18       0x1c ./Core/Src/ROS_mainpp.o
                0x0000000008002c18                rosserial_msgs::Log::getType()
 .text._ZN14rosserial_msgs3Log6getMD5Ev
                0x0000000008002c34       0x1c ./Core/Src/ROS_mainpp.o
                0x0000000008002c34                rosserial_msgs::Log::getMD5()
 .text._ZN14rosserial_msgs20RequestParamResponseC2Ev
                0x0000000008002c50       0x48 ./Core/Src/ROS_mainpp.o
                0x0000000008002c50                rosserial_msgs::RequestParamResponse::RequestParamResponse()
                0x0000000008002c50                rosserial_msgs::RequestParamResponse::RequestParamResponse()
 .text._ZNK14rosserial_msgs20RequestParamResponse9serializeEPh
                0x0000000008002c98      0x222 ./Core/Src/ROS_mainpp.o
                0x0000000008002c98                rosserial_msgs::RequestParamResponse::serialize(unsigned char*) const
 .text._ZN14rosserial_msgs20RequestParamResponse11deserializeEPh
                0x0000000008002eba      0x2e2 ./Core/Src/ROS_mainpp.o
                0x0000000008002eba                rosserial_msgs::RequestParamResponse::deserialize(unsigned char*)
 .text._ZN14rosserial_msgs20RequestParamResponse7getTypeEv
                0x000000000800319c       0x1c ./Core/Src/ROS_mainpp.o
                0x000000000800319c                rosserial_msgs::RequestParamResponse::getType()
 .text._ZN14rosserial_msgs20RequestParamResponse6getMD5Ev
                0x00000000080031b8       0x1c ./Core/Src/ROS_mainpp.o
                0x00000000080031b8                rosserial_msgs::RequestParamResponse::getMD5()
 .text._ZN3ros9PublisherC2EPKcPNS_3MsgEi
                0x00000000080031d4       0x2e ./Core/Src/ROS_mainpp.o
                0x00000000080031d4                ros::Publisher::Publisher(char const*, ros::Msg*, int)
                0x00000000080031d4                ros::Publisher::Publisher(char const*, ros::Msg*, int)
 .text._ZN3ros9Publisher7publishEPKNS_3MsgE
                0x0000000008003202       0x28 ./Core/Src/ROS_mainpp.o
                0x0000000008003202                ros::Publisher::publish(ros::Msg const*)
 .text._ZN3ros9Publisher15getEndpointTypeEv
                0x000000000800322a       0x18 ./Core/Src/ROS_mainpp.o
                0x000000000800322a                ros::Publisher::getEndpointType()
 *fill*         0x0000000008003242        0x2 
 .text._ZN13STM32Hardware10getRdmaIndEv
                0x0000000008003244      0x15c ./Core/Src/ROS_mainpp.o
                0x0000000008003244                STM32Hardware::getRdmaInd()
 .text._ZN13STM32HardwareC2Ev
                0x00000000080033a0       0x38 ./Core/Src/ROS_mainpp.o
                0x00000000080033a0                STM32Hardware::STM32Hardware()
                0x00000000080033a0                STM32Hardware::STM32Hardware()
 .text._ZN13STM32Hardware4initEv
                0x00000000080033d8       0x16 ./Core/Src/ROS_mainpp.o
                0x00000000080033d8                STM32Hardware::init()
 .text._ZN13STM32Hardware10reset_rbufEv
                0x00000000080033ee       0x22 ./Core/Src/ROS_mainpp.o
                0x00000000080033ee                STM32Hardware::reset_rbuf()
 .text._ZN13STM32Hardware4readEv
                0x0000000008003410       0x5a ./Core/Src/ROS_mainpp.o
                0x0000000008003410                STM32Hardware::read()
 *fill*         0x000000000800346a        0x2 
 .text._ZN13STM32Hardware5flushEv
                0x000000000800346c       0xb8 ./Core/Src/ROS_mainpp.o
                0x000000000800346c                STM32Hardware::flush()
 .text._ZN13STM32Hardware5writeEPhi
                0x0000000008003524       0x8c ./Core/Src/ROS_mainpp.o
                0x0000000008003524                STM32Hardware::write(unsigned char*, int)
 .text._ZN13STM32Hardware4timeEv
                0x00000000080035b0       0x16 ./Core/Src/ROS_mainpp.o
                0x00000000080035b0                STM32Hardware::time()
 *fill*         0x00000000080035c6        0x2 
 .text._ZN3ROS10GoalVel_CBERKN13geometry_msgs5TwistE
                0x00000000080035c8       0x38 ./Core/Src/ROS_mainpp.o
                0x00000000080035c8                ROS::GoalVel_CB(geometry_msgs::Twist const&)
 .text._ZN3ROS8Start_CBERKN8std_msgs4BoolE
                0x0000000008003600       0x14 ./Core/Src/ROS_mainpp.o
                0x0000000008003600                ROS::Start_CB(std_msgs::Bool const&)
 .text._ZN3ROS9Finish_CBERKN8std_msgs6StringE
                0x0000000008003614       0x50 ./Core/Src/ROS_mainpp.o
                0x0000000008003614                ROS::Finish_CB(std_msgs::String const&)
 .text._ZN3ROS5setupEv
                0x0000000008003664       0x58 ./Core/Src/ROS_mainpp.o
                0x0000000008003664                ROS::setup()
 .text._ZN3ROS4loopEv
                0x00000000080036bc       0x14 ./Core/Src/ROS_mainpp.o
                0x00000000080036bc                ROS::loop()
 .text._ZN3ROS15PubCarVnow_DeadEv
                0x00000000080036d0       0xac ./Core/Src/ROS_mainpp.o
                0x00000000080036d0                ROS::PubCarVnow_Dead()
 .text._ZN3ROS18PubCarVnow_DrivingEv
                0x000000000800377c       0xac ./Core/Src/ROS_mainpp.o
                0x000000000800377c                ROS::PubCarVnow_Driving()
 .text.HAL_UART_TxCpltCallback
                0x0000000008003828       0x24 ./Core/Src/ROS_mainpp.o
                0x0000000008003828                HAL_UART_TxCpltCallback
 .text.HAL_UART_RxCpltCallback
                0x000000000800384c       0x24 ./Core/Src/ROS_mainpp.o
                0x000000000800384c                HAL_UART_RxCpltCallback
 .text._ZN3ros3Msg8varToArrIPhmEEvT_T0_
                0x0000000008003870       0x3c ./Core/Src/ROS_mainpp.o
                0x0000000008003870                void ros::Msg::varToArr<unsigned char*, unsigned long>(unsigned char*, unsigned long)
 .text._ZN3ros3Msg8arrToVarImPhEEvRT_T0_
                0x00000000080038ac       0x4a ./Core/Src/ROS_mainpp.o
                0x00000000080038ac                void ros::Msg::arrToVar<unsigned long, unsigned char*>(unsigned long&, unsigned char*)
 *fill*         0x00000000080038f6        0x2 
 .text._ZN3ros15NodeHandleBase_C2Ev
                0x00000000080038f8       0x20 ./Core/Src/ROS_mainpp.o
                0x00000000080038f8                ros::NodeHandleBase_::NodeHandleBase_()
                0x00000000080038f8                ros::NodeHandleBase_::NodeHandleBase_()
 .text._ZN3ros11NodeHandle_I13STM32HardwareLi25ELi25ELi512ELi512EEC2Ev
                0x0000000008003918      0x100 ./Core/Src/ROS_mainpp.o
                0x0000000008003918                ros::NodeHandle_<STM32Hardware, 25, 25, 512, 512>::NodeHandle_()
                0x0000000008003918                ros::NodeHandle_<STM32Hardware, 25, 25, 512, 512>::NodeHandle_()
 .text._ZN3ros11Subscriber_C2Ev
                0x0000000008003a18       0x20 ./Core/Src/ROS_mainpp.o
                0x0000000008003a18                ros::Subscriber_::Subscriber_()
                0x0000000008003a18                ros::Subscriber_::Subscriber_()
 .text._ZN3ros10SubscriberIN13geometry_msgs5TwistEvEC2EPKcPFvRKS2_Ei
                0x0000000008003a38       0x48 ./Core/Src/ROS_mainpp.o
                0x0000000008003a38                ros::Subscriber<geometry_msgs::Twist, void>::Subscriber(char const*, void (*)(geometry_msgs::Twist const&), int)
                0x0000000008003a38                ros::Subscriber<geometry_msgs::Twist, void>::Subscriber(char const*, void (*)(geometry_msgs::Twist const&), int)
 .text._ZN3ros10SubscriberIN8std_msgs4BoolEvEC2EPKcPFvRKS2_Ei
                0x0000000008003a80       0x48 ./Core/Src/ROS_mainpp.o
                0x0000000008003a80                ros::Subscriber<std_msgs::Bool, void>::Subscriber(char const*, void (*)(std_msgs::Bool const&), int)
                0x0000000008003a80                ros::Subscriber<std_msgs::Bool, void>::Subscriber(char const*, void (*)(std_msgs::Bool const&), int)
 .text._ZN3ros10SubscriberIN8std_msgs6StringEvEC2EPKcPFvRKS2_Ei
                0x0000000008003ac8       0x48 ./Core/Src/ROS_mainpp.o
                0x0000000008003ac8                ros::Subscriber<std_msgs::String, void>::Subscriber(char const*, void (*)(std_msgs::String const&), int)
                0x0000000008003ac8                ros::Subscriber<std_msgs::String, void>::Subscriber(char const*, void (*)(std_msgs::String const&), int)
 .text._ZN3ros11NodeHandle_I13STM32HardwareLi25ELi25ELi512ELi512EE8initNodeEv
                0x0000000008003b10       0x3a ./Core/Src/ROS_mainpp.o
                0x0000000008003b10                ros::NodeHandle_<STM32Hardware, 25, 25, 512, 512>::initNode()
 .text._ZN3ros11NodeHandle_I13STM32HardwareLi25ELi25ELi512ELi512EE9subscribeINS_10SubscriberIN13geometry_msgs5TwistEvEEEEbRT_
                0x0000000008003b4a       0x56 ./Core/Src/ROS_mainpp.o
                0x0000000008003b4a                bool ros::NodeHandle_<STM32Hardware, 25, 25, 512, 512>::subscribe<ros::Subscriber<geometry_msgs::Twist, void> >(ros::Subscriber<geometry_msgs::Twist, void>&)
 .text._ZN3ros11NodeHandle_I13STM32HardwareLi25ELi25ELi512ELi512EE9subscribeINS_10SubscriberIN8std_msgs4BoolEvEEEEbRT_
                0x0000000008003ba0       0x56 ./Core/Src/ROS_mainpp.o
                0x0000000008003ba0                bool ros::NodeHandle_<STM32Hardware, 25, 25, 512, 512>::subscribe<ros::Subscriber<std_msgs::Bool, void> >(ros::Subscriber<std_msgs::Bool, void>&)
 .text._ZN3ros11NodeHandle_I13STM32HardwareLi25ELi25ELi512ELi512EE9subscribeINS_10SubscriberIN8std_msgs6StringEvEEEEbRT_
                0x0000000008003bf6       0x56 ./Core/Src/ROS_mainpp.o
                0x0000000008003bf6                bool ros::NodeHandle_<STM32Hardware, 25, 25, 512, 512>::subscribe<ros::Subscriber<std_msgs::String, void> >(ros::Subscriber<std_msgs::String, void>&)
 .text._ZN3ros11NodeHandle_I13STM32HardwareLi25ELi25ELi512ELi512EE9advertiseERNS_9PublisherE
                0x0000000008003c4c       0x60 ./Core/Src/ROS_mainpp.o
                0x0000000008003c4c                ros::NodeHandle_<STM32Hardware, 25, 25, 512, 512>::advertise(ros::Publisher&)
 .text._ZN3ros11NodeHandle_I13STM32HardwareLi25ELi25ELi512ELi512EE8spinOnceEv
                0x0000000008003cac      0x3b2 ./Core/Src/ROS_mainpp.o
                0x0000000008003cac                ros::NodeHandle_<STM32Hardware, 25, 25, 512, 512>::spinOnce()
 .text._ZN3ros11NodeHandle_I13STM32HardwareLi25ELi25ELi512ELi512EE11getHardwareEv
                0x000000000800405e       0x18 ./Core/Src/ROS_mainpp.o
                0x000000000800405e                ros::NodeHandle_<STM32Hardware, 25, 25, 512, 512>::getHardware()
 .text._ZN3ros11NodeHandle_I13STM32HardwareLi25ELi25ELi512ELi512EE15requestSyncTimeEv
                0x0000000008004076       0x3c ./Core/Src/ROS_mainpp.o
                0x0000000008004076                ros::NodeHandle_<STM32Hardware, 25, 25, 512, 512>::requestSyncTime()
 .text._ZN3ros11NodeHandle_I13STM32HardwareLi25ELi25ELi512ELi512EE15negotiateTopicsEv
                0x00000000080040b2      0x1be ./Core/Src/ROS_mainpp.o
                0x00000000080040b2                ros::NodeHandle_<STM32Hardware, 25, 25, 512, 512>::negotiateTopics()
 .text._ZN3ros11NodeHandle_I13STM32HardwareLi25ELi25ELi512ELi512EE8syncTimeEPh
                0x0000000008004270       0x98 ./Core/Src/ROS_mainpp.o
                0x0000000008004270                ros::NodeHandle_<STM32Hardware, 25, 25, 512, 512>::syncTime(unsigned char*)
 .text._ZN3ros11NodeHandle_I13STM32HardwareLi25ELi25ELi512ELi512EE7publishEiPKNS_3MsgE
                0x0000000008004308      0x128 ./Core/Src/ROS_mainpp.o
                0x0000000008004308                ros::NodeHandle_<STM32Hardware, 25, 25, 512, 512>::publish(int, ros::Msg const*)
 .text._ZN3ros11NodeHandle_I13STM32HardwareLi25ELi25ELi512ELi512EE6setNowERNS_4TimeE
                0x0000000008004430       0x80 ./Core/Src/ROS_mainpp.o
                0x0000000008004430                ros::NodeHandle_<STM32Hardware, 25, 25, 512, 512>::setNow(ros::Time&)
 .text._ZN3ros11NodeHandle_I13STM32HardwareLi25ELi25ELi512ELi512EE8logerrorEPKc
                0x00000000080044b0       0x1c ./Core/Src/ROS_mainpp.o
                0x00000000080044b0                ros::NodeHandle_<STM32Hardware, 25, 25, 512, 512>::logerror(char const*)
 .text._ZN3ros11NodeHandle_I13STM32HardwareLi25ELi25ELi512ELi512EE3logEcPKc
                0x00000000080044cc       0x38 ./Core/Src/ROS_mainpp.o
                0x00000000080044cc                ros::NodeHandle_<STM32Hardware, 25, 25, 512, 512>::log(char, char const*)
 .text._Z41__static_initialization_and_destruction_0ii
                0x0000000008004504       0xb0 ./Core/Src/ROS_mainpp.o
 .text._ZN3ros10SubscriberIN8std_msgs6StringEvE8callbackEPh
                0x00000000080045b4       0x2a ./Core/Src/ROS_mainpp.o
                0x00000000080045b4                ros::Subscriber<std_msgs::String, void>::callback(unsigned char*)
 .text._ZN3ros10SubscriberIN8std_msgs6StringEvE15getEndpointTypeEv
                0x00000000080045de       0x18 ./Core/Src/ROS_mainpp.o
                0x00000000080045de                ros::Subscriber<std_msgs::String, void>::getEndpointType()
 .text._ZN3ros10SubscriberIN8std_msgs6StringEvE10getMsgTypeEv
                0x00000000080045f6       0x1c ./Core/Src/ROS_mainpp.o
                0x00000000080045f6                ros::Subscriber<std_msgs::String, void>::getMsgType()
 .text._ZN3ros10SubscriberIN8std_msgs6StringEvE9getMsgMD5Ev
                0x0000000008004612       0x1c ./Core/Src/ROS_mainpp.o
                0x0000000008004612                ros::Subscriber<std_msgs::String, void>::getMsgMD5()
 .text._ZN3ros10SubscriberIN8std_msgs4BoolEvE8callbackEPh
                0x000000000800462e       0x2a ./Core/Src/ROS_mainpp.o
                0x000000000800462e                ros::Subscriber<std_msgs::Bool, void>::callback(unsigned char*)
 .text._ZN3ros10SubscriberIN8std_msgs4BoolEvE15getEndpointTypeEv
                0x0000000008004658       0x18 ./Core/Src/ROS_mainpp.o
                0x0000000008004658                ros::Subscriber<std_msgs::Bool, void>::getEndpointType()
 .text._ZN3ros10SubscriberIN8std_msgs4BoolEvE10getMsgTypeEv
                0x0000000008004670       0x1c ./Core/Src/ROS_mainpp.o
                0x0000000008004670                ros::Subscriber<std_msgs::Bool, void>::getMsgType()
 .text._ZN3ros10SubscriberIN8std_msgs4BoolEvE9getMsgMD5Ev
                0x000000000800468c       0x1c ./Core/Src/ROS_mainpp.o
                0x000000000800468c                ros::Subscriber<std_msgs::Bool, void>::getMsgMD5()
 .text._ZN3ros10SubscriberIN13geometry_msgs5TwistEvE8callbackEPh
                0x00000000080046a8       0x2a ./Core/Src/ROS_mainpp.o
                0x00000000080046a8                ros::Subscriber<geometry_msgs::Twist, void>::callback(unsigned char*)
 .text._ZN3ros10SubscriberIN13geometry_msgs5TwistEvE15getEndpointTypeEv
                0x00000000080046d2       0x18 ./Core/Src/ROS_mainpp.o
                0x00000000080046d2                ros::Subscriber<geometry_msgs::Twist, void>::getEndpointType()
 .text._ZN3ros10SubscriberIN13geometry_msgs5TwistEvE10getMsgTypeEv
                0x00000000080046ea       0x1c ./Core/Src/ROS_mainpp.o
                0x00000000080046ea                ros::Subscriber<geometry_msgs::Twist, void>::getMsgType()
 .text._ZN3ros10SubscriberIN13geometry_msgs5TwistEvE9getMsgMD5Ev
                0x0000000008004706       0x1c ./Core/Src/ROS_mainpp.o
                0x0000000008004706                ros::Subscriber<geometry_msgs::Twist, void>::getMsgMD5()
 .text._ZN3ros11NodeHandle_I13STM32HardwareLi25ELi25ELi512ELi512EE9connectedEv
                0x0000000008004722       0x1a ./Core/Src/ROS_mainpp.o
                0x0000000008004722                ros::NodeHandle_<STM32Hardware, 25, 25, 512, 512>::connected()
 .text._GLOBAL__sub_I_nh
                0x000000000800473c       0x10 ./Core/Src/ROS_mainpp.o
 .text.HAL_TIM_PeriodElapsedCallback
                0x000000000800474c       0x90 ./Core/Src/function.o
                0x000000000800474c                HAL_TIM_PeriodElapsedCallback
 .text.main     0x00000000080047dc       0x4e ./Core/Src/main.o
                0x00000000080047dc                main
 *fill*         0x000000000800482a        0x2 
 .text.SystemClock_Config
                0x000000000800482c       0xe0 ./Core/Src/main.o
                0x000000000800482c                SystemClock_Config
 .text.MX_TIM1_Init
                0x000000000800490c       0xb4 ./Core/Src/main.o
 .text.MX_TIM2_Init
                0x00000000080049c0       0xa8 ./Core/Src/main.o
 .text.MX_TIM3_Init
                0x0000000008004a68       0xac ./Core/Src/main.o
 .text.MX_TIM4_Init
                0x0000000008004b14       0xac ./Core/Src/main.o
 .text.MX_TIM5_Init
                0x0000000008004bc0       0xac ./Core/Src/main.o
 .text.MX_TIM7_Init
                0x0000000008004c6c       0x6c ./Core/Src/main.o
 .text.MX_TIM8_Init
                0x0000000008004cd8       0xb4 ./Core/Src/main.o
 .text.MX_TIM12_Init
                0x0000000008004d8c       0xa0 ./Core/Src/main.o
 .text.MX_TIM13_Init
                0x0000000008004e2c       0x48 ./Core/Src/main.o
 .text.MX_TIM15_Init
                0x0000000008004e74      0x124 ./Core/Src/main.o
 .text.MX_TIM23_Init
                0x0000000008004f98       0xac ./Core/Src/main.o
 .text.MX_TIM24_Init
                0x0000000008005044       0xac ./Core/Src/main.o
 .text.MX_USART1_UART_Init
                0x00000000080050f0       0xa8 ./Core/Src/main.o
 .text.MX_DMA_Init
                0x0000000008005198       0x50 ./Core/Src/main.o
 .text.MX_GPIO_Init
                0x00000000080051e8      0x1a8 ./Core/Src/main.o
 .text.Error_Handler
                0x0000000008005390        0xa ./Core/Src/main.o
                0x0000000008005390                Error_Handler
 *fill*         0x000000000800539a        0x2 
 .text.main_function
                0x000000000800539c       0x3c ./Core/Src/mainpp.o
                0x000000000800539c                main_function
 .text.HAL_MspInit
                0x00000000080053d8       0x34 ./Core/Src/stm32h7xx_hal_msp.o
                0x00000000080053d8                HAL_MspInit
 .text.HAL_TIM_Encoder_MspInit
                0x000000000800540c      0x3f0 ./Core/Src/stm32h7xx_hal_msp.o
                0x000000000800540c                HAL_TIM_Encoder_MspInit
 .text.HAL_TIM_Base_MspInit
                0x00000000080057fc       0x90 ./Core/Src/stm32h7xx_hal_msp.o
                0x00000000080057fc                HAL_TIM_Base_MspInit
 .text.HAL_TIM_PWM_MspInit
                0x000000000800588c       0x74 ./Core/Src/stm32h7xx_hal_msp.o
                0x000000000800588c                HAL_TIM_PWM_MspInit
 .text.HAL_TIM_MspPostInit
                0x0000000008005900       0xc8 ./Core/Src/stm32h7xx_hal_msp.o
                0x0000000008005900                HAL_TIM_MspPostInit
 .text.HAL_UART_MspInit
                0x00000000080059c8      0x1a4 ./Core/Src/stm32h7xx_hal_msp.o
                0x00000000080059c8                HAL_UART_MspInit
 .text.NMI_Handler
                0x0000000008005b6c        0x6 ./Core/Src/stm32h7xx_it.o
                0x0000000008005b6c                NMI_Handler
 .text.HardFault_Handler
                0x0000000008005b72        0x6 ./Core/Src/stm32h7xx_it.o
                0x0000000008005b72                HardFault_Handler
 .text.MemManage_Handler
                0x0000000008005b78        0x6 ./Core/Src/stm32h7xx_it.o
                0x0000000008005b78                MemManage_Handler
 .text.BusFault_Handler
                0x0000000008005b7e        0x6 ./Core/Src/stm32h7xx_it.o
                0x0000000008005b7e                BusFault_Handler
 .text.UsageFault_Handler
                0x0000000008005b84        0x6 ./Core/Src/stm32h7xx_it.o
                0x0000000008005b84                UsageFault_Handler
 .text.SVC_Handler
                0x0000000008005b8a        0xe ./Core/Src/stm32h7xx_it.o
                0x0000000008005b8a                SVC_Handler
 .text.DebugMon_Handler
                0x0000000008005b98        0xe ./Core/Src/stm32h7xx_it.o
                0x0000000008005b98                DebugMon_Handler
 .text.PendSV_Handler
                0x0000000008005ba6        0xe ./Core/Src/stm32h7xx_it.o
                0x0000000008005ba6                PendSV_Handler
 .text.SysTick_Handler
                0x0000000008005bb4        0xc ./Core/Src/stm32h7xx_it.o
                0x0000000008005bb4                SysTick_Handler
 .text.DMA1_Stream0_IRQHandler
                0x0000000008005bc0       0x14 ./Core/Src/stm32h7xx_it.o
                0x0000000008005bc0                DMA1_Stream0_IRQHandler
 .text.DMA1_Stream1_IRQHandler
                0x0000000008005bd4       0x14 ./Core/Src/stm32h7xx_it.o
                0x0000000008005bd4                DMA1_Stream1_IRQHandler
 .text.USART1_IRQHandler
                0x0000000008005be8       0x14 ./Core/Src/stm32h7xx_it.o
                0x0000000008005be8                USART1_IRQHandler
 .text.TIM8_UP_TIM13_IRQHandler
                0x0000000008005bfc       0x1c ./Core/Src/stm32h7xx_it.o
                0x0000000008005bfc                TIM8_UP_TIM13_IRQHandler
 .text.TIM7_IRQHandler
                0x0000000008005c18       0x14 ./Core/Src/stm32h7xx_it.o
                0x0000000008005c18                TIM7_IRQHandler
 .text._getpid  0x0000000008005c2c       0x10 ./Core/Src/syscalls.o
                0x0000000008005c2c                _getpid
 .text._kill    0x0000000008005c3c       0x20 ./Core/Src/syscalls.o
                0x0000000008005c3c                _kill
 .text._exit    0x0000000008005c5c       0x14 ./Core/Src/syscalls.o
                0x0000000008005c5c                _exit
 .text._sbrk    0x0000000008005c70       0x6c ./Core/Src/sysmem.o
                0x0000000008005c70                _sbrk
 .text.SystemInit
                0x0000000008005cdc       0xf0 ./Core/Src/system_stm32h7xx.o
                0x0000000008005cdc                SystemInit
 .text.Reset_Handler
                0x0000000008005dcc       0x50 ./Core/Startup/startup_stm32h723zgtx.o
                0x0000000008005dcc                Reset_Handler
 .text.Default_Handler
                0x0000000008005e1c        0x2 ./Core/Startup/startup_stm32h723zgtx.o
                0x0000000008005e1c                RTC_Alarm_IRQHandler
                0x0000000008005e1c                EXTI2_IRQHandler
                0x0000000008005e1c                TIM8_CC_IRQHandler
                0x0000000008005e1c                UART8_IRQHandler
                0x0000000008005e1c                SPI4_IRQHandler
                0x0000000008005e1c                FDCAN3_IT0_IRQHandler
                0x0000000008005e1c                TIM1_CC_IRQHandler
                0x0000000008005e1c                BDMA_Channel6_IRQHandler
                0x0000000008005e1c                DMA2_Stream5_IRQHandler
                0x0000000008005e1c                DMA1_Stream5_IRQHandler
                0x0000000008005e1c                CORDIC_IRQHandler
                0x0000000008005e1c                BDMA_Channel1_IRQHandler
                0x0000000008005e1c                TAMP_STAMP_IRQHandler
                0x0000000008005e1c                EXTI3_IRQHandler
                0x0000000008005e1c                LPTIM4_IRQHandler
                0x0000000008005e1c                TIM8_TRG_COM_TIM14_IRQHandler
                0x0000000008005e1c                LPTIM2_IRQHandler
                0x0000000008005e1c                DFSDM1_FLT1_IRQHandler
                0x0000000008005e1c                DMAMUX2_OVR_IRQHandler
                0x0000000008005e1c                I2C3_ER_IRQHandler
                0x0000000008005e1c                DFSDM1_FLT2_IRQHandler
                0x0000000008005e1c                I2C5_EV_IRQHandler
                0x0000000008005e1c                USART10_IRQHandler
                0x0000000008005e1c                MDMA_IRQHandler
                0x0000000008005e1c                LPTIM3_IRQHandler
                0x0000000008005e1c                HSEM1_IRQHandler
                0x0000000008005e1c                EXTI0_IRQHandler
                0x0000000008005e1c                I2C2_EV_IRQHandler
                0x0000000008005e1c                DMA1_Stream2_IRQHandler
                0x0000000008005e1c                FPU_IRQHandler
                0x0000000008005e1c                OTG_HS_WKUP_IRQHandler
                0x0000000008005e1c                FDCAN1_IT1_IRQHandler
                0x0000000008005e1c                LTDC_ER_IRQHandler
                0x0000000008005e1c                DMA2_Stream2_IRQHandler
                0x0000000008005e1c                SPI1_IRQHandler
                0x0000000008005e1c                OCTOSPI1_IRQHandler
                0x0000000008005e1c                TIM6_DAC_IRQHandler
                0x0000000008005e1c                DMA2_Stream3_IRQHandler
                0x0000000008005e1c                OCTOSPI2_IRQHandler
                0x0000000008005e1c                DFSDM1_FLT3_IRQHandler
                0x0000000008005e1c                TIM23_IRQHandler
                0x0000000008005e1c                USART6_IRQHandler
                0x0000000008005e1c                TIM17_IRQHandler
                0x0000000008005e1c                USART3_IRQHandler
                0x0000000008005e1c                BDMA_Channel7_IRQHandler
                0x0000000008005e1c                LPTIM5_IRQHandler
                0x0000000008005e1c                UART5_IRQHandler
                0x0000000008005e1c                ADC3_IRQHandler
                0x0000000008005e1c                DMA2_Stream0_IRQHandler
                0x0000000008005e1c                TIM4_IRQHandler
                0x0000000008005e1c                BDMA_Channel2_IRQHandler
                0x0000000008005e1c                I2C1_EV_IRQHandler
                0x0000000008005e1c                DMA1_Stream6_IRQHandler
                0x0000000008005e1c                DMAMUX1_OVR_IRQHandler
                0x0000000008005e1c                TIM16_IRQHandler
                0x0000000008005e1c                UART4_IRQHandler
                0x0000000008005e1c                BDMA_Channel5_IRQHandler
                0x0000000008005e1c                TIM3_IRQHandler
                0x0000000008005e1c                RCC_IRQHandler
                0x0000000008005e1c                UART9_IRQHandler
                0x0000000008005e1c                TIM8_BRK_TIM12_IRQHandler
                0x0000000008005e1c                TIM1_TRG_COM_IRQHandler
                0x0000000008005e1c                Default_Handler
                0x0000000008005e1c                ECC_IRQHandler
                0x0000000008005e1c                FMAC_IRQHandler
                0x0000000008005e1c                CEC_IRQHandler
                0x0000000008005e1c                EXTI15_10_IRQHandler
                0x0000000008005e1c                BDMA_Channel0_IRQHandler
                0x0000000008005e1c                ADC_IRQHandler
                0x0000000008005e1c                I2C5_ER_IRQHandler
                0x0000000008005e1c                DMA1_Stream7_IRQHandler
                0x0000000008005e1c                SPI5_IRQHandler
                0x0000000008005e1c                FDCAN3_IT1_IRQHandler
                0x0000000008005e1c                SDMMC1_IRQHandler
                0x0000000008005e1c                TIM5_IRQHandler
                0x0000000008005e1c                DMA2_Stream7_IRQHandler
                0x0000000008005e1c                TIM15_IRQHandler
                0x0000000008005e1c                PVD_AVD_IRQHandler
                0x0000000008005e1c                I2C3_EV_IRQHandler
                0x0000000008005e1c                EXTI9_5_IRQHandler
                0x0000000008005e1c                RTC_WKUP_IRQHandler
                0x0000000008005e1c                LTDC_IRQHandler
                0x0000000008005e1c                ETH_WKUP_IRQHandler
                0x0000000008005e1c                SPDIF_RX_IRQHandler
                0x0000000008005e1c                SPI2_IRQHandler
                0x0000000008005e1c                OTG_HS_EP1_IN_IRQHandler
                0x0000000008005e1c                TIM24_IRQHandler
                0x0000000008005e1c                CRS_IRQHandler
                0x0000000008005e1c                EXTI4_IRQHandler
                0x0000000008005e1c                RNG_IRQHandler
                0x0000000008005e1c                FDCAN2_IT1_IRQHandler
                0x0000000008005e1c                ETH_IRQHandler
                0x0000000008005e1c                TIM1_UP_IRQHandler
                0x0000000008005e1c                BDMA_Channel4_IRQHandler
                0x0000000008005e1c                OTG_HS_EP1_OUT_IRQHandler
                0x0000000008005e1c                WWDG_IRQHandler
                0x0000000008005e1c                SPI6_IRQHandler
                0x0000000008005e1c                MDIOS_IRQHandler
                0x0000000008005e1c                I2C4_EV_IRQHandler
                0x0000000008005e1c                FDCAN2_IT0_IRQHandler
                0x0000000008005e1c                LPUART1_IRQHandler
                0x0000000008005e1c                FDCAN1_IT0_IRQHandler
                0x0000000008005e1c                TIM2_IRQHandler
                0x0000000008005e1c                OTG_HS_IRQHandler
                0x0000000008005e1c                DMA2D_IRQHandler
                0x0000000008005e1c                TIM1_BRK_IRQHandler
                0x0000000008005e1c                EXTI1_IRQHandler
                0x0000000008005e1c                SDMMC2_IRQHandler
                0x0000000008005e1c                BDMA_Channel3_IRQHandler
                0x0000000008005e1c                DTS_IRQHandler
                0x0000000008005e1c                UART7_IRQHandler
                0x0000000008005e1c                MDIOS_WKUP_IRQHandler
                0x0000000008005e1c                USART2_IRQHandler
                0x0000000008005e1c                DFSDM1_FLT0_IRQHandler
                0x0000000008005e1c                SAI4_IRQHandler
                0x0000000008005e1c                I2C2_ER_IRQHandler
                0x0000000008005e1c                DMA2_Stream1_IRQHandler
                0x0000000008005e1c                FLASH_IRQHandler
                0x0000000008005e1c                DMA2_Stream4_IRQHandler
                0x0000000008005e1c                SPI3_IRQHandler
                0x0000000008005e1c                WAKEUP_PIN_IRQHandler
                0x0000000008005e1c                DMA1_Stream4_IRQHandler
                0x0000000008005e1c                I2C1_ER_IRQHandler
                0x0000000008005e1c                FMC_IRQHandler
                0x0000000008005e1c                FDCAN_CAL_IRQHandler
                0x0000000008005e1c                SWPMI1_IRQHandler
                0x0000000008005e1c                COMP1_IRQHandler
                0x0000000008005e1c                LPTIM1_IRQHandler
                0x0000000008005e1c                DCMI_PSSI_IRQHandler
                0x0000000008005e1c                I2C4_ER_IRQHandler
                0x0000000008005e1c                DMA2_Stream6_IRQHandler
                0x0000000008005e1c                SAI1_IRQHandler
                0x0000000008005e1c                DMA1_Stream3_IRQHandler
 *fill*         0x0000000008005e1e        0x2 
 .text.HAL_Init
                0x0000000008005e20       0x78 ./Drivers/STM32H7xx_HAL_Driver/Src/stm32h7xx_hal.o
                0x0000000008005e20                HAL_Init
 .text.HAL_InitTick
                0x0000000008005e98       0x6c ./Drivers/STM32H7xx_HAL_Driver/Src/stm32h7xx_hal.o
                0x0000000008005e98                HAL_InitTick
 .text.HAL_IncTick
                0x0000000008005f04       0x28 ./Drivers/STM32H7xx_HAL_Driver/Src/stm32h7xx_hal.o
                0x0000000008005f04                HAL_IncTick
 .text.HAL_GetTick
                0x0000000008005f2c       0x18 ./Drivers/STM32H7xx_HAL_Driver/Src/stm32h7xx_hal.o
                0x0000000008005f2c                HAL_GetTick
 .text.__NVIC_SetPriorityGrouping
                0x0000000008005f44       0x48 ./Drivers/STM32H7xx_HAL_Driver/Src/stm32h7xx_hal_cortex.o
 .text.__NVIC_GetPriorityGrouping
                0x0000000008005f8c       0x1c ./Drivers/STM32H7xx_HAL_Driver/Src/stm32h7xx_hal_cortex.o
 .text.__NVIC_EnableIRQ
                0x0000000008005fa8       0x3c ./Drivers/STM32H7xx_HAL_Driver/Src/stm32h7xx_hal_cortex.o
 .text.__NVIC_SetPriority
                0x0000000008005fe4       0x54 ./Drivers/STM32H7xx_HAL_Driver/Src/stm32h7xx_hal_cortex.o
 .text.NVIC_EncodePriority
                0x0000000008006038       0x66 ./Drivers/STM32H7xx_HAL_Driver/Src/stm32h7xx_hal_cortex.o
 *fill*         0x000000000800609e        0x2 
 .text.SysTick_Config
                0x00000000080060a0       0x44 ./Drivers/STM32H7xx_HAL_Driver/Src/stm32h7xx_hal_cortex.o
 .text.HAL_NVIC_SetPriorityGrouping
                0x00000000080060e4       0x16 ./Drivers/STM32H7xx_HAL_Driver/Src/stm32h7xx_hal_cortex.o
                0x00000000080060e4                HAL_NVIC_SetPriorityGrouping
 .text.HAL_NVIC_SetPriority
                0x00000000080060fa       0x34 ./Drivers/STM32H7xx_HAL_Driver/Src/stm32h7xx_hal_cortex.o
                0x00000000080060fa                HAL_NVIC_SetPriority
 .text.HAL_NVIC_EnableIRQ
                0x000000000800612e       0x1c ./Drivers/STM32H7xx_HAL_Driver/Src/stm32h7xx_hal_cortex.o
                0x000000000800612e                HAL_NVIC_EnableIRQ
 .text.HAL_SYSTICK_Config
                0x000000000800614a       0x18 ./Drivers/STM32H7xx_HAL_Driver/Src/stm32h7xx_hal_cortex.o
                0x000000000800614a                HAL_SYSTICK_Config
 *fill*         0x0000000008006162        0x2 
 .text.HAL_DMA_Init
                0x0000000008006164      0x6b4 ./Drivers/STM32H7xx_HAL_Driver/Src/stm32h7xx_hal_dma.o
                0x0000000008006164                HAL_DMA_Init
 .text.HAL_DMA_Start_IT
                0x0000000008006818      0x4d4 ./Drivers/STM32H7xx_HAL_Driver/Src/stm32h7xx_hal_dma.o
                0x0000000008006818                HAL_DMA_Start_IT
 .text.HAL_DMA_Abort
                0x0000000008006cec      0x63c ./Drivers/STM32H7xx_HAL_Driver/Src/stm32h7xx_hal_dma.o
                0x0000000008006cec                HAL_DMA_Abort
 .text.HAL_DMA_Abort_IT
                0x0000000008007328      0x48c ./Drivers/STM32H7xx_HAL_Driver/Src/stm32h7xx_hal_dma.o
                0x0000000008007328                HAL_DMA_Abort_IT
 .text.HAL_DMA_IRQHandler
                0x00000000080077b4      0xe54 ./Drivers/STM32H7xx_HAL_Driver/Src/stm32h7xx_hal_dma.o
                0x00000000080077b4                HAL_DMA_IRQHandler
 .text.DMA_SetConfig
                0x0000000008008608      0x358 ./Drivers/STM32H7xx_HAL_Driver/Src/stm32h7xx_hal_dma.o
 .text.DMA_CalcBaseAndBitshift
                0x0000000008008960      0x164 ./Drivers/STM32H7xx_HAL_Driver/Src/stm32h7xx_hal_dma.o
 .text.DMA_CheckFifoParam
                0x0000000008008ac4       0xf8 ./Drivers/STM32H7xx_HAL_Driver/Src/stm32h7xx_hal_dma.o
 .text.DMA_CalcDMAMUXChannelBaseAndMask
                0x0000000008008bbc      0x134 ./Drivers/STM32H7xx_HAL_Driver/Src/stm32h7xx_hal_dma.o
 .text.DMA_CalcDMAMUXRequestGenBaseAndMask
                0x0000000008008cf0       0xe8 ./Drivers/STM32H7xx_HAL_Driver/Src/stm32h7xx_hal_dma.o
 .text.HAL_GPIO_Init
                0x0000000008008dd8      0x350 ./Drivers/STM32H7xx_HAL_Driver/Src/stm32h7xx_hal_gpio.o
                0x0000000008008dd8                HAL_GPIO_Init
 .text.HAL_GPIO_WritePin
                0x0000000008009128       0x32 ./Drivers/STM32H7xx_HAL_Driver/Src/stm32h7xx_hal_gpio.o
                0x0000000008009128                HAL_GPIO_WritePin
 *fill*         0x000000000800915a        0x2 
 .text.HAL_PWREx_ConfigSupply
                0x000000000800915c       0x74 ./Drivers/STM32H7xx_HAL_Driver/Src/stm32h7xx_hal_pwr_ex.o
                0x000000000800915c                HAL_PWREx_ConfigSupply
 .text.HAL_RCC_OscConfig
                0x00000000080091d0      0x75c ./Drivers/STM32H7xx_HAL_Driver/Src/stm32h7xx_hal_rcc.o
                0x00000000080091d0                HAL_RCC_OscConfig
 .text.HAL_RCC_ClockConfig
                0x000000000800992c      0x36c ./Drivers/STM32H7xx_HAL_Driver/Src/stm32h7xx_hal_rcc.o
                0x000000000800992c                HAL_RCC_ClockConfig
 .text.HAL_RCC_GetSysClockFreq
                0x0000000008009c98      0x2f4 ./Drivers/STM32H7xx_HAL_Driver/Src/stm32h7xx_hal_rcc.o
                0x0000000008009c98                HAL_RCC_GetSysClockFreq
 .text.HAL_RCC_GetHCLKFreq
                0x0000000008009f8c       0x60 ./Drivers/STM32H7xx_HAL_Driver/Src/stm32h7xx_hal_rcc.o
                0x0000000008009f8c                HAL_RCC_GetHCLKFreq
 .text.HAL_RCC_GetPCLK1Freq
                0x0000000008009fec       0x2c ./Drivers/STM32H7xx_HAL_Driver/Src/stm32h7xx_hal_rcc.o
                0x0000000008009fec                HAL_RCC_GetPCLK1Freq
 .text.HAL_RCC_GetPCLK2Freq
                0x000000000800a018       0x2c ./Drivers/STM32H7xx_HAL_Driver/Src/stm32h7xx_hal_rcc.o
                0x000000000800a018                HAL_RCC_GetPCLK2Freq
 .text.HAL_RCCEx_PeriphCLKConfig
                0x000000000800a044      0xdf4 ./Drivers/STM32H7xx_HAL_Driver/Src/stm32h7xx_hal_rcc_ex.o
                0x000000000800a044                HAL_RCCEx_PeriphCLKConfig
 .text.HAL_RCCEx_GetD3PCLK1Freq
                0x000000000800ae38       0x2c ./Drivers/STM32H7xx_HAL_Driver/Src/stm32h7xx_hal_rcc_ex.o
                0x000000000800ae38                HAL_RCCEx_GetD3PCLK1Freq
 .text.HAL_RCCEx_GetPLL2ClockFreq
                0x000000000800ae64      0x2a8 ./Drivers/STM32H7xx_HAL_Driver/Src/stm32h7xx_hal_rcc_ex.o
                0x000000000800ae64                HAL_RCCEx_GetPLL2ClockFreq
 .text.HAL_RCCEx_GetPLL3ClockFreq
                0x000000000800b10c      0x2a8 ./Drivers/STM32H7xx_HAL_Driver/Src/stm32h7xx_hal_rcc_ex.o
                0x000000000800b10c                HAL_RCCEx_GetPLL3ClockFreq
 .text.RCCEx_PLL2_Config
                0x000000000800b3b4      0x164 ./Drivers/STM32H7xx_HAL_Driver/Src/stm32h7xx_hal_rcc_ex.o
 .text.RCCEx_PLL3_Config
                0x000000000800b518      0x164 ./Drivers/STM32H7xx_HAL_Driver/Src/stm32h7xx_hal_rcc_ex.o
 .text.HAL_TIM_Base_Init
                0x000000000800b67c       0xae ./Drivers/STM32H7xx_HAL_Driver/Src/stm32h7xx_hal_tim.o
                0x000000000800b67c                HAL_TIM_Base_Init
 *fill*         0x000000000800b72a        0x2 
 .text.HAL_TIM_Base_Start_IT
                0x000000000800b72c      0x10c ./Drivers/STM32H7xx_HAL_Driver/Src/stm32h7xx_hal_tim.o
                0x000000000800b72c                HAL_TIM_Base_Start_IT
 .text.HAL_TIM_PWM_Init
                0x000000000800b838       0xae ./Drivers/STM32H7xx_HAL_Driver/Src/stm32h7xx_hal_tim.o
                0x000000000800b838                HAL_TIM_PWM_Init
 *fill*         0x000000000800b8e6        0x2 
 .text.HAL_TIM_PWM_Start
                0x000000000800b8e8      0x238 ./Drivers/STM32H7xx_HAL_Driver/Src/stm32h7xx_hal_tim.o
                0x000000000800b8e8                HAL_TIM_PWM_Start
 .text.HAL_TIM_PWM_Stop
                0x000000000800bb20      0x12c ./Drivers/STM32H7xx_HAL_Driver/Src/stm32h7xx_hal_tim.o
                0x000000000800bb20                HAL_TIM_PWM_Stop
 .text.HAL_TIM_Encoder_Init
                0x000000000800bc4c      0x14c ./Drivers/STM32H7xx_HAL_Driver/Src/stm32h7xx_hal_tim.o
                0x000000000800bc4c                HAL_TIM_Encoder_Init
 .text.HAL_TIM_Encoder_Start
                0x000000000800bd98      0x11c ./Drivers/STM32H7xx_HAL_Driver/Src/stm32h7xx_hal_tim.o
                0x000000000800bd98                HAL_TIM_Encoder_Start
 .text.HAL_TIM_IRQHandler
                0x000000000800beb4      0x23e ./Drivers/STM32H7xx_HAL_Driver/Src/stm32h7xx_hal_tim.o
                0x000000000800beb4                HAL_TIM_IRQHandler
 *fill*         0x000000000800c0f2        0x2 
 .text.HAL_TIM_PWM_ConfigChannel
                0x000000000800c0f4      0x228 ./Drivers/STM32H7xx_HAL_Driver/Src/stm32h7xx_hal_tim.o
                0x000000000800c0f4                HAL_TIM_PWM_ConfigChannel
 .text.HAL_TIM_OC_DelayElapsedCallback
                0x000000000800c31c       0x14 ./Drivers/STM32H7xx_HAL_Driver/Src/stm32h7xx_hal_tim.o
                0x000000000800c31c                HAL_TIM_OC_DelayElapsedCallback
 .text.HAL_TIM_IC_CaptureCallback
                0x000000000800c330       0x14 ./Drivers/STM32H7xx_HAL_Driver/Src/stm32h7xx_hal_tim.o
                0x000000000800c330                HAL_TIM_IC_CaptureCallback
 .text.HAL_TIM_PWM_PulseFinishedCallback
                0x000000000800c344       0x14 ./Drivers/STM32H7xx_HAL_Driver/Src/stm32h7xx_hal_tim.o
                0x000000000800c344                HAL_TIM_PWM_PulseFinishedCallback
 .text.HAL_TIM_TriggerCallback
                0x000000000800c358       0x14 ./Drivers/STM32H7xx_HAL_Driver/Src/stm32h7xx_hal_tim.o
                0x000000000800c358                HAL_TIM_TriggerCallback
 .text.TIM_Base_SetConfig
                0x000000000800c36c      0x14c ./Drivers/STM32H7xx_HAL_Driver/Src/stm32h7xx_hal_tim.o
                0x000000000800c36c                TIM_Base_SetConfig
 .text.TIM_OC1_SetConfig
                0x000000000800c4b8      0x120 ./Drivers/STM32H7xx_HAL_Driver/Src/stm32h7xx_hal_tim.o
 .text.TIM_OC2_SetConfig
                0x000000000800c5d8      0x114 ./Drivers/STM32H7xx_HAL_Driver/Src/stm32h7xx_hal_tim.o
                0x000000000800c5d8                TIM_OC2_SetConfig
 .text.TIM_OC3_SetConfig
                0x000000000800c6ec      0x110 ./Drivers/STM32H7xx_HAL_Driver/Src/stm32h7xx_hal_tim.o
 .text.TIM_OC4_SetConfig
                0x000000000800c7fc       0xd4 ./Drivers/STM32H7xx_HAL_Driver/Src/stm32h7xx_hal_tim.o
 .text.TIM_OC5_SetConfig
                0x000000000800c8d0       0xc8 ./Drivers/STM32H7xx_HAL_Driver/Src/stm32h7xx_hal_tim.o
 .text.TIM_OC6_SetConfig
                0x000000000800c998       0xcc ./Drivers/STM32H7xx_HAL_Driver/Src/stm32h7xx_hal_tim.o
 .text.TIM_CCxChannelCmd
                0x000000000800ca64       0x4a ./Drivers/STM32H7xx_HAL_Driver/Src/stm32h7xx_hal_tim.o
                0x000000000800ca64                TIM_CCxChannelCmd
 *fill*         0x000000000800caae        0x2 
 .text.HAL_TIMEx_MasterConfigSynchronization
                0x000000000800cab0      0x138 ./Drivers/STM32H7xx_HAL_Driver/Src/stm32h7xx_hal_tim_ex.o
                0x000000000800cab0                HAL_TIMEx_MasterConfigSynchronization
 .text.HAL_TIMEx_ConfigBreakDeadTime
                0x000000000800cbe8      0x140 ./Drivers/STM32H7xx_HAL_Driver/Src/stm32h7xx_hal_tim_ex.o
                0x000000000800cbe8                HAL_TIMEx_ConfigBreakDeadTime
 .text.HAL_TIMEx_CommutCallback
                0x000000000800cd28       0x14 ./Drivers/STM32H7xx_HAL_Driver/Src/stm32h7xx_hal_tim_ex.o
                0x000000000800cd28                HAL_TIMEx_CommutCallback
 .text.HAL_TIMEx_BreakCallback
                0x000000000800cd3c       0x14 ./Drivers/STM32H7xx_HAL_Driver/Src/stm32h7xx_hal_tim_ex.o
                0x000000000800cd3c                HAL_TIMEx_BreakCallback
 .text.HAL_TIMEx_Break2Callback
                0x000000000800cd50       0x14 ./Drivers/STM32H7xx_HAL_Driver/Src/stm32h7xx_hal_tim_ex.o
                0x000000000800cd50                HAL_TIMEx_Break2Callback
 .text.HAL_UART_Init
                0x000000000800cd64       0xa0 ./Drivers/STM32H7xx_HAL_Driver/Src/stm32h7xx_hal_uart.o
                0x000000000800cd64                HAL_UART_Init
 .text.HAL_UART_Transmit_DMA
                0x000000000800ce04      0x124 ./Drivers/STM32H7xx_HAL_Driver/Src/stm32h7xx_hal_uart.o
                0x000000000800ce04                HAL_UART_Transmit_DMA
 .text.HAL_UART_Receive_DMA
                0x000000000800cf28       0xac ./Drivers/STM32H7xx_HAL_Driver/Src/stm32h7xx_hal_uart.o
                0x000000000800cf28                HAL_UART_Receive_DMA
 .text.HAL_UART_IRQHandler
                0x000000000800cfd4      0x73c ./Drivers/STM32H7xx_HAL_Driver/Src/stm32h7xx_hal_uart.o
                0x000000000800cfd4                HAL_UART_IRQHandler
 .text.HAL_UART_TxHalfCpltCallback
                0x000000000800d710       0x14 ./Drivers/STM32H7xx_HAL_Driver/Src/stm32h7xx_hal_uart.o
                0x000000000800d710                HAL_UART_TxHalfCpltCallback
 .text.HAL_UART_RxHalfCpltCallback
                0x000000000800d724       0x14 ./Drivers/STM32H7xx_HAL_Driver/Src/stm32h7xx_hal_uart.o
                0x000000000800d724                HAL_UART_RxHalfCpltCallback
 .text.HAL_UART_ErrorCallback
                0x000000000800d738       0x14 ./Drivers/STM32H7xx_HAL_Driver/Src/stm32h7xx_hal_uart.o
                0x000000000800d738                HAL_UART_ErrorCallback
 .text.HAL_UARTEx_RxEventCallback
                0x000000000800d74c       0x18 ./Drivers/STM32H7xx_HAL_Driver/Src/stm32h7xx_hal_uart.o
                0x000000000800d74c                HAL_UARTEx_RxEventCallback
 .text.UART_SetConfig
                0x000000000800d764      0xcd8 ./Drivers/STM32H7xx_HAL_Driver/Src/stm32h7xx_hal_uart.o
                0x000000000800d764                UART_SetConfig
 .text.UART_AdvFeatureConfig
                0x000000000800e43c      0x144 ./Drivers/STM32H7xx_HAL_Driver/Src/stm32h7xx_hal_uart.o
                0x000000000800e43c                UART_AdvFeatureConfig
 .text.UART_CheckIdleState
                0x000000000800e580       0x96 ./Drivers/STM32H7xx_HAL_Driver/Src/stm32h7xx_hal_uart.o
                0x000000000800e580                UART_CheckIdleState
 .text.UART_WaitOnFlagUntilTimeout
                0x000000000800e616      0x190 ./Drivers/STM32H7xx_HAL_Driver/Src/stm32h7xx_hal_uart.o
                0x000000000800e616                UART_WaitOnFlagUntilTimeout
 *fill*         0x000000000800e7a6        0x2 
 .text.UART_Start_Receive_DMA
                0x000000000800e7a8      0x150 ./Drivers/STM32H7xx_HAL_Driver/Src/stm32h7xx_hal_uart.o
                0x000000000800e7a8                UART_Start_Receive_DMA
 .text.UART_EndTxTransfer
                0x000000000800e8f8       0x82 ./Drivers/STM32H7xx_HAL_Driver/Src/stm32h7xx_hal_uart.o
 *fill*         0x000000000800e97a        0x2 
 .text.UART_EndRxTransfer
                0x000000000800e97c       0xcc ./Drivers/STM32H7xx_HAL_Driver/Src/stm32h7xx_hal_uart.o
 .text.UART_DMATransmitCplt
                0x000000000800ea48       0x96 ./Drivers/STM32H7xx_HAL_Driver/Src/stm32h7xx_hal_uart.o
 .text.UART_DMATxHalfCplt
                0x000000000800eade       0x1c ./Drivers/STM32H7xx_HAL_Driver/Src/stm32h7xx_hal_uart.o
 .text.UART_DMAReceiveCplt
                0x000000000800eafa      0x122 ./Drivers/STM32H7xx_HAL_Driver/Src/stm32h7xx_hal_uart.o
 .text.UART_DMARxHalfCplt
                0x000000000800ec1c       0x38 ./Drivers/STM32H7xx_HAL_Driver/Src/stm32h7xx_hal_uart.o
 .text.UART_DMAError
                0x000000000800ec54       0x80 ./Drivers/STM32H7xx_HAL_Driver/Src/stm32h7xx_hal_uart.o
 .text.UART_DMAAbortOnError
                0x000000000800ecd4       0x2c ./Drivers/STM32H7xx_HAL_Driver/Src/stm32h7xx_hal_uart.o
 .text.UART_EndTransmit_IT
                0x000000000800ed00       0x56 ./Drivers/STM32H7xx_HAL_Driver/Src/stm32h7xx_hal_uart.o
 .text.HAL_UARTEx_WakeupCallback
                0x000000000800ed56       0x14 ./Drivers/STM32H7xx_HAL_Driver/Src/stm32h7xx_hal_uart_ex.o
                0x000000000800ed56                HAL_UARTEx_WakeupCallback
 .text.HAL_UARTEx_RxFifoFullCallback
                0x000000000800ed6a       0x14 ./Drivers/STM32H7xx_HAL_Driver/Src/stm32h7xx_hal_uart_ex.o
                0x000000000800ed6a                HAL_UARTEx_RxFifoFullCallback
 .text.HAL_UARTEx_TxFifoEmptyCallback
                0x000000000800ed7e       0x14 ./Drivers/STM32H7xx_HAL_Driver/Src/stm32h7xx_hal_uart_ex.o
                0x000000000800ed7e                HAL_UARTEx_TxFifoEmptyCallback
 .text.HAL_UARTEx_DisableFifoMode
                0x000000000800ed92       0x72 ./Drivers/STM32H7xx_HAL_Driver/Src/stm32h7xx_hal_uart_ex.o
                0x000000000800ed92                HAL_UARTEx_DisableFifoMode
 .text.HAL_UARTEx_SetTxFifoThreshold
                0x000000000800ee04       0x7c ./Drivers/STM32H7xx_HAL_Driver/Src/stm32h7xx_hal_uart_ex.o
                0x000000000800ee04                HAL_UARTEx_SetTxFifoThreshold
 .text.HAL_UARTEx_SetRxFifoThreshold
                0x000000000800ee80       0x7c ./Drivers/STM32H7xx_HAL_Driver/Src/stm32h7xx_hal_uart_ex.o
                0x000000000800ee80                HAL_UARTEx_SetRxFifoThreshold
 .text.UARTEx_SetNbDataToProcess
                0x000000000800eefc       0x9c ./Drivers/STM32H7xx_HAL_Driver/Src/stm32h7xx_hal_uart_ex.o
 .text.__cxa_pure_virtual
                0x000000000800ef98        0x6 /home/tu/st/stm32cubeide_1.10.1/plugins/com.st.stm32cube.ide.mcu.externaltools.gnu-tools-for-stm32.10.3-2021.10.linux64_1.0.0.202111181127/tools/bin/../lib/gcc/arm-none-eabi/10.3.1/../../../../arm-none-eabi/lib/thumb/v7e-m+dp/hard/libstdc++_nano.a(pure.o)
                0x000000000800ef98                __cxa_pure_virtual
 .text._ZN10__cxxabiv111__terminateEPFvvE
                0x000000000800ef9e        0x8 /home/tu/st/stm32cubeide_1.10.1/plugins/com.st.stm32cube.ide.mcu.externaltools.gnu-tools-for-stm32.10.3-2021.10.linux64_1.0.0.202111181127/tools/bin/../lib/gcc/arm-none-eabi/10.3.1/../../../../arm-none-eabi/lib/thumb/v7e-m+dp/hard/libstdc++_nano.a(eh_terminate.o)
                0x000000000800ef9e                __cxxabiv1::__terminate(void (*)())
 *fill*         0x000000000800efa6        0x2 
 .text._ZSt13get_terminatev
                0x000000000800efa8       0x10 /home/tu/st/stm32cubeide_1.10.1/plugins/com.st.stm32cube.ide.mcu.externaltools.gnu-tools-for-stm32.10.3-2021.10.linux64_1.0.0.202111181127/tools/bin/../lib/gcc/arm-none-eabi/10.3.1/../../../../arm-none-eabi/lib/thumb/v7e-m+dp/hard/libstdc++_nano.a(eh_terminate.o)
                0x000000000800efa8                std::get_terminate()
 .text._ZSt9terminatev
                0x000000000800efb8        0xa /home/tu/st/stm32cubeide_1.10.1/plugins/com.st.stm32cube.ide.mcu.externaltools.gnu-tools-for-stm32.10.3-2021.10.linux64_1.0.0.202111181127/tools/bin/../lib/gcc/arm-none-eabi/10.3.1/../../../../arm-none-eabi/lib/thumb/v7e-m+dp/hard/libstdc++_nano.a(eh_terminate.o)
                0x000000000800efb8                std::terminate()
 *fill*         0x000000000800efc2        0x6 
 .text.sqrt     0x000000000800efc8       0x40 /home/tu/st/stm32cubeide_1.10.1/plugins/com.st.stm32cube.ide.mcu.externaltools.gnu-tools-for-stm32.10.3-2021.10.linux64_1.0.0.202111181127/tools/bin/../lib/gcc/arm-none-eabi/10.3.1/../../../../arm-none-eabi/lib/thumb/v7e-m+dp/hard/libm.a(lib_a-w_sqrt.o)
                0x000000000800efc8                sqrt
 .text.__ieee754_sqrt
                0x000000000800f008        0x6 /home/tu/st/stm32cubeide_1.10.1/plugins/com.st.stm32cube.ide.mcu.externaltools.gnu-tools-for-stm32.10.3-2021.10.linux64_1.0.0.202111181127/tools/bin/../lib/gcc/arm-none-eabi/10.3.1/../../../../arm-none-eabi/lib/thumb/v7e-m+dp/hard/libm.a(lib_a-e_sqrt.o)
                0x000000000800f008                __ieee754_sqrt
 .text.abort    0x000000000800f00e        0xe /home/tu/st/stm32cubeide_1.10.1/plugins/com.st.stm32cube.ide.mcu.externaltools.gnu-tools-for-stm32.10.3-2021.10.linux64_1.0.0.202111181127/tools/bin/../lib/gcc/arm-none-eabi/10.3.1/../../../../arm-none-eabi/lib/thumb/v7e-m+dp/hard/libc_nano.a(lib_a-abort.o)
                0x000000000800f00e                abort
 .text.__errno  0x000000000800f01c        0xc /home/tu/st/stm32cubeide_1.10.1/plugins/com.st.stm32cube.ide.mcu.externaltools.gnu-tools-for-stm32.10.3-2021.10.linux64_1.0.0.202111181127/tools/bin/../lib/gcc/arm-none-eabi/10.3.1/../../../../arm-none-eabi/lib/thumb/v7e-m+dp/hard/libc_nano.a(lib_a-errno.o)
                0x000000000800f01c                __errno
 .text.__libc_init_array
                0x000000000800f028       0x48 /home/tu/st/stm32cubeide_1.10.1/plugins/com.st.stm32cube.ide.mcu.externaltools.gnu-tools-for-stm32.10.3-2021.10.linux64_1.0.0.202111181127/tools/bin/../lib/gcc/arm-none-eabi/10.3.1/../../../../arm-none-eabi/lib/thumb/v7e-m+dp/hard/libc_nano.a(lib_a-init.o)
                0x000000000800f028                __libc_init_array
 .text.memcpy   0x000000000800f070       0x1c /home/tu/st/stm32cubeide_1.10.1/plugins/com.st.stm32cube.ide.mcu.externaltools.gnu-tools-for-stm32.10.3-2021.10.linux64_1.0.0.202111181127/tools/bin/../lib/gcc/arm-none-eabi/10.3.1/../../../../arm-none-eabi/lib/thumb/v7e-m+dp/hard/libc_nano.a(lib_a-memcpy-stub.o)
                0x000000000800f070                memcpy
 .text.memset   0x000000000800f08c       0x10 /home/tu/st/stm32cubeide_1.10.1/plugins/com.st.stm32cube.ide.mcu.externaltools.gnu-tools-for-stm32.10.3-2021.10.linux64_1.0.0.202111181127/tools/bin/../lib/gcc/arm-none-eabi/10.3.1/../../../../arm-none-eabi/lib/thumb/v7e-m+dp/hard/libc_nano.a(lib_a-memset.o)
                0x000000000800f08c                memset
 .text.realloc  0x000000000800f09c       0x10 /home/tu/st/stm32cubeide_1.10.1/plugins/com.st.stm32cube.ide.mcu.externaltools.gnu-tools-for-stm32.10.3-2021.10.linux64_1.0.0.202111181127/tools/bin/../lib/gcc/arm-none-eabi/10.3.1/../../../../arm-none-eabi/lib/thumb/v7e-m+dp/hard/libc_nano.a(lib_a-realloc.o)
                0x000000000800f09c                realloc
 .text._raise_r
                0x000000000800f0ac       0x50 /home/tu/st/stm32cubeide_1.10.1/plugins/com.st.stm32cube.ide.mcu.externaltools.gnu-tools-for-stm32.10.3-2021.10.linux64_1.0.0.202111181127/tools/bin/../lib/gcc/arm-none-eabi/10.3.1/../../../../arm-none-eabi/lib/thumb/v7e-m+dp/hard/libc_nano.a(lib_a-signal.o)
                0x000000000800f0ac                _raise_r
 .text.raise    0x000000000800f0fc       0x10 /home/tu/st/stm32cubeide_1.10.1/plugins/com.st.stm32cube.ide.mcu.externaltools.gnu-tools-for-stm32.10.3-2021.10.linux64_1.0.0.202111181127/tools/bin/../lib/gcc/arm-none-eabi/10.3.1/../../../../arm-none-eabi/lib/thumb/v7e-m+dp/hard/libc_nano.a(lib_a-signal.o)
                0x000000000800f0fc                raise
 .text._kill_r  0x000000000800f10c       0x24 /home/tu/st/stm32cubeide_1.10.1/plugins/com.st.stm32cube.ide.mcu.externaltools.gnu-tools-for-stm32.10.3-2021.10.linux64_1.0.0.202111181127/tools/bin/../lib/gcc/arm-none-eabi/10.3.1/../../../../arm-none-eabi/lib/thumb/v7e-m+dp/hard/libc_nano.a(lib_a-signalr.o)
                0x000000000800f10c                _kill_r
 .text._getpid_r
                0x000000000800f130        0x4 /home/tu/st/stm32cubeide_1.10.1/plugins/com.st.stm32cube.ide.mcu.externaltools.gnu-tools-for-stm32.10.3-2021.10.linux64_1.0.0.202111181127/tools/bin/../lib/gcc/arm-none-eabi/10.3.1/../../../../arm-none-eabi/lib/thumb/v7e-m+dp/hard/libc_nano.a(lib_a-signalr.o)
                0x000000000800f130                _getpid_r
 .text.sbrk_aligned
                0x000000000800f134       0x40 /home/tu/st/stm32cubeide_1.10.1/plugins/com.st.stm32cube.ide.mcu.externaltools.gnu-tools-for-stm32.10.3-2021.10.linux64_1.0.0.202111181127/tools/bin/../lib/gcc/arm-none-eabi/10.3.1/../../../../arm-none-eabi/lib/thumb/v7e-m+dp/hard/libc_nano.a(lib_a-nano-mallocr.o)
 .text._malloc_r
                0x000000000800f174       0xe8 /home/tu/st/stm32cubeide_1.10.1/plugins/com.st.stm32cube.ide.mcu.externaltools.gnu-tools-for-stm32.10.3-2021.10.linux64_1.0.0.202111181127/tools/bin/../lib/gcc/arm-none-eabi/10.3.1/../../../../arm-none-eabi/lib/thumb/v7e-m+dp/hard/libc_nano.a(lib_a-nano-mallocr.o)
                0x000000000800f174                _malloc_r
 .text._realloc_r
                0x000000000800f25c       0x5e /home/tu/st/stm32cubeide_1.10.1/plugins/com.st.stm32cube.ide.mcu.externaltools.gnu-tools-for-stm32.10.3-2021.10.linux64_1.0.0.202111181127/tools/bin/../lib/gcc/arm-none-eabi/10.3.1/../../../../arm-none-eabi/lib/thumb/v7e-m+dp/hard/libc_nano.a(lib_a-nano-reallocr.o)
                0x000000000800f25c                _realloc_r
 *fill*         0x000000000800f2ba        0x2 
 .text._sbrk_r  0x000000000800f2bc       0x20 /home/tu/st/stm32cubeide_1.10.1/plugins/com.st.stm32cube.ide.mcu.externaltools.gnu-tools-for-stm32.10.3-2021.10.linux64_1.0.0.202111181127/tools/bin/../lib/gcc/arm-none-eabi/10.3.1/../../../../arm-none-eabi/lib/thumb/v7e-m+dp/hard/libc_nano.a(lib_a-sbrkr.o)
                0x000000000800f2bc                _sbrk_r
 .text.__malloc_lock
                0x000000000800f2dc        0xc /home/tu/st/stm32cubeide_1.10.1/plugins/com.st.stm32cube.ide.mcu.externaltools.gnu-tools-for-stm32.10.3-2021.10.linux64_1.0.0.202111181127/tools/bin/../lib/gcc/arm-none-eabi/10.3.1/../../../../arm-none-eabi/lib/thumb/v7e-m+dp/hard/libc_nano.a(lib_a-mlock.o)
                0x000000000800f2dc                __malloc_lock
 .text.__malloc_unlock
                0x000000000800f2e8        0xc /home/tu/st/stm32cubeide_1.10.1/plugins/com.st.stm32cube.ide.mcu.externaltools.gnu-tools-for-stm32.10.3-2021.10.linux64_1.0.0.202111181127/tools/bin/../lib/gcc/arm-none-eabi/10.3.1/../../../../arm-none-eabi/lib/thumb/v7e-m+dp/hard/libc_nano.a(lib_a-mlock.o)
                0x000000000800f2e8                __malloc_unlock
 .text._free_r  0x000000000800f2f4       0x98 /home/tu/st/stm32cubeide_1.10.1/plugins/com.st.stm32cube.ide.mcu.externaltools.gnu-tools-for-stm32.10.3-2021.10.linux64_1.0.0.202111181127/tools/bin/../lib/gcc/arm-none-eabi/10.3.1/../../../../arm-none-eabi/lib/thumb/v7e-m+dp/hard/libc_nano.a(lib_a-nano-freer.o)
                0x000000000800f2f4                _free_r
 .text._malloc_usable_size_r
                0x000000000800f38c       0x10 /home/tu/st/stm32cubeide_1.10.1/plugins/com.st.stm32cube.ide.mcu.externaltools.gnu-tools-for-stm32.10.3-2021.10.linux64_1.0.0.202111181127/tools/bin/../lib/gcc/arm-none-eabi/10.3.1/../../../../arm-none-eabi/lib/thumb/v7e-m+dp/hard/libc_nano.a(lib_a-nano-msizer.o)
                0x000000000800f38c                _malloc_usable_size_r
 .text.__retarget_lock_acquire_recursive
                0x000000000800f39c        0x2 /home/tu/st/stm32cubeide_1.10.1/plugins/com.st.stm32cube.ide.mcu.externaltools.gnu-tools-for-stm32.10.3-2021.10.linux64_1.0.0.202111181127/tools/bin/../lib/gcc/arm-none-eabi/10.3.1/../../../../arm-none-eabi/lib/thumb/v7e-m+dp/hard/libc_nano.a(lib_a-lock.o)
                0x000000000800f39c                __retarget_lock_acquire_recursive
 .text.__retarget_lock_release_recursive
                0x000000000800f39e        0x2 /home/tu/st/stm32cubeide_1.10.1/plugins/com.st.stm32cube.ide.mcu.externaltools.gnu-tools-for-stm32.10.3-2021.10.linux64_1.0.0.202111181127/tools/bin/../lib/gcc/arm-none-eabi/10.3.1/../../../../arm-none-eabi/lib/thumb/v7e-m+dp/hard/libc_nano.a(lib_a-lock.o)
                0x000000000800f39e                __retarget_lock_release_recursive
 *(.glue_7)
 .glue_7        0x000000000800f3a0        0x0 linker stubs
 *(.glue_7t)
 .glue_7t       0x000000000800f3a0        0x0 linker stubs
 *(.eh_frame)
 .eh_frame      0x000000000800f3a0        0x0 /home/tu/st/stm32cubeide_1.10.1/plugins/com.st.stm32cube.ide.mcu.externaltools.gnu-tools-for-stm32.10.3-2021.10.linux64_1.0.0.202111181127/tools/bin/../lib/gcc/arm-none-eabi/10.3.1/thumb/v7e-m+dp/hard/crtbegin.o
 *(.init)
 .init          0x000000000800f3a0        0x4 /home/tu/st/stm32cubeide_1.10.1/plugins/com.st.stm32cube.ide.mcu.externaltools.gnu-tools-for-stm32.10.3-2021.10.linux64_1.0.0.202111181127/tools/bin/../lib/gcc/arm-none-eabi/10.3.1/thumb/v7e-m+dp/hard/crti.o
                0x000000000800f3a0                _init
 .init          0x000000000800f3a4        0x8 /home/tu/st/stm32cubeide_1.10.1/plugins/com.st.stm32cube.ide.mcu.externaltools.gnu-tools-for-stm32.10.3-2021.10.linux64_1.0.0.202111181127/tools/bin/../lib/gcc/arm-none-eabi/10.3.1/thumb/v7e-m+dp/hard/crtn.o
 *(.fini)
 .fini          0x000000000800f3ac        0x4 /home/tu/st/stm32cubeide_1.10.1/plugins/com.st.stm32cube.ide.mcu.externaltools.gnu-tools-for-stm32.10.3-2021.10.linux64_1.0.0.202111181127/tools/bin/../lib/gcc/arm-none-eabi/10.3.1/thumb/v7e-m+dp/hard/crti.o
                0x000000000800f3ac                _fini
 .fini          0x000000000800f3b0        0x8 /home/tu/st/stm32cubeide_1.10.1/plugins/com.st.stm32cube.ide.mcu.externaltools.gnu-tools-for-stm32.10.3-2021.10.linux64_1.0.0.202111181127/tools/bin/../lib/gcc/arm-none-eabi/10.3.1/thumb/v7e-m+dp/hard/crtn.o
                0x000000000800f3b8                . = ALIGN (0x4)
                0x000000000800f3b8                _etext = .

.vfp11_veneer   0x000000000800f3b8        0x0
 .vfp11_veneer  0x000000000800f3b8        0x0 linker stubs

.v4_bx          0x000000000800f3b8        0x0
 .v4_bx         0x000000000800f3b8        0x0 linker stubs

.iplt           0x000000000800f3b8        0x0
 .iplt          0x000000000800f3b8        0x0 /home/tu/st/stm32cubeide_1.10.1/plugins/com.st.stm32cube.ide.mcu.externaltools.gnu-tools-for-stm32.10.3-2021.10.linux64_1.0.0.202111181127/tools/bin/../lib/gcc/arm-none-eabi/10.3.1/thumb/v7e-m+dp/hard/crtbegin.o

.rodata         0x000000000800f3b8      0x3ec
                0x000000000800f3b8                . = ALIGN (0x4)
 *(.rodata)
 .rodata        0x000000000800f3b8      0x22f ./Core/Src/ROS_mainpp.o
 *(.rodata*)
 *fill*         0x000000000800f5e7        0x1 
 .rodata._ZN14rosserial_msgsL12REQUESTPARAME
                0x000000000800f5e8       0x1c ./Core/Src/ROS_mainpp.o
 .rodata._ZTVN3ros10SubscriberIN8std_msgs6StringEvEE
                0x000000000800f604       0x18 ./Core/Src/ROS_mainpp.o
                0x000000000800f604                vtable for ros::Subscriber<std_msgs::String, void>
 .rodata._ZTVN3ros10SubscriberIN8std_msgs4BoolEvEE
                0x000000000800f61c       0x18 ./Core/Src/ROS_mainpp.o
                0x000000000800f61c                vtable for ros::Subscriber<std_msgs::Bool, void>
 .rodata._ZTVN3ros10SubscriberIN13geometry_msgs5TwistEvEE
                0x000000000800f634       0x18 ./Core/Src/ROS_mainpp.o
                0x000000000800f634                vtable for ros::Subscriber<geometry_msgs::Twist, void>
 .rodata._ZTVN3ros11NodeHandle_I13STM32HardwareLi25ELi25ELi512ELi512EEE
                0x000000000800f64c       0x14 ./Core/Src/ROS_mainpp.o
                0x000000000800f64c                vtable for ros::NodeHandle_<STM32Hardware, 25, 25, 512, 512>
 .rodata._ZTVN3ros11Subscriber_E
                0x000000000800f660       0x18 ./Core/Src/ROS_mainpp.o
                0x000000000800f660                vtable for ros::Subscriber_
 .rodata._ZTVN3ros15NodeHandleBase_E
                0x000000000800f678       0x14 ./Core/Src/ROS_mainpp.o
                0x000000000800f678                vtable for ros::NodeHandleBase_
 .rodata._ZTVN14rosserial_msgs20RequestParamResponseE
                0x000000000800f68c       0x18 ./Core/Src/ROS_mainpp.o
                0x000000000800f68c                vtable for rosserial_msgs::RequestParamResponse
 .rodata._ZTVN14rosserial_msgs3LogE
                0x000000000800f6a4       0x18 ./Core/Src/ROS_mainpp.o
                0x000000000800f6a4                vtable for rosserial_msgs::Log
 .rodata._ZTVN14rosserial_msgs9TopicInfoE
                0x000000000800f6bc       0x18 ./Core/Src/ROS_mainpp.o
                0x000000000800f6bc                vtable for rosserial_msgs::TopicInfo
 .rodata._ZTVN8std_msgs4TimeE
                0x000000000800f6d4       0x18 ./Core/Src/ROS_mainpp.o
                0x000000000800f6d4                vtable for std_msgs::Time
 .rodata._ZTVN8std_msgs4BoolE
                0x000000000800f6ec       0x18 ./Core/Src/ROS_mainpp.o
                0x000000000800f6ec                vtable for std_msgs::Bool
 .rodata._ZTVN8std_msgs6StringE
                0x000000000800f704       0x18 ./Core/Src/ROS_mainpp.o
                0x000000000800f704                vtable for std_msgs::String
 .rodata._ZTVN13geometry_msgs5TwistE
                0x000000000800f71c       0x18 ./Core/Src/ROS_mainpp.o
                0x000000000800f71c                vtable for geometry_msgs::Twist
 .rodata._ZTVN13geometry_msgs7Vector3E
                0x000000000800f734       0x18 ./Core/Src/ROS_mainpp.o
                0x000000000800f734                vtable for geometry_msgs::Vector3
 .rodata._ZTVN3ros3MsgE
                0x000000000800f74c       0x18 ./Core/Src/ROS_mainpp.o
                0x000000000800f74c                vtable for ros::Msg
 .rodata.D1CorePrescTable
                0x000000000800f764       0x10 ./Core/Src/system_stm32h7xx.o
                0x000000000800f764                D1CorePrescTable
 .rodata.flagBitshiftOffset.0
                0x000000000800f774        0x8 ./Drivers/STM32H7xx_HAL_Driver/Src/stm32h7xx_hal_dma.o
 .rodata.UARTPrescTable
                0x000000000800f77c       0x18 ./Drivers/STM32H7xx_HAL_Driver/Src/stm32h7xx_hal_uart.o
                0x000000000800f77c                UARTPrescTable
 .rodata.numerator.1
                0x000000000800f794        0x8 ./Drivers/STM32H7xx_HAL_Driver/Src/stm32h7xx_hal_uart_ex.o
 .rodata.denominator.0
                0x000000000800f79c        0x8 ./Drivers/STM32H7xx_HAL_Driver/Src/stm32h7xx_hal_uart_ex.o
                0x000000000800f7a4                . = ALIGN (0x4)

.ARM.extab
 *(.ARM.extab* .gnu.linkonce.armextab.*)

.ARM            0x000000000800f7a4        0x8
                0x000000000800f7a4                __exidx_start = .
 *(.ARM.exidx*)
 .ARM.exidx     0x000000000800f7a4        0x8 /home/tu/st/stm32cubeide_1.10.1/plugins/com.st.stm32cube.ide.mcu.externaltools.gnu-tools-for-stm32.10.3-2021.10.linux64_1.0.0.202111181127/tools/bin/../lib/gcc/arm-none-eabi/10.3.1/thumb/v7e-m+dp/hard/libgcc.a(_udivmoddi4.o)
                0x000000000800f7ac                __exidx_end = .

.rel.dyn        0x000000000800f7ac        0x0
 .rel.iplt      0x000000000800f7ac        0x0 /home/tu/st/stm32cubeide_1.10.1/plugins/com.st.stm32cube.ide.mcu.externaltools.gnu-tools-for-stm32.10.3-2021.10.linux64_1.0.0.202111181127/tools/bin/../lib/gcc/arm-none-eabi/10.3.1/thumb/v7e-m+dp/hard/crtbegin.o

.preinit_array  0x000000000800f7ac        0x0
                0x000000000800f7ac                PROVIDE (__preinit_array_start = .)
 *(.preinit_array*)
                0x000000000800f7ac                PROVIDE (__preinit_array_end = .)

.init_array     0x000000000800f7ac       0x14
                0x000000000800f7ac                PROVIDE (__init_array_start = .)
 *(SORT_BY_NAME(.init_array.*))
 *(.init_array*)
 .init_array    0x000000000800f7ac        0x4 /home/tu/st/stm32cubeide_1.10.1/plugins/com.st.stm32cube.ide.mcu.externaltools.gnu-tools-for-stm32.10.3-2021.10.linux64_1.0.0.202111181127/tools/bin/../lib/gcc/arm-none-eabi/10.3.1/thumb/v7e-m+dp/hard/crtbegin.o
 .init_array    0x000000000800f7b0        0x4 ./Core/Src/DC_Motor.o
 .init_array    0x000000000800f7b4        0x4 ./Core/Src/Dead_Wheel.o
 .init_array    0x000000000800f7b8        0x4 ./Core/Src/Omni.o
 .init_array    0x000000000800f7bc        0x4 ./Core/Src/ROS_mainpp.o
                0x000000000800f7c0                PROVIDE (__init_array_end = .)

.fini_array     0x000000000800f7c0        0x4
                [!provide]                        PROVIDE (__fini_array_start = .)
 *(SORT_BY_NAME(.fini_array.*))
 *(.fini_array*)
 .fini_array    0x000000000800f7c0        0x4 /home/tu/st/stm32cubeide_1.10.1/plugins/com.st.stm32cube.ide.mcu.externaltools.gnu-tools-for-stm32.10.3-2021.10.linux64_1.0.0.202111181127/tools/bin/../lib/gcc/arm-none-eabi/10.3.1/thumb/v7e-m+dp/hard/crtbegin.o
                [!provide]                        PROVIDE (__fini_array_end = .)
                0x000000000800f7c4                _sidata = LOADADDR (.data)

.data           0x0000000024000000       0xa0 load address 0x000000000800f7c4
                0x0000000024000000                . = ALIGN (0x4)
                0x0000000024000000                _sdata = .
 *(.data)
 *(.data*)
 .data._ZN8DC_Motor11WheelRadiusE
                0x0000000024000000        0x8 ./Core/Src/DC_Motor.o
                0x0000000024000000                DC_Motor::WheelRadius
 .data._ZN10Dead_Wheel11WheelRadiusE
                0x0000000024000008        0x8 ./Core/Src/Dead_Wheel.o
                0x0000000024000008                Dead_Wheel::WheelRadius
 .data.CAR_RADIUS
                0x0000000024000010       0x18 ./Core/Src/Omni.o
                0x0000000024000010                CAR_RADIUS
 .data.SystemCoreClock
                0x0000000024000028        0x4 ./Core/Src/system_stm32h7xx.o
                0x0000000024000028                SystemCoreClock
 .data.SystemD2Clock
                0x000000002400002c        0x4 ./Core/Src/system_stm32h7xx.o
                0x000000002400002c                SystemD2Clock
 .data.uwTickPrio
                0x0000000024000030        0x4 ./Drivers/STM32H7xx_HAL_Driver/Src/stm32h7xx_hal.o
                0x0000000024000030                uwTickPrio
 .data.uwTickFreq
                0x0000000024000034        0x1 ./Drivers/STM32H7xx_HAL_Driver/Src/stm32h7xx_hal.o
                0x0000000024000034                uwTickFreq
 *fill*         0x0000000024000035        0x3 
 .data._ZN10__cxxabiv119__terminate_handlerE
                0x0000000024000038        0x4 /home/tu/st/stm32cubeide_1.10.1/plugins/com.st.stm32cube.ide.mcu.externaltools.gnu-tools-for-stm32.10.3-2021.10.linux64_1.0.0.202111181127/tools/bin/../lib/gcc/arm-none-eabi/10.3.1/../../../../arm-none-eabi/lib/thumb/v7e-m+dp/hard/libstdc++_nano.a(eh_term_handler.o)