Archive member included to satisfy reference by file (symbol)

c:/st/stm32cubeide_1.10.1/stm32cubeide/plugins/com.st.stm32cube.ide.mcu.externaltools.gnu-tools-for-stm32.10.3-2021.10.win32_1.0.0.202111181127/tools/bin/../lib/gcc/arm-none-eabi/10.3.1/../../../../arm-none-eabi/lib/thumb/v7e-m+dp/hard\libstdc++_nano.a(pure.o)
                              ./Core/Src/ROS_mainpp.o (__cxa_pure_virtual)
c:/st/stm32cubeide_1.10.1/stm32cubeide/plugins/com.st.stm32cube.ide.mcu.externaltools.gnu-tools-for-stm32.10.3-2021.10.win32_1.0.0.202111181127/tools/bin/../lib/gcc/arm-none-eabi/10.3.1/../../../../arm-none-eabi/lib/thumb/v7e-m+dp/hard\libstdc++_nano.a(eh_terminate.o)
                              c:/st/stm32cubeide_1.10.1/stm32cubeide/plugins/com.st.stm32cube.ide.mcu.externaltools.gnu-tools-for-stm32.10.3-2021.10.win32_1.0.0.202111181127/tools/bin/../lib/gcc/arm-none-eabi/10.3.1/../../../../arm-none-eabi/lib/thumb/v7e-m+dp/hard\libstdc++_nano.a(pure.o) (std::terminate())
c:/st/stm32cubeide_1.10.1/stm32cubeide/plugins/com.st.stm32cube.ide.mcu.externaltools.gnu-tools-for-stm32.10.3-2021.10.win32_1.0.0.202111181127/tools/bin/../lib/gcc/arm-none-eabi/10.3.1/../../../../arm-none-eabi/lib/thumb/v7e-m+dp/hard\libstdc++_nano.a(eh_unex_handler.o)
                              c:/st/stm32cubeide_1.10.1/stm32cubeide/plugins/com.st.stm32cube.ide.mcu.externaltools.gnu-tools-for-stm32.10.3-2021.10.win32_1.0.0.202111181127/tools/bin/../lib/gcc/arm-none-eabi/10.3.1/../../../../arm-none-eabi/lib/thumb/v7e-m+dp/hard\libstdc++_nano.a(eh_terminate.o) (__cxxabiv1::__unexpected_handler)
c:/st/stm32cubeide_1.10.1/stm32cubeide/plugins/com.st.stm32cube.ide.mcu.externaltools.gnu-tools-for-stm32.10.3-2021.10.win32_1.0.0.202111181127/tools/bin/../lib/gcc/arm-none-eabi/10.3.1/../../../../arm-none-eabi/lib/thumb/v7e-m+dp/hard\libstdc++_nano.a(eh_term_handler.o)
                              c:/st/stm32cubeide_1.10.1/stm32cubeide/plugins/com.st.stm32cube.ide.mcu.externaltools.gnu-tools-for-stm32.10.3-2021.10.win32_1.0.0.202111181127/tools/bin/../lib/gcc/arm-none-eabi/10.3.1/../../../../arm-none-eabi/lib/thumb/v7e-m+dp/hard\libstdc++_nano.a(eh_terminate.o) (__cxxabiv1::__terminate_handler)
c:/st/stm32cubeide_1.10.1/stm32cubeide/plugins/com.st.stm32cube.ide.mcu.externaltools.gnu-tools-for-stm32.10.3-2021.10.win32_1.0.0.202111181127/tools/bin/../lib/gcc/arm-none-eabi/10.3.1/../../../../arm-none-eabi/lib/thumb/v7e-m+dp/hard\libc_nano.a(lib_a-abort.o)
                              c:/st/stm32cubeide_1.10.1/stm32cubeide/plugins/com.st.stm32cube.ide.mcu.externaltools.gnu-tools-for-stm32.10.3-2021.10.win32_1.0.0.202111181127/tools/bin/../lib/gcc/arm-none-eabi/10.3.1/../../../../arm-none-eabi/lib/thumb/v7e-m+dp/hard\libstdc++_nano.a(eh_terminate.o) (abort)
c:/st/stm32cubeide_1.10.1/stm32cubeide/plugins/com.st.stm32cube.ide.mcu.externaltools.gnu-tools-for-stm32.10.3-2021.10.win32_1.0.0.202111181127/tools/bin/../lib/gcc/arm-none-eabi/10.3.1/../../../../arm-none-eabi/lib/thumb/v7e-m+dp/hard\libc_nano.a(lib_a-errno.o)
                              ./Core/Src/syscalls.o (__errno)
c:/st/stm32cubeide_1.10.1/stm32cubeide/plugins/com.st.stm32cube.ide.mcu.externaltools.gnu-tools-for-stm32.10.3-2021.10.win32_1.0.0.202111181127/tools/bin/../lib/gcc/arm-none-eabi/10.3.1/../../../../arm-none-eabi/lib/thumb/v7e-m+dp/hard\libc_nano.a(lib_a-exit.o)
                              c:/st/stm32cubeide_1.10.1/stm32cubeide/plugins/com.st.stm32cube.ide.mcu.externaltools.gnu-tools-for-stm32.10.3-2021.10.win32_1.0.0.202111181127/tools/bin/../lib/gcc/arm-none-eabi/10.3.1/../../../../arm-none-eabi/lib/thumb/v7e-m+dp/hard/crt0.o (exit)
c:/st/stm32cubeide_1.10.1/stm32cubeide/plugins/com.st.stm32cube.ide.mcu.externaltools.gnu-tools-for-stm32.10.3-2021.10.win32_1.0.0.202111181127/tools/bin/../lib/gcc/arm-none-eabi/10.3.1/../../../../arm-none-eabi/lib/thumb/v7e-m+dp/hard\libc_nano.a(lib_a-impure.o)
                              c:/st/stm32cubeide_1.10.1/stm32cubeide/plugins/com.st.stm32cube.ide.mcu.externaltools.gnu-tools-for-stm32.10.3-2021.10.win32_1.0.0.202111181127/tools/bin/../lib/gcc/arm-none-eabi/10.3.1/../../../../arm-none-eabi/lib/thumb/v7e-m+dp/hard\libc_nano.a(lib_a-exit.o) (_global_impure_ptr)
c:/st/stm32cubeide_1.10.1/stm32cubeide/plugins/com.st.stm32cube.ide.mcu.externaltools.gnu-tools-for-stm32.10.3-2021.10.win32_1.0.0.202111181127/tools/bin/../lib/gcc/arm-none-eabi/10.3.1/../../../../arm-none-eabi/lib/thumb/v7e-m+dp/hard\libc_nano.a(lib_a-init.o)
                              c:/st/stm32cubeide_1.10.1/stm32cubeide/plugins/com.st.stm32cube.ide.mcu.externaltools.gnu-tools-for-stm32.10.3-2021.10.win32_1.0.0.202111181127/tools/bin/../lib/gcc/arm-none-eabi/10.3.1/../../../../arm-none-eabi/lib/thumb/v7e-m+dp/hard/crt0.o (__libc_init_array)
[...]
Memory Configuration

Name             Origin             Length             Attributes
ITCMRAM          0x0000000000000000 0x0000000000010000 xrw
DTCMRAM          0x0000000020000000 0x0000000000020000 xrw
FLASH            0x0000000008000000 0x0000000000100000 xr
RAM_D1           0x0000000024000000 0x0000000000050000 xrw
RAM_D2           0x0000000030000000 0x0000000000008000 xrw
RAM_D3           0x0000000038000000 0x0000000000004000 xrw
*default*        0x0000000000000000 0xffffffffffffffff

Linker script and memory map

LOAD c:/st/stm32cubeide_1.10.1/stm32cubeide/plugins/com.st.stm32cube.ide.mcu.externaltools.gnu-tools-for-stm32.10.3-2021.10.win32_1.0.0.202111181127/tools/bin/../lib/gcc/arm-none-eabi/10.3.1/thumb/v7e-m+dp/hard/crti.o
LOAD c:/st/stm32cubeide_1.10.1/stm32cubeide/plugins/com.st.stm32cube.ide.mcu.externaltools.gnu-tools-for-stm32.10.3-2021.10.win32_1.0.0.202111181127/tools/bin/../lib/gcc/arm-none-eabi/10.3.1/thumb/v7e-m+dp/hard/crtbegin.o
LOAD c:/st/stm32cubeide_1.10.1/stm32cubeide/plugins/com.st.stm32cube.ide.mcu.externaltools.gnu-tools-for-stm32.10.3-2021.10.win32_1.0.0.202111181127/tools/bin/../lib/gcc/arm-none-eabi/10.3.1/../../../../arm-none-eabi/lib/thumb/v7e-m+dp/hard/crt0.o
LOAD ./Core/Inc/duration.o
LOAD ./Core/Inc/time.o
LOAD ./Core/Src/DC_Motor.o
LOAD ./Core/Src/DebugMode.o
LOAD ./Core/Src/Omni.o
LOAD ./Core/Src/ROS_mainpp.o
LOAD ./Core/Src/function.o
LOAD ./Core/Src/main.o
LOAD ./Core/Src/mainpp.o
LOAD ./Core/Src/stm32h7xx_hal_msp.o
LOAD ./Core/Src/stm32h7xx_it.o
LOAD ./Core/Src/syscalls.o
LOAD ./Core/Src/sysmem.o
LOAD ./Core/Src/system_stm32h7xx.o
LOAD ./Core/Startup/startup_stm32h723zgtx.o
LOAD ./Drivers/STM32H7xx_HAL_Driver/Src/stm32h7xx_hal.o
LOAD ./Drivers/STM32H7xx_HAL_Driver/Src/stm32h7xx_hal_cortex.o
LOAD ./Drivers/STM32H7xx_HAL_Driver/Src/stm32h7xx_hal_dma.o
LOAD ./Drivers/STM32H7xx_HAL_Driver/Src/stm32h7xx_hal_dma_ex.o
LOAD ./Drivers/STM32H7xx_HAL_Driver/Src/stm32h7xx_hal_exti.o
LOAD ./Drivers/STM32H7xx_HAL_Driver/Src/stm32h7xx_hal_flash.o
LOAD ./Drivers/STM32H7xx_HAL_Driver/Src/stm32h7xx_hal_flash_ex.o
LOAD ./Drivers/STM32H7xx_HAL_Driver/Src/stm32h7xx_hal_gpio.o
LOAD ./Drivers/STM32H7xx_HAL_Driver/Src/stm32h7xx_hal_hsem.o
LOAD ./Drivers/STM32H7xx_HAL_Driver/Src/stm32h7xx_hal_i2c.o
LOAD ./Drivers/STM32H7xx_HAL_Driver/Src/stm32h7xx_hal_i2c_ex.o
LOAD ./Drivers/STM32H7xx_HAL_Driver/Src/stm32h7xx_hal_mdma.o
LOAD ./Drivers/STM32H7xx_HAL_Driver/Src/stm32h7xx_hal_pwr.o
LOAD ./Drivers/STM32H7xx_HAL_Driver/Src/stm32h7xx_hal_pwr_ex.o
LOAD ./Drivers/STM32H7xx_HAL_Driver/Src/stm32h7xx_hal_rcc.o
LOAD ./Drivers/STM32H7xx_HAL_Driver/Src/stm32h7xx_hal_rcc_ex.o
LOAD ./Drivers/STM32H7xx_HAL_Driver/Src/stm32h7xx_hal_tim.o
LOAD ./Drivers/STM32H7xx_HAL_Driver/Src/stm32h7xx_hal_tim_ex.o
LOAD ./Drivers/STM32H7xx_HAL_Driver/Src/stm32h7xx_hal_uart.o
LOAD ./Drivers/STM32H7xx_HAL_Driver/Src/stm32h7xx_hal_uart_ex.o
START GROUP
LOAD c:/st/stm32cubeide_1.10.1/stm32cubeide/plugins/com.st.stm32cube.ide.mcu.externaltools.gnu-tools-for-stm32.10.3-2021.10.win32_1.0.0.202111181127/tools/bin/../lib/gcc/arm-none-eabi/10.3.1/../../../../arm-none-eabi/lib/thumb/v7e-m+dp/hard\libstdc++_nano.a
LOAD c:/st/stm32cubeide_1.10.1/stm32cubeide/plugins/com.st.stm32cube.ide.mcu.externaltools.gnu-tools-for-stm32.10.3-2021.10.win32_1.0.0.202111181127/tools/bin/../lib/gcc/arm-none-eabi/10.3.1/../../../../arm-none-eabi/lib/thumb/v7e-m+dp/hard\libsupc++_nano.a
END GROUP
LOAD c:/st/stm32cubeide_1.10.1/stm32cubeide/plugins/com.st.stm32cube.ide.mcu.externaltools.gnu-tools-for-stm32.10.3-2021.10.win32_1.0.0.202111181127/tools/bin/../lib/gcc/arm-none-eabi/10.3.1/../../../../arm-none-eabi/lib/thumb/v7e-m+dp/hard\libstdc++_nano.a
LOAD c:/st/stm32cubeide_1.10.1/stm32cubeide/plugins/com.st.stm32cube.ide.mcu.externaltools.gnu-tools-for-stm32.10.3-2021.10.win32_1.0.0.202111181127/tools/bin/../lib/gcc/arm-none-eabi/10.3.1/../../../../arm-none-eabi/lib/thumb/v7e-m+dp/hard\libm.a
LOAD c:/st/stm32cubeide_1.10.1/stm32cubeide/plugins/com.st.stm32cube.ide.mcu.externaltools.gnu-tools-for-stm32.10.3-2021.10.win32_1.0.0.202111181127/tools/bin/../lib/gcc/arm-none-eabi/10.3.1/../../../../arm-none-eabi/lib/thumb/v7e-m+dp/hard\libc_nano.a
START GROUP
LOAD c:/st/stm32cubeide_1.10.1/stm32cubeide/plugins/com.st.stm32cube.ide.mcu.externaltools.gnu-tools-for-stm32.10.3-2021.10.win32_1.0.0.202111181127/tools/bin/../lib/gcc/arm-none-eabi/10.3.1/thumb/v7e-m+dp/hard\libgcc.a
LOAD c:/st/stm32cubeide_1.10.1/stm32cubeide/plugins/com.st.stm32cube.ide.mcu.externaltools.gnu-tools-for-stm32.10.3-2021.10.win32_1.0.0.202111181127/tools/bin/../lib/gcc/arm-none-eabi/10.3.1/../../../../arm-none-eabi/lib/thumb/v7e-m+dp/hard\libc_nano.a
END GROUP
START GROUP
LOAD c:/st/stm32cubeide_1.10.1/stm32cubeide/plugins/com.st.stm32cube.ide.mcu.externaltools.gnu-tools-for-stm32.10.3-2021.10.win32_1.0.0.202111181127/tools/bin/../lib/gcc/arm-none-eabi/10.3.1/thumb/v7e-m+dp/hard\libgcc.a
LOAD c:/st/stm32cubeide_1.10.1/stm32cubeide/plugins/com.st.stm32cube.ide.mcu.externaltools.gnu-tools-for-stm32.10.3-2021.10.win32_1.0.0.202111181127/tools/bin/../lib/gcc/arm-none-eabi/10.3.1/../../../../arm-none-eabi/lib/thumb/v7e-m+dp/hard\libc_nano.a
LOAD c:/st/stm32cubeide_1.10.1/stm32cubeide/plugins/com.st.stm32cube.ide.mcu.externaltools.gnu-tools-for-stm32.10.3-2021.10.win32_1.0.0.202111181127/tools/bin/../lib/gcc/arm-none-eabi/10.3.1/../../../../arm-none-eabi/lib/thumb/v7e-m+dp/hard\libnosys.a
END GROUP
START GROUP
LOAD c:/st/stm32cubeide_1.10.1/stm32cubeide/plugins/com.st.stm32cube.ide.mcu.externaltools.gnu-tools-for-stm32.10.3-2021.10.win32_1.0.0.202111181127/tools/bin/../lib/gcc/arm-none-eabi/10.3.1/thumb/v7e-m+dp/hard\libgcc.a
LOAD c:/st/stm32cubeide_1.10.1/stm32cubeide/plugins/com.st.stm32cube.ide.mcu.externaltools.gnu-tools-for-stm32.10.3-2021.10.win32_1.0.0.202111181127/tools/bin/../lib/gcc/arm-none-eabi/10.3.1/../../../../arm-none-eabi/lib/thumb/v7e-m+dp/hard\libc_nano.a
LOAD c:/st/stm32cubeide_1.10.1/stm32cubeide/plugins/com.st.stm32cube.ide.mcu.externaltools.gnu-tools-for-stm32.10.3-2021.10.win32_1.0.0.202111181127/tools/bin/../lib/gcc/arm-none-eabi/10.3.1/../../../../arm-none-eabi/lib/thumb/v7e-m+dp/hard\libnosys.a
END GROUP
LOAD c:/st/stm32cubeide_1.10.1/stm32cubeide/plugins/com.st.stm32cube.ide.mcu.externaltools.gnu-tools-for-stm32.10.3-2021.10.win32_1.0.0.202111181127/tools/bin/../lib/gcc/arm-none-eabi/10.3.1/thumb/v7e-m+dp/hard/crtend.o
LOAD c:/st/stm32cubeide_1.10.1/stm32cubeide/plugins/com.st.stm32cube.ide.mcu.externaltools.gnu-tools-for-stm32.10.3-2021.10.win32_1.0.0.202111181127/tools/bin/../lib/gcc/arm-none-eabi/10.3.1/thumb/v7e-m+dp/hard/crtn.o
                0x0000000024050000                _estack = (ORIGIN (RAM_D1) + LENGTH (RAM_D1))
                0x0000000000000200                _Min_Heap_Size = 0x200
                0x0000000000000400                _Min_Stack_Size = 0x400

.isr_vector     0x0000000008000000      0x2cc
                0x0000000008000000                . = ALIGN (0x4)
 *(.isr_vector)
 .isr_vector    0x0000000008000000      0x2cc ./Core/Startup/startup_stm32h723zgtx.o
                0x0000000008000000                g_pfnVectors
                0x00000000080002cc                . = ALIGN (0x4)

.text           0x00000000080002d0     0xe608
                0x00000000080002d0                . = ALIGN (0x4)
 *(.text)
 .text          0x00000000080002d0       0x40 c:/st/stm32cubeide_1.10.1/stm32cubeide/plugins/com.st.stm32cube.ide.mcu.externaltools.gnu-tools-for-stm32.10.3-2021.10.win32_1.0.0.202111181127/tools/bin/../lib/gcc/arm-none-eabi/10.3.1/thumb/v7e-m+dp/hard/crtbegin.o
 .text          0x0000000008000310       0x10 c:/st/stm32cubeide_1.10.1/stm32cubeide/plugins/com.st.stm32cube.ide.mcu.externaltools.gnu-tools-for-stm32.10.3-2021.10.win32_1.0.0.202111181127/tools/bin/../lib/gcc/arm-none-eabi/10.3.1/../../../../arm-none-eabi/lib/thumb/v7e-m+dp/hard\libc_nano.a(lib_a-strlen.o)
                0x0000000008000310                strlen
 .text          0x0000000008000320       0x30 c:/st/stm32cubeide_1.10.1/stm32cubeide/plugins/com.st.stm32cube.ide.mcu.externaltools.gnu-tools-for-stm32.10.3-2021.10.win32_1.0.0.202111181127/tools/bin/../lib/gcc/arm-none-eabi/10.3.1/thumb/v7e-m+dp/hard\libgcc.a(_aeabi_uldivmod.o)
                0x0000000008000320                __aeabi_uldivmod
 .text          0x0000000008000350      0x2d0 c:/st/stm32cubeide_1.10.1/stm32cubeide/plugins/com.st.stm32cube.ide.mcu.externaltools.gnu-tools-for-stm32.10.3-2021.10.win32_1.0.0.202111181127/tools/bin/../lib/gcc/arm-none-eabi/10.3.1/thumb/v7e-m+dp/hard\libgcc.a(_udivmoddi4.o)
                0x0000000008000350                __udivmoddi4
 .text          0x0000000008000620        0x4 c:/st/stm32cubeide_1.10.1/stm32cubeide/plugins/com.st.stm32cube.ide.mcu.externaltools.gnu-tools-for-stm32.10.3-2021.10.win32_1.0.0.202111181127/tools/bin/../lib/gcc/arm-none-eabi/10.3.1/thumb/v7e-m+dp/hard\libgcc.a(_dvmd_tls.o)
                0x0000000008000620                __aeabi_idiv0
                0x0000000008000620                __aeabi_ldiv0
 *(.text*)
 .text._ZN3ros16normalizeSecNSecERmS0_
                0x0000000008000624       0x58 ./Core/Inc/time.o
                0x0000000008000624                ros::normalizeSecNSec(unsigned long&, unsigned long&)
 .text._ZN8DC_Motor4InitEv
                0x000000000800067c       0x6c ./Core/Src/DC_Motor.o
                0x000000000800067c                DC_Motor::Init()
 .text._ZN8DC_Motor5Motor4InitEsP17TIM_HandleTypeDefdd
                0x00000000080006e8       0x42 ./Core/Src/DC_Motor.o
                0x00000000080006e8                DC_Motor::Motor::Init(short, TIM_HandleTypeDef*, double, double)
 *fill*         0x000000000800072a        0x6 
 .text._ZN8DC_Motor5Motor8UpdatePIEv
                0x0000000008000730      0x108 ./Core/Src/DC_Motor.o
                0x0000000008000730                DC_Motor::Motor::UpdatePI()
 .text._ZN8DC_Motor5Motor10UpdateVnowEv
                0x0000000008000838       0x5c ./Core/Src/DC_Motor.o
                0x0000000008000838                DC_Motor::Motor::UpdateVnow()
 .text._ZN8DC_Motor5Motor8SetVgoalEd
                0x0000000008000894       0x22 ./Core/Src/DC_Motor.o
                0x0000000008000894                DC_Motor::Motor::SetVgoal(double)
 .text._ZN8DC_Motor5Motor10Record_CNTEv
                0x00000000080008b6       0x24 ./Core/Src/DC_Motor.o
                0x00000000080008b6                DC_Motor::Motor::Record_CNT()
 *fill*         0x00000000080008da        0x2 
 .text._ZN8DC_Motor5Motor7MoveDisEv
                0x00000000080008dc       0x4c ./Core/Src/DC_Motor.o
                0x00000000080008dc                DC_Motor::Motor::MoveDis()
 .text._ZN8DC_Motor5Motor7GetVnowEv
                0x0000000008000928       0x20 ./Core/Src/DC_Motor.o
                0x0000000008000928                DC_Motor::Motor::GetVnow()
 .text._Z41__static_initialization_and_destruction_0ii
                0x0000000008000948       0xb4 ./Core/Src/DC_Motor.o
 .text._GLOBAL__sub_I__ZN8DC_Motor11WheelRadiusE
                0x00000000080009fc       0x10 ./Core/Src/DC_Motor.o
 .text._ZN8DC_Motor5MotorC2Ev
                0x0000000008000a0c       0x8c ./Core/Src/Omni.o
                0x0000000008000a0c                DC_Motor::Motor::Motor()
                0x0000000008000a0c                DC_Motor::Motor::Motor()
 .text._ZN8CAR_INFOC2Ev
                0x0000000008000a98       0x40 ./Core/Src/Omni.o
                0x0000000008000a98                CAR_INFO::CAR_INFO()
                0x0000000008000a98                CAR_INFO::CAR_INFO()
 .text._ZN4OmniC2Ev
                0x0000000008000ad8       0x4a ./Core/Src/Omni.o
                0x0000000008000ad8                Omni::Omni()
                0x0000000008000ad8                Omni::Omni()
 *fill*         0x0000000008000b22        0x6 
 .text._ZN4Omni4InitEv
                0x0000000008000b28       0xa4 ./Core/Src/Omni.o
                0x0000000008000b28                Omni::Init()
 *fill*         0x0000000008000bcc        0x4 
 .text._ZN4Omni17UpdateCarLocationEv
                0x0000000008000bd0      0x178 ./Core/Src/Omni.o
                0x0000000008000bd0                Omni::UpdateCarLocation()
 .text._ZN4Omni16UpdateNowCarInfoEv
                0x0000000008000d48      0x198 ./Core/Src/Omni.o
                0x0000000008000d48                Omni::UpdateNowCarInfo()
 .text._ZN4Omni14SetGoalCarInfoEddd
                0x0000000008000ee0       0x40 ./Core/Src/Omni.o
                0x0000000008000ee0                Omni::SetGoalCarInfo(double, double, double)
 .text._ZN4Omni10Update_PIDEv
                0x0000000008000f20       0x36 ./Core/Src/Omni.o
                0x0000000008000f20                Omni::Update_PID()
 .text._ZN4Omni15UpdateMotorVnowEv
                0x0000000008000f56       0x36 ./Core/Src/Omni.o
                0x0000000008000f56                Omni::UpdateMotorVnow()
 *fill*         0x0000000008000f8c        0x4 
 .text._ZN4Omni4MoveEv
                0x0000000008000f90      0x150 ./Core/Src/Omni.o
                0x0000000008000f90                Omni::Move()
 .text._ZN4Omni13SetMotorVgoalEv
                0x00000000080010e0      0x138 ./Core/Src/Omni.o
                0x00000000080010e0                Omni::SetMotorVgoal()
 .text._ZN4Omni13GetNowCarInfoEv
                0x0000000008001218       0x4a ./Core/Src/Omni.o
                0x0000000008001218                Omni::GetNowCarInfo()
 .text._ZN4Omni17GetNowCarLocationEv
                0x0000000008001262       0x4a ./Core/Src/Omni.o
                0x0000000008001262                Omni::GetNowCarLocation()
 .text._ZN4Omni12SetCarRadiusEd
                0x00000000080012ac       0x22 ./Core/Src/Omni.o
                0x00000000080012ac                Omni::SetCarRadius(double)
 *fill*         0x00000000080012ce        0x2 
 .text._Z41__static_initialization_and_destruction_0ii
                0x00000000080012d0       0x2c ./Core/Src/Omni.o
 .text._GLOBAL__sub_I_omni
                0x00000000080012fc       0x10 ./Core/Src/Omni.o
 .text._ZN3ros3MsgC2Ev
                0x000000000800130c       0x20 ./Core/Src/ROS_mainpp.o
                0x000000000800130c                ros::Msg::Msg()
                0x000000000800130c                ros::Msg::Msg()
 .text._ZN13geometry_msgs7Vector3C2Ev
                0x000000000800132c       0x50 ./Core/Src/ROS_mainpp.o
                0x000000000800132c                geometry_msgs::Vector3::Vector3()
                0x000000000800132c                geometry_msgs::Vector3::Vector3()
 .text._ZNK13geometry_msgs7Vector39serializeEPh
                0x000000000800137c      0x2e6 ./Core/Src/ROS_mainpp.o
                0x000000000800137c                geometry_msgs::Vector3::serialize(unsigned char*) const
 .text._ZN13geometry_msgs7Vector311deserializeEPh
                0x0000000008001662      0x6be ./Core/Src/ROS_mainpp.o
                0x0000000008001662                geometry_msgs::Vector3::deserialize(unsigned char*)
 .text._ZN13geometry_msgs7Vector37getTypeEv
                0x0000000008001d20       0x1c ./Core/Src/ROS_mainpp.o
                0x0000000008001d20                geometry_msgs::Vector3::getType()
 .text._ZN13geometry_msgs7Vector36getMD5Ev
                0x0000000008001d3c       0x1c ./Core/Src/ROS_mainpp.o
                0x0000000008001d3c                geometry_msgs::Vector3::getMD5()
 .text._ZN13geometry_msgs5TwistC2Ev
                0x0000000008001d58       0x38 ./Core/Src/ROS_mainpp.o
                0x0000000008001d58                geometry_msgs::Twist::Twist()
                0x0000000008001d58                geometry_msgs::Twist::Twist()
 .text._ZNK13geometry_msgs5Twist9serializeEPh
                0x0000000008001d90       0x4c ./Core/Src/ROS_mainpp.o
                0x0000000008001d90                geometry_msgs::Twist::serialize(unsigned char*) const
 .text._ZN13geometry_msgs5Twist11deserializeEPh
                0x0000000008001ddc       0x4c ./Core/Src/ROS_mainpp.o
                0x0000000008001ddc                geometry_msgs::Twist::deserialize(unsigned char*)
 .text._ZN13geometry_msgs5Twist7getTypeEv
                0x0000000008001e28       0x1c ./Core/Src/ROS_mainpp.o
                0x0000000008001e28                geometry_msgs::Twist::getType()
 .text._ZN13geometry_msgs5Twist6getMD5Ev
                0x0000000008001e44       0x1c ./Core/Src/ROS_mainpp.o
                0x0000000008001e44                geometry_msgs::Twist::getMD5()
 .text._ZN8std_msgs6StringC2Ev
                0x0000000008001e60       0x30 ./Core/Src/ROS_mainpp.o
                0x0000000008001e60                std_msgs::String::String()
                0x0000000008001e60                std_msgs::String::String()
 .text._ZNK8std_msgs6String9serializeEPh
                0x0000000008001e90       0x52 ./Core/Src/ROS_mainpp.o
                0x0000000008001e90                std_msgs::String::serialize(unsigned char*) const
 .text._ZN8std_msgs6String11deserializeEPh
                0x0000000008001ee2       0x7e ./Core/Src/ROS_mainpp.o
                0x0000000008001ee2                std_msgs::String::deserialize(unsigned char*)
 .text._ZN8std_msgs6String7getTypeEv
                0x0000000008001f60       0x1c ./Core/Src/ROS_mainpp.o
                0x0000000008001f60                std_msgs::String::getType()
 .text._ZN8std_msgs6String6getMD5Ev
                0x0000000008001f7c       0x1c ./Core/Src/ROS_mainpp.o
                0x0000000008001f7c                std_msgs::String::getMD5()
 .text._ZN8std_msgs4BoolC2Ev
                0x0000000008001f98       0x2c ./Core/Src/ROS_mainpp.o
                0x0000000008001f98                std_msgs::Bool::Bool()
                0x0000000008001f98                std_msgs::Bool::Bool()
 .text._ZNK8std_msgs4Bool9serializeEPh
                0x0000000008001fc4       0x32 ./Core/Src/ROS_mainpp.o
                0x0000000008001fc4                std_msgs::Bool::serialize(unsigned char*) const
 .text._ZN8std_msgs4Bool11deserializeEPh
                0x0000000008001ff6       0x3c ./Core/Src/ROS_mainpp.o
                0x0000000008001ff6                std_msgs::Bool::deserialize(unsigned char*)
 *fill*         0x0000000008002032        0x2 
 .text._ZN8std_msgs4Bool7getTypeEv
                0x0000000008002034       0x1c ./Core/Src/ROS_mainpp.o
                0x0000000008002034                std_msgs::Bool::getType()
 .text._ZN8std_msgs4Bool6getMD5Ev
                0x0000000008002050       0x1c ./Core/Src/ROS_mainpp.o
                0x0000000008002050                std_msgs::Bool::getMD5()
 .text._ZN3ros4TimeC2Ev
                0x000000000800206c       0x22 ./Core/Src/ROS_mainpp.o
                0x000000000800206c                ros::Time::Time()
                0x000000000800206c                ros::Time::Time()
 *fill*         0x000000000800208e        0x2 
 .text._ZN8std_msgs4TimeC2Ev
                0x0000000008002090       0x30 ./Core/Src/ROS_mainpp.o
                0x0000000008002090                std_msgs::Time::Time()
                0x0000000008002090                std_msgs::Time::Time()
 .text._ZNK8std_msgs4Time9serializeEPh
                0x00000000080020c0       0xb0 ./Core/Src/ROS_mainpp.o
                0x00000000080020c0                std_msgs::Time::serialize(unsigned char*) const
 .text._ZN8std_msgs4Time11deserializeEPh
                0x0000000008002170       0xc8 ./Core/Src/ROS_mainpp.o
                0x0000000008002170                std_msgs::Time::deserialize(unsigned char*)
 .text._ZN8std_msgs4Time7getTypeEv
                0x0000000008002238       0x1c ./Core/Src/ROS_mainpp.o
                0x0000000008002238                std_msgs::Time::getType()
 .text._ZN8std_msgs4Time6getMD5Ev
                0x0000000008002254       0x1c ./Core/Src/ROS_mainpp.o
                0x0000000008002254                std_msgs::Time::getMD5()
 .text._ZN14rosserial_msgs9TopicInfoC2Ev
                0x0000000008002270       0x48 ./Core/Src/ROS_mainpp.o
                0x0000000008002270                rosserial_msgs::TopicInfo::TopicInfo()
                0x0000000008002270                rosserial_msgs::TopicInfo::TopicInfo()
 .text._ZNK14rosserial_msgs9TopicInfo9serializeEPh
                0x00000000080022b8      0x136 ./Core/Src/ROS_mainpp.o
                0x00000000080022b8                rosserial_msgs::TopicInfo::serialize(unsigned char*) const
 .text._ZN14rosserial_msgs9TopicInfo11deserializeEPh
                0x00000000080023ee      0x1d0 ./Core/Src/ROS_mainpp.o
                0x00000000080023ee                rosserial_msgs::TopicInfo::deserialize(unsigned char*)
 *fill*         0x00000000080025be        0x2 
 .text._ZN14rosserial_msgs9TopicInfo7getTypeEv
                0x00000000080025c0       0x1c ./Core/Src/ROS_mainpp.o
                0x00000000080025c0                rosserial_msgs::TopicInfo::getType()
 .text._ZN14rosserial_msgs9TopicInfo6getMD5Ev
                0x00000000080025dc       0x1c ./Core/Src/ROS_mainpp.o
                0x00000000080025dc                rosserial_msgs::TopicInfo::getMD5()
 .text._ZN14rosserial_msgs3LogC2Ev
                0x00000000080025f8       0x34 ./Core/Src/ROS_mainpp.o
                0x00000000080025f8                rosserial_msgs::Log::Log()
                0x00000000080025f8                rosserial_msgs::Log::Log()
 .text._ZNK14rosserial_msgs3Log9serializeEPh
                0x000000000800262c       0x64 ./Core/Src/ROS_mainpp.o
                0x000000000800262c                rosserial_msgs::Log::serialize(unsigned char*) const
 .text._ZN14rosserial_msgs3Log11deserializeEPh
                0x0000000008002690       0x90 ./Core/Src/ROS_mainpp.o
                0x0000000008002690                rosserial_msgs::Log::deserialize(unsigned char*)
 .text._ZN14rosserial_msgs3Log7getTypeEv
                0x0000000008002720       0x1c ./Core/Src/ROS_mainpp.o
                0x0000000008002720                rosserial_msgs::Log::getType()
 .text._ZN14rosserial_msgs3Log6getMD5Ev
                0x000000000800273c       0x1c ./Core/Src/ROS_mainpp.o
                0x000000000800273c                rosserial_msgs::Log::getMD5()
 .text._ZN14rosserial_msgs20RequestParamResponseC2Ev
                0x0000000008002758       0x48 ./Core/Src/ROS_mainpp.o
                0x0000000008002758                rosserial_msgs::RequestParamResponse::RequestParamResponse()
                0x0000000008002758                rosserial_msgs::RequestParamResponse::RequestParamResponse()
 .text._ZNK14rosserial_msgs20RequestParamResponse9serializeEPh
                0x00000000080027a0      0x222 ./Core/Src/ROS_mainpp.o
                0x00000000080027a0                rosserial_msgs::RequestParamResponse::serialize(unsigned char*) const
 .text._ZN14rosserial_msgs20RequestParamResponse11deserializeEPh
                0x00000000080029c2      0x2e2 ./Core/Src/ROS_mainpp.o
                0x00000000080029c2                rosserial_msgs::RequestParamResponse::deserialize(unsigned char*)
 .text._ZN14rosserial_msgs20RequestParamResponse7getTypeEv
                0x0000000008002ca4       0x1c ./Core/Src/ROS_mainpp.o
                0x0000000008002ca4                rosserial_msgs::RequestParamResponse::getType()
 .text._ZN14rosserial_msgs20RequestParamResponse6getMD5Ev
                0x0000000008002cc0       0x1c ./Core/Src/ROS_mainpp.o
                0x0000000008002cc0                rosserial_msgs::RequestParamResponse::getMD5()
 .text._ZN3ros9PublisherC2EPKcPNS_3MsgEi
                0x0000000008002cdc       0x2e ./Core/Src/ROS_mainpp.o
                0x0000000008002cdc                ros::Publisher::Publisher(char const*, ros::Msg*, int)
                0x0000000008002cdc                ros::Publisher::Publisher(char const*, ros::Msg*, int)
 .text._ZN3ros9Publisher7publishEPKNS_3MsgE
                0x0000000008002d0a       0x28 ./Core/Src/ROS_mainpp.o
                0x0000000008002d0a                ros::Publisher::publish(ros::Msg const*)
 .text._ZN3ros9Publisher15getEndpointTypeEv
                0x0000000008002d32       0x18 ./Core/Src/ROS_mainpp.o
                0x0000000008002d32                ros::Publisher::getEndpointType()
 *fill*         0x0000000008002d4a        0x2 
 .text._ZN13STM32Hardware10getRdmaIndEv
                0x0000000008002d4c      0x15c ./Core/Src/ROS_mainpp.o
                0x0000000008002d4c                STM32Hardware::getRdmaInd()
 .text._ZN13STM32HardwareC2Ev
                0x0000000008002ea8       0x38 ./Core/Src/ROS_mainpp.o
                0x0000000008002ea8                STM32Hardware::STM32Hardware()
                0x0000000008002ea8                STM32Hardware::STM32Hardware()
 .text._ZN13STM32Hardware4initEv
                0x0000000008002ee0       0x16 ./Core/Src/ROS_mainpp.o
                0x0000000008002ee0                STM32Hardware::init()
 .text._ZN13STM32Hardware10reset_rbufEv
                0x0000000008002ef6       0x22 ./Core/Src/ROS_mainpp.o
                0x0000000008002ef6                STM32Hardware::reset_rbuf()
 .text._ZN13STM32Hardware4readEv
                0x0000000008002f18       0x5a ./Core/Src/ROS_mainpp.o
                0x0000000008002f18                STM32Hardware::read()
 *fill*         0x0000000008002f72        0x2 
 .text._ZN13STM32Hardware5flushEv
                0x0000000008002f74       0xb8 ./Core/Src/ROS_mainpp.o
                0x0000000008002f74                STM32Hardware::flush()
 .text._ZN13STM32Hardware5writeEPhi
                0x000000000800302c       0x8c ./Core/Src/ROS_mainpp.o
                0x000000000800302c                STM32Hardware::write(unsigned char*, int)
 .text._ZN13STM32Hardware4timeEv
                0x00000000080030b8       0x16 ./Core/Src/ROS_mainpp.o
                0x00000000080030b8                STM32Hardware::time()
 *fill*         0x00000000080030ce        0x2 
 .text._ZN3ROS10GoalVel_CBERKN13geometry_msgs5TwistE
                0x00000000080030d0       0x38 ./Core/Src/ROS_mainpp.o
                0x00000000080030d0                ROS::GoalVel_CB(geometry_msgs::Twist const&)
 .text._ZN3ROS8Start_CBERKN8std_msgs4BoolE
                0x0000000008003108       0x14 ./Core/Src/ROS_mainpp.o
                0x0000000008003108                ROS::Start_CB(std_msgs::Bool const&)
 .text._ZN3ROS9Finish_CBERKN8std_msgs6StringE
                0x000000000800311c       0x50 ./Core/Src/ROS_mainpp.o
                0x000000000800311c                ROS::Finish_CB(std_msgs::String const&)
 .text._ZN3ROS5setupEv
                0x000000000800316c       0x4c ./Core/Src/ROS_mainpp.o
                0x000000000800316c                ROS::setup()
 .text._ZN3ROS4loopEv
                0x00000000080031b8       0x14 ./Core/Src/ROS_mainpp.o
                0x00000000080031b8                ROS::loop()
 .text._ZN3ROS10PubCarVnowEv
                0x00000000080031cc       0xac ./Core/Src/ROS_mainpp.o
                0x00000000080031cc                ROS::PubCarVnow()
 .text.HAL_UART_TxCpltCallback
                0x0000000008003278       0x24 ./Core/Src/ROS_mainpp.o
                0x0000000008003278                HAL_UART_TxCpltCallback
 .text.HAL_UART_RxCpltCallback
                0x000000000800329c       0x24 ./Core/Src/ROS_mainpp.o
                0x000000000800329c                HAL_UART_RxCpltCallback
 .text._ZN3ros3Msg8varToArrIPhmEEvT_T0_
                0x00000000080032c0       0x3c ./Core/Src/ROS_mainpp.o
                0x00000000080032c0                void ros::Msg::varToArr<unsigned char*, unsigned long>(unsigned char*, unsigned long)
 .text._ZN3ros3Msg8arrToVarImPhEEvRT_T0_
                0x00000000080032fc       0x4a ./Core/Src/ROS_mainpp.o
                0x00000000080032fc                void ros::Msg::arrToVar<unsigned long, unsigned char*>(unsigned long&, unsigned char*)
 *fill*         0x0000000008003346        0x2 
 .text._ZN3ros15NodeHandleBase_C2Ev
                0x0000000008003348       0x20 ./Core/Src/ROS_mainpp.o
                0x0000000008003348                ros::NodeHandleBase_::NodeHandleBase_()
                0x0000000008003348                ros::NodeHandleBase_::NodeHandleBase_()
 .text._ZN3ros11NodeHandle_I13STM32HardwareLi25ELi25ELi512ELi512EEC2Ev
                0x0000000008003368      0x100 ./Core/Src/ROS_mainpp.o
                0x0000000008003368                ros::NodeHandle_<STM32Hardware, 25, 25, 512, 512>::NodeHandle_()
                0x0000000008003368                ros::NodeHandle_<STM32Hardware, 25, 25, 512, 512>::NodeHandle_()
 .text._ZN3ros11Subscriber_C2Ev
                0x0000000008003468       0x20 ./Core/Src/ROS_mainpp.o
                0x0000000008003468                ros::Subscriber_::Subscriber_()
                0x0000000008003468                ros::Subscriber_::Subscriber_()
 .text._ZN3ros10SubscriberIN13geometry_msgs5TwistEvEC2EPKcPFvRKS2_Ei
                0x0000000008003488       0x48 ./Core/Src/ROS_mainpp.o
                0x0000000008003488                ros::Subscriber<geometry_msgs::Twist, void>::Subscriber(char const*, void (*)(geometry_msgs::Twist const&), int)
                0x0000000008003488                ros::Subscriber<geometry_msgs::Twist, void>::Subscriber(char const*, void (*)(geometry_msgs::Twist const&), int)
 .text._ZN3ros10SubscriberIN8std_msgs4BoolEvEC2EPKcPFvRKS2_Ei
                0x00000000080034d0       0x48 ./Core/Src/ROS_mainpp.o
                0x00000000080034d0                ros::Subscriber<std_msgs::Bool, void>::Subscriber(char const*, void (*)(std_msgs::Bool const&), int)
                0x00000000080034d0                ros::Subscriber<std_msgs::Bool, void>::Subscriber(char const*, void (*)(std_msgs::Bool const&), int)
 .text._ZN3ros10SubscriberIN8std_msgs6StringEvEC2EPKcPFvRKS2_Ei
                0x0000000008003518       0x48 ./Core/Src/ROS_mainpp.o
                0x0000000008003518                ros::Subscriber<std_msgs::String, void>::Subscriber(char const*, void (*)(std_msgs::String const&), int)
                0x0000000008003518                ros::Subscriber<std_msgs::String, void>::Subscriber(char const*, void (*)(std_msgs::String const&), int)
 .text._ZN3ros11NodeHandle_I13STM32HardwareLi25ELi25ELi512ELi512EE8initNodeEv
                0x0000000008003560       0x3a ./Core/Src/ROS_mainpp.o
                0x0000000008003560                ros::NodeHandle_<STM32Hardware, 25, 25, 512, 512>::initNode()
 .text._ZN3ros11NodeHandle_I13STM32HardwareLi25ELi25ELi512ELi512EE9subscribeINS_10SubscriberIN13geometry_msgs5TwistEvEEEEbRT_
                0x000000000800359a       0x56 ./Core/Src/ROS_mainpp.o
                0x000000000800359a                bool ros::NodeHandle_<STM32Hardware, 25, 25, 512, 512>::subscribe<ros::Subscriber<geometry_msgs::Twist, void> >(ros::Subscriber<geometry_msgs::Twist, void>&)
 .text._ZN3ros11NodeHandle_I13STM32HardwareLi25ELi25ELi512ELi512EE9subscribeINS_10SubscriberIN8std_msgs4BoolEvEEEEbRT_
                0x00000000080035f0       0x56 ./Core/Src/ROS_mainpp.o
                0x00000000080035f0                bool ros::NodeHandle_<STM32Hardware, 25, 25, 512, 512>::subscribe<ros::Subscriber<std_msgs::Bool, void> >(ros::Subscriber<std_msgs::Bool, void>&)
 .text._ZN3ros11NodeHandle_I13STM32HardwareLi25ELi25ELi512ELi512EE9subscribeINS_10SubscriberIN8std_msgs6StringEvEEEEbRT_
                0x0000000008003646       0x56 ./Core/Src/ROS_mainpp.o
                0x0000000008003646                bool ros::NodeHandle_<STM32Hardware, 25, 25, 512, 512>::subscribe<ros::Subscriber<std_msgs::String, void> >(ros::Subscriber<std_msgs::String, void>&)
 .text._ZN3ros11NodeHandle_I13STM32HardwareLi25ELi25ELi512ELi512EE9advertiseERNS_9PublisherE
                0x000000000800369c       0x60 ./Core/Src/ROS_mainpp.o
                0x000000000800369c                ros::NodeHandle_<STM32Hardware, 25, 25, 512, 512>::advertise(ros::Publisher&)
 .text._ZN3ros11NodeHandle_I13STM32HardwareLi25ELi25ELi512ELi512EE8spinOnceEv
                0x00000000080036fc      0x3b2 ./Core/Src/ROS_mainpp.o
                0x00000000080036fc                ros::NodeHandle_<STM32Hardware, 25, 25, 512, 512>::spinOnce()
 .text._ZN3ros11NodeHandle_I13STM32HardwareLi25ELi25ELi512ELi512EE11getHardwareEv
                0x0000000008003aae       0x18 ./Core/Src/ROS_mainpp.o
                0x0000000008003aae                ros::NodeHandle_<STM32Hardware, 25, 25, 512, 512>::getHardware()
 .text._ZN3ros11NodeHandle_I13STM32HardwareLi25ELi25ELi512ELi512EE15requestSyncTimeEv
                0x0000000008003ac6       0x3c ./Core/Src/ROS_mainpp.o
                0x0000000008003ac6                ros::NodeHandle_<STM32Hardware, 25, 25, 512, 512>::requestSyncTime()
 .text._ZN3ros11NodeHandle_I13STM32HardwareLi25ELi25ELi512ELi512EE15negotiateTopicsEv
                0x0000000008003b02      0x1be ./Core/Src/ROS_mainpp.o
                0x0000000008003b02                ros::NodeHandle_<STM32Hardware, 25, 25, 512, 512>::negotiateTopics()
 .text._ZN3ros11NodeHandle_I13STM32HardwareLi25ELi25ELi512ELi512EE8syncTimeEPh
                0x0000000008003cc0       0x98 ./Core/Src/ROS_mainpp.o
                0x0000000008003cc0                ros::NodeHandle_<STM32Hardware, 25, 25, 512, 512>::syncTime(unsigned char*)
 .text._ZN3ros11NodeHandle_I13STM32HardwareLi25ELi25ELi512ELi512EE7publishEiPKNS_3MsgE
                0x0000000008003d58      0x128 ./Core/Src/ROS_mainpp.o
                0x0000000008003d58                ros::NodeHandle_<STM32Hardware, 25, 25, 512, 512>::publish(int, ros::Msg const*)
 .text._ZN3ros11NodeHandle_I13STM32HardwareLi25ELi25ELi512ELi512EE6setNowERNS_4TimeE
                0x0000000008003e80       0x80 ./Core/Src/ROS_mainpp.o
                0x0000000008003e80                ros::NodeHandle_<STM32Hardware, 25, 25, 512, 512>::setNow(ros::Time&)
 .text._ZN3ros11NodeHandle_I13STM32HardwareLi25ELi25ELi512ELi512EE8logerrorEPKc
                0x0000000008003f00       0x1c ./Core/Src/ROS_mainpp.o
                0x0000000008003f00                ros::NodeHandle_<STM32Hardware, 25, 25, 512, 512>::logerror(char const*)
 .text._ZN3ros11NodeHandle_I13STM32HardwareLi25ELi25ELi512ELi512EE3logEcPKc
                0x0000000008003f1c       0x38 ./Core/Src/ROS_mainpp.o
                0x0000000008003f1c                ros::NodeHandle_<STM32Hardware, 25, 25, 512, 512>::log(char, char const*)
 .text._Z41__static_initialization_and_destruction_0ii
                0x0000000008003f54       0x94 ./Core/Src/ROS_mainpp.o
 .text._ZN3ros10SubscriberIN8std_msgs6StringEvE8callbackEPh
                0x0000000008003fe8       0x2a ./Core/Src/ROS_mainpp.o
                0x0000000008003fe8                ros::Subscriber<std_msgs::String, void>::callback(unsigned char*)
 .text._ZN3ros10SubscriberIN8std_msgs6StringEvE15getEndpointTypeEv
                0x0000000008004012       0x18 ./Core/Src/ROS_mainpp.o
                0x0000000008004012                ros::Subscriber<std_msgs::String, void>::getEndpointType()
 .text._ZN3ros10SubscriberIN8std_msgs6StringEvE10getMsgTypeEv
                0x000000000800402a       0x1c ./Core/Src/ROS_mainpp.o
                0x000000000800402a                ros::Subscriber<std_msgs::String, void>::getMsgType()
 .text._ZN3ros10SubscriberIN8std_msgs6StringEvE9getMsgMD5Ev
                0x0000000008004046       0x1c ./Core/Src/ROS_mainpp.o
                0x0000000008004046                ros::Subscriber<std_msgs::String, void>::getMsgMD5()
 .text._ZN3ros10SubscriberIN8std_msgs4BoolEvE8callbackEPh
                0x0000000008004062       0x2a ./Core/Src/ROS_mainpp.o
                0x0000000008004062                ros::Subscriber<std_msgs::Bool, void>::callback(unsigned char*)
 .text._ZN3ros10SubscriberIN8std_msgs4BoolEvE15getEndpointTypeEv
                0x000000000800408c       0x18 ./Core/Src/ROS_mainpp.o
                0x000000000800408c                ros::Subscriber<std_msgs::Bool, void>::getEndpointType()
 .text._ZN3ros10SubscriberIN8std_msgs4BoolEvE10getMsgTypeEv
                0x00000000080040a4       0x1c ./Core/Src/ROS_mainpp.o
                0x00000000080040a4                ros::Subscriber<std_msgs::Bool, void>::getMsgType()
 .text._ZN3ros10SubscriberIN8std_msgs4BoolEvE9getMsgMD5Ev
                0x00000000080040c0       0x1c ./Core/Src/ROS_mainpp.o
                0x00000000080040c0                ros::Subscriber<std_msgs::Bool, void>::getMsgMD5()
 .text._ZN3ros10SubscriberIN13geometry_msgs5TwistEvE8callbackEPh
                0x00000000080040dc       0x2a ./Core/Src/ROS_mainpp.o
                0x00000000080040dc                ros::Subscriber<geometry_msgs::Twist, void>::callback(unsigned char*)
 .text._ZN3ros10SubscriberIN13geometry_msgs5TwistEvE15getEndpointTypeEv
                0x0000000008004106       0x18 ./Core/Src/ROS_mainpp.o
                0x0000000008004106                ros::Subscriber<geometry_msgs::Twist, void>::getEndpointType()
 .text._ZN3ros10SubscriberIN13geometry_msgs5TwistEvE10getMsgTypeEv
                0x000000000800411e       0x1c ./Core/Src/ROS_mainpp.o
                0x000000000800411e                ros::Subscriber<geometry_msgs::Twist, void>::getMsgType()
 .text._ZN3ros10SubscriberIN13geometry_msgs5TwistEvE9getMsgMD5Ev
                0x000000000800413a       0x1c ./Core/Src/ROS_mainpp.o
                0x000000000800413a                ros::Subscriber<geometry_msgs::Twist, void>::getMsgMD5()
 .text._ZN3ros11NodeHandle_I13STM32HardwareLi25ELi25ELi512ELi512EE9connectedEv
                0x0000000008004156       0x1a ./Core/Src/ROS_mainpp.o
                0x0000000008004156                ros::NodeHandle_<STM32Hardware, 25, 25, 512, 512>::connected()
 .text._GLOBAL__sub_I_nh
                0x0000000008004170       0x10 ./Core/Src/ROS_mainpp.o
 .text.HAL_TIM_PeriodElapsedCallback
                0x0000000008004180       0x80 ./Core/Src/function.o
                0x0000000008004180                HAL_TIM_PeriodElapsedCallback
 .text.main     0x0000000008004200       0x3e ./Core/Src/main.o
                0x0000000008004200                main
 *fill*         0x000000000800423e        0x2 
 .text.SystemClock_Config
                0x0000000008004240       0xe0 ./Core/Src/main.o
                0x0000000008004240                SystemClock_Config
 .text.MX_TIM1_Init
                0x0000000008004320       0xb4 ./Core/Src/main.o
 .text.MX_TIM2_Init
                0x00000000080043d4       0xa8 ./Core/Src/main.o
 .text.MX_TIM3_Init
                0x000000000800447c       0xac ./Core/Src/main.o
 .text.MX_TIM4_Init
                0x0000000008004528       0xac ./Core/Src/main.o
 .text.MX_TIM7_Init
                0x00000000080045d4       0x6c ./Core/Src/main.o
 .text.MX_TIM12_Init
                0x0000000008004640       0xa0 ./Core/Src/main.o
 .text.MX_TIM13_Init
                0x00000000080046e0       0x48 ./Core/Src/main.o
 .text.MX_TIM15_Init
                0x0000000008004728      0x124 ./Core/Src/main.o
 .text.MX_USART1_UART_Init
                0x000000000800484c       0xa8 ./Core/Src/main.o
 .text.MX_DMA_Init
                0x00000000080048f4       0x50 ./Core/Src/main.o
 .text.MX_GPIO_Init
                0x0000000008004944      0x18c ./Core/Src/main.o
 .text.Error_Handler
                0x0000000008004ad0        0xa ./Core/Src/main.o
                0x0000000008004ad0                Error_Handler
 *fill*         0x0000000008004ada        0x2 
 .text.main_function
                0x0000000008004adc       0x3c ./Core/Src/mainpp.o
                0x0000000008004adc                main_function
 .text.HAL_MspInit
                0x0000000008004b18       0x34 ./Core/Src/stm32h7xx_hal_msp.o
                0x0000000008004b18                HAL_MspInit
 .text.HAL_TIM_Encoder_MspInit
                0x0000000008004b4c      0x224 ./Core/Src/stm32h7xx_hal_msp.o
                0x0000000008004b4c                HAL_TIM_Encoder_MspInit
 .text.HAL_TIM_Base_MspInit
                0x0000000008004d70       0x90 ./Core/Src/stm32h7xx_hal_msp.o
                0x0000000008004d70                HAL_TIM_Base_MspInit
 .text.HAL_TIM_PWM_MspInit
                0x0000000008004e00       0x74 ./Core/Src/stm32h7xx_hal_msp.o
                0x0000000008004e00                HAL_TIM_PWM_MspInit
 .text.HAL_TIM_MspPostInit
                0x0000000008004e74       0xc8 ./Core/Src/stm32h7xx_hal_msp.o
                0x0000000008004e74                HAL_TIM_MspPostInit
 .text.HAL_UART_MspInit
                0x0000000008004f3c      0x1a4 ./Core/Src/stm32h7xx_hal_msp.o
                0x0000000008004f3c                HAL_UART_MspInit
 .text.NMI_Handler
                0x00000000080050e0        0x6 ./Core/Src/stm32h7xx_it.o
                0x00000000080050e0                NMI_Handler
 .text.HardFault_Handler
                0x00000000080050e6        0x6 ./Core/Src/stm32h7xx_it.o
                0x00000000080050e6                HardFault_Handler
 .text.MemManage_Handler
                0x00000000080050ec        0x6 ./Core/Src/stm32h7xx_it.o
                0x00000000080050ec                MemManage_Handler
 .text.BusFault_Handler
                0x00000000080050f2        0x6 ./Core/Src/stm32h7xx_it.o
                0x00000000080050f2                BusFault_Handler
 .text.UsageFault_Handler
                0x00000000080050f8        0x6 ./Core/Src/stm32h7xx_it.o
                0x00000000080050f8                UsageFault_Handler
 .text.SVC_Handler
                0x00000000080050fe        0xe ./Core/Src/stm32h7xx_it.o
                0x00000000080050fe                SVC_Handler
 .text.DebugMon_Handler
                0x000000000800510c        0xe ./Core/Src/stm32h7xx_it.o
                0x000000000800510c                DebugMon_Handler
 .text.PendSV_Handler
                0x000000000800511a        0xe ./Core/Src/stm32h7xx_it.o
                0x000000000800511a                PendSV_Handler
 .text.SysTick_Handler
                0x0000000008005128        0xc ./Core/Src/stm32h7xx_it.o
                0x0000000008005128                SysTick_Handler
 .text.DMA1_Stream0_IRQHandler
                0x0000000008005134       0x14 ./Core/Src/stm32h7xx_it.o
                0x0000000008005134                DMA1_Stream0_IRQHandler
 .text.DMA1_Stream1_IRQHandler
                0x0000000008005148       0x14 ./Core/Src/stm32h7xx_it.o
                0x0000000008005148                DMA1_Stream1_IRQHandler
 .text.USART1_IRQHandler
                0x000000000800515c       0x14 ./Core/Src/stm32h7xx_it.o
                0x000000000800515c                USART1_IRQHandler
 .text.TIM8_UP_TIM13_IRQHandler
                0x0000000008005170       0x14 ./Core/Src/stm32h7xx_it.o
                0x0000000008005170                TIM8_UP_TIM13_IRQHandler
 .text.TIM7_IRQHandler
                0x0000000008005184       0x14 ./Core/Src/stm32h7xx_it.o
                0x0000000008005184                TIM7_IRQHandler
 .text._getpid  0x0000000008005198       0x10 ./Core/Src/syscalls.o
                0x0000000008005198                _getpid
 .text._kill    0x00000000080051a8       0x20 ./Core/Src/syscalls.o
                0x00000000080051a8                _kill
 .text._exit    0x00000000080051c8       0x14 ./Core/Src/syscalls.o
                0x00000000080051c8                _exit
 .text._sbrk    0x00000000080051dc       0x6c ./Core/Src/sysmem.o
                0x00000000080051dc                _sbrk
 .text.SystemInit
                0x0000000008005248       0xf0 ./Core/Src/system_stm32h7xx.o
                0x0000000008005248                SystemInit
 .text.Reset_Handler
                0x0000000008005338       0x50 ./Core/Startup/startup_stm32h723zgtx.o
                0x0000000008005338                Reset_Handler
 .text.Default_Handler
                0x0000000008005388        0x2 ./Core/Startup/startup_stm32h723zgtx.o
                0x0000000008005388                RTC_Alarm_IRQHandler
                0x0000000008005388                EXTI2_IRQHandler
                0x0000000008005388                TIM8_CC_IRQHandler
                0x0000000008005388                UART8_IRQHandler
                0x0000000008005388                SPI4_IRQHandler
                0x0000000008005388                FDCAN3_IT0_IRQHandler
                0x0000000008005388                TIM1_CC_IRQHandler
                0x0000000008005388                BDMA_Channel6_IRQHandler
                0x0000000008005388                DMA2_Stream5_IRQHandler
                0x0000000008005388                DMA1_Stream5_IRQHandler
                0x0000000008005388                CORDIC_IRQHandler
                0x0000000008005388                BDMA_Channel1_IRQHandler
                0x0000000008005388                TAMP_STAMP_IRQHandler
                0x0000000008005388                EXTI3_IRQHandler
                0x0000000008005388                LPTIM4_IRQHandler
                0x0000000008005388                TIM8_TRG_COM_TIM14_IRQHandler
                0x0000000008005388                LPTIM2_IRQHandler
                0x0000000008005388                DFSDM1_FLT1_IRQHandler
                0x0000000008005388                DMAMUX2_OVR_IRQHandler
                0x0000000008005388                I2C3_ER_IRQHandler
                0x0000000008005388                DFSDM1_FLT2_IRQHandler
                0x0000000008005388                I2C5_EV_IRQHandler
                0x0000000008005388                USART10_IRQHandler
                0x0000000008005388                MDMA_IRQHandler
                0x0000000008005388                LPTIM3_IRQHandler
                0x0000000008005388                HSEM1_IRQHandler
                0x0000000008005388                EXTI0_IRQHandler
                0x0000000008005388                I2C2_EV_IRQHandler
                0x0000000008005388                DMA1_Stream2_IRQHandler
                0x0000000008005388                FPU_IRQHandler
                0x0000000008005388                OTG_HS_WKUP_IRQHandler
                0x0000000008005388                FDCAN1_IT1_IRQHandler
                0x0000000008005388                LTDC_ER_IRQHandler
                0x0000000008005388                DMA2_Stream2_IRQHandler
                0x0000000008005388                SPI1_IRQHandler
                0x0000000008005388                OCTOSPI1_IRQHandler
                0x0000000008005388                TIM6_DAC_IRQHandler
                0x0000000008005388                DMA2_Stream3_IRQHandler
                0x0000000008005388                OCTOSPI2_IRQHandler
                0x0000000008005388                DFSDM1_FLT3_IRQHandler
                0x0000000008005388                TIM23_IRQHandler
                0x0000000008005388                USART6_IRQHandler
                0x0000000008005388                TIM17_IRQHandler
                0x0000000008005388                USART3_IRQHandler
                0x0000000008005388                BDMA_Channel7_IRQHandler
                0x0000000008005388                LPTIM5_IRQHandler
                0x0000000008005388                UART5_IRQHandler
                0x0000000008005388                ADC3_IRQHandler
                0x0000000008005388                DMA2_Stream0_IRQHandler
                0x0000000008005388                TIM4_IRQHandler
                0x0000000008005388                BDMA_Channel2_IRQHandler
                0x0000000008005388                I2C1_EV_IRQHandler
                0x0000000008005388                DMA1_Stream6_IRQHandler
                0x0000000008005388                DMAMUX1_OVR_IRQHandler
                0x0000000008005388                TIM16_IRQHandler
                0x0000000008005388                UART4_IRQHandler
                0x0000000008005388                BDMA_Channel5_IRQHandler
                0x0000000008005388                TIM3_IRQHandler
                0x0000000008005388                RCC_IRQHandler
                0x0000000008005388                UART9_IRQHandler
                0x0000000008005388                TIM8_BRK_TIM12_IRQHandler
                0x0000000008005388                TIM1_TRG_COM_IRQHandler
                0x0000000008005388                Default_Handler
                0x0000000008005388                ECC_IRQHandler
                0x0000000008005388                FMAC_IRQHandler
                0x0000000008005388                CEC_IRQHandler
                0x0000000008005388                EXTI15_10_IRQHandler
                0x0000000008005388                BDMA_Channel0_IRQHandler
                0x0000000008005388                ADC_IRQHandler
                0x0000000008005388                I2C5_ER_IRQHandler
                0x0000000008005388                DMA1_Stream7_IRQHandler
                0x0000000008005388                SPI5_IRQHandler
                0x0000000008005388                FDCAN3_IT1_IRQHandler
                0x0000000008005388                SDMMC1_IRQHandler
                0x0000000008005388                TIM5_IRQHandler
                0x0000000008005388                DMA2_Stream7_IRQHandler
                0x0000000008005388                TIM15_IRQHandler
                0x0000000008005388                PVD_AVD_IRQHandler
                0x0000000008005388                I2C3_EV_IRQHandler
                0x0000000008005388                EXTI9_5_IRQHandler
                0x0000000008005388                RTC_WKUP_IRQHandler
                0x0000000008005388                LTDC_IRQHandler
                0x0000000008005388                ETH_WKUP_IRQHandler
                0x0000000008005388                SPDIF_RX_IRQHandler
                0x0000000008005388                SPI2_IRQHandler
                0x0000000008005388                OTG_HS_EP1_IN_IRQHandler
                0x0000000008005388                TIM24_IRQHandler
                0x0000000008005388                CRS_IRQHandler
                0x0000000008005388                EXTI4_IRQHandler
                0x0000000008005388                RNG_IRQHandler
                0x0000000008005388                FDCAN2_IT1_IRQHandler
                0x0000000008005388                ETH_IRQHandler
                0x0000000008005388                TIM1_UP_IRQHandler
                0x0000000008005388                BDMA_Channel4_IRQHandler
                0x0000000008005388                OTG_HS_EP1_OUT_IRQHandler
                0x0000000008005388                WWDG_IRQHandler
                0x0000000008005388                SPI6_IRQHandler
                0x0000000008005388                MDIOS_IRQHandler
                0x0000000008005388                I2C4_EV_IRQHandler
                0x0000000008005388                FDCAN2_IT0_IRQHandler
                0x0000000008005388                LPUART1_IRQHandler
                0x0000000008005388                FDCAN1_IT0_IRQHandler
                0x0000000008005388                TIM2_IRQHandler
                0x0000000008005388                OTG_HS_IRQHandler
                0x0000000008005388                DMA2D_IRQHandler
                0x0000000008005388                TIM1_BRK_IRQHandler
                0x0000000008005388                EXTI1_IRQHandler
                0x0000000008005388                SDMMC2_IRQHandler
                0x0000000008005388                BDMA_Channel3_IRQHandler
                0x0000000008005388                DTS_IRQHandler
                0x0000000008005388                UART7_IRQHandler
                0x0000000008005388                MDIOS_WKUP_IRQHandler
                0x0000000008005388                USART2_IRQHandler
                0x0000000008005388                DFSDM1_FLT0_IRQHandler
                0x0000000008005388                SAI4_IRQHandler
                0x0000000008005388                I2C2_ER_IRQHandler
                0x0000000008005388                DMA2_Stream1_IRQHandler
                0x0000000008005388                FLASH_IRQHandler
                0x0000000008005388                DMA2_Stream4_IRQHandler
                0x0000000008005388                SPI3_IRQHandler
                0x0000000008005388                WAKEUP_PIN_IRQHandler
                0x0000000008005388                DMA1_Stream4_IRQHandler
                0x0000000008005388                I2C1_ER_IRQHandler
                0x0000000008005388                FMC_IRQHandler
                0x0000000008005388                FDCAN_CAL_IRQHandler
                0x0000000008005388                SWPMI1_IRQHandler
                0x0000000008005388                COMP1_IRQHandler
                0x0000000008005388                LPTIM1_IRQHandler
                0x0000000008005388                DCMI_PSSI_IRQHandler
                0x0000000008005388                I2C4_ER_IRQHandler
                0x0000000008005388                DMA2_Stream6_IRQHandler
                0x0000000008005388                SAI1_IRQHandler
                0x0000000008005388                DMA1_Stream3_IRQHandler
 *fill*         0x000000000800538a        0x2 
 .text.HAL_Init
                0x000000000800538c       0x78 ./Drivers/STM32H7xx_HAL_Driver/Src/stm32h7xx_hal.o
                0x000000000800538c                HAL_Init
 .text.HAL_InitTick
                0x0000000008005404       0x6c ./Drivers/STM32H7xx_HAL_Driver/Src/stm32h7xx_hal.o
                0x0000000008005404                HAL_InitTick
 .text.HAL_IncTick
                0x0000000008005470       0x28 ./Drivers/STM32H7xx_HAL_Driver/Src/stm32h7xx_hal.o
                0x0000000008005470                HAL_IncTick
 .text.HAL_GetTick
                0x0000000008005498       0x18 ./Drivers/STM32H7xx_HAL_Driver/Src/stm32h7xx_hal.o
                0x0000000008005498                HAL_GetTick
 .text.__NVIC_SetPriorityGrouping
                0x00000000080054b0       0x48 ./Drivers/STM32H7xx_HAL_Driver/Src/stm32h7xx_hal_cortex.o
 .text.__NVIC_GetPriorityGrouping
                0x00000000080054f8       0x1c ./Drivers/STM32H7xx_HAL_Driver/Src/stm32h7xx_hal_cortex.o
 .text.__NVIC_EnableIRQ
                0x0000000008005514       0x3c ./Drivers/STM32H7xx_HAL_Driver/Src/stm32h7xx_hal_cortex.o
 .text.__NVIC_SetPriority
                0x0000000008005550       0x54 ./Drivers/STM32H7xx_HAL_Driver/Src/stm32h7xx_hal_cortex.o
 .text.NVIC_EncodePriority
                0x00000000080055a4       0x66 ./Drivers/STM32H7xx_HAL_Driver/Src/stm32h7xx_hal_cortex.o
 *fill*         0x000000000800560a        0x2 
 .text.SysTick_Config
                0x000000000800560c       0x44 ./Drivers/STM32H7xx_HAL_Driver/Src/stm32h7xx_hal_cortex.o
 .text.HAL_NVIC_SetPriorityGrouping
                0x0000000008005650       0x16 ./Drivers/STM32H7xx_HAL_Driver/Src/stm32h7xx_hal_cortex.o
                0x0000000008005650                HAL_NVIC_SetPriorityGrouping
 .text.HAL_NVIC_SetPriority
                0x0000000008005666       0x34 ./Drivers/STM32H7xx_HAL_Driver/Src/stm32h7xx_hal_cortex.o
                0x0000000008005666                HAL_NVIC_SetPriority
 .text.HAL_NVIC_EnableIRQ
                0x000000000800569a       0x1c ./Drivers/STM32H7xx_HAL_Driver/Src/stm32h7xx_hal_cortex.o
                0x000000000800569a                HAL_NVIC_EnableIRQ
 .text.HAL_SYSTICK_Config
                0x00000000080056b6       0x18 ./Drivers/STM32H7xx_HAL_Driver/Src/stm32h7xx_hal_cortex.o
                0x00000000080056b6                HAL_SYSTICK_Config
 *fill*         0x00000000080056ce        0x2 
 .text.HAL_DMA_Init
                0x00000000080056d0      0x6b4 ./Drivers/STM32H7xx_HAL_Driver/Src/stm32h7xx_hal_dma.o
                0x00000000080056d0                HAL_DMA_Init
 .text.HAL_DMA_Start_IT
                0x0000000008005d84      0x4d4 ./Drivers/STM32H7xx_HAL_Driver/Src/stm32h7xx_hal_dma.o
                0x0000000008005d84                HAL_DMA_Start_IT
 .text.HAL_DMA_Abort
                0x0000000008006258      0x63c ./Drivers/STM32H7xx_HAL_Driver/Src/stm32h7xx_hal_dma.o
                0x0000000008006258                HAL_DMA_Abort
 .text.HAL_DMA_Abort_IT
                0x0000000008006894      0x48c ./Drivers/STM32H7xx_HAL_Driver/Src/stm32h7xx_hal_dma.o
                0x0000000008006894                HAL_DMA_Abort_IT
 .text.HAL_DMA_IRQHandler
                0x0000000008006d20      0xe54 ./Drivers/STM32H7xx_HAL_Driver/Src/stm32h7xx_hal_dma.o
                0x0000000008006d20                HAL_DMA_IRQHandler
 .text.DMA_SetConfig
                0x0000000008007b74      0x358 ./Drivers/STM32H7xx_HAL_Driver/Src/stm32h7xx_hal_dma.o
 .text.DMA_CalcBaseAndBitshift
                0x0000000008007ecc      0x164 ./Drivers/STM32H7xx_HAL_Driver/Src/stm32h7xx_hal_dma.o
 .text.DMA_CheckFifoParam
                0x0000000008008030       0xf8 ./Drivers/STM32H7xx_HAL_Driver/Src/stm32h7xx_hal_dma.o
 .text.DMA_CalcDMAMUXChannelBaseAndMask
                0x0000000008008128      0x134 ./Drivers/STM32H7xx_HAL_Driver/Src/stm32h7xx_hal_dma.o
 .text.DMA_CalcDMAMUXRequestGenBaseAndMask
                0x000000000800825c       0xe8 ./Drivers/STM32H7xx_HAL_Driver/Src/stm32h7xx_hal_dma.o
 .text.HAL_GPIO_Init
                0x0000000008008344      0x350 ./Drivers/STM32H7xx_HAL_Driver/Src/stm32h7xx_hal_gpio.o
                0x0000000008008344                HAL_GPIO_Init
 .text.HAL_GPIO_WritePin
                0x0000000008008694       0x32 ./Drivers/STM32H7xx_HAL_Driver/Src/stm32h7xx_hal_gpio.o
                0x0000000008008694                HAL_GPIO_WritePin
 *fill*         0x00000000080086c6        0x2 
 .text.HAL_PWREx_ConfigSupply
                0x00000000080086c8       0x74 ./Drivers/STM32H7xx_HAL_Driver/Src/stm32h7xx_hal_pwr_ex.o
                0x00000000080086c8                HAL_PWREx_ConfigSupply
 .text.HAL_RCC_OscConfig
                0x000000000800873c      0x75c ./Drivers/STM32H7xx_HAL_Driver/Src/stm32h7xx_hal_rcc.o
                0x000000000800873c                HAL_RCC_OscConfig
 .text.HAL_RCC_ClockConfig
                0x0000000008008e98      0x36c ./Drivers/STM32H7xx_HAL_Driver/Src/stm32h7xx_hal_rcc.o
                0x0000000008008e98                HAL_RCC_ClockConfig
 .text.HAL_RCC_GetSysClockFreq
                0x0000000008009204      0x2f4 ./Drivers/STM32H7xx_HAL_Driver/Src/stm32h7xx_hal_rcc.o
                0x0000000008009204                HAL_RCC_GetSysClockFreq
 .text.HAL_RCC_GetHCLKFreq
                0x00000000080094f8       0x60 ./Drivers/STM32H7xx_HAL_Driver/Src/stm32h7xx_hal_rcc.o
                0x00000000080094f8                HAL_RCC_GetHCLKFreq
 .text.HAL_RCC_GetPCLK1Freq
                0x0000000008009558       0x2c ./Drivers/STM32H7xx_HAL_Driver/Src/stm32h7xx_hal_rcc.o
                0x0000000008009558                HAL_RCC_GetPCLK1Freq
 .text.HAL_RCC_GetPCLK2Freq
                0x0000000008009584       0x2c ./Drivers/STM32H7xx_HAL_Driver/Src/stm32h7xx_hal_rcc.o
                0x0000000008009584                HAL_RCC_GetPCLK2Freq
 .text.HAL_RCCEx_PeriphCLKConfig
                0x00000000080095b0      0xdf4 ./Drivers/STM32H7xx_HAL_Driver/Src/stm32h7xx_hal_rcc_ex.o
                0x00000000080095b0                HAL_RCCEx_PeriphCLKConfig
 .text.HAL_RCCEx_GetD3PCLK1Freq
                0x000000000800a3a4       0x2c ./Drivers/STM32H7xx_HAL_Driver/Src/stm32h7xx_hal_rcc_ex.o
                0x000000000800a3a4                HAL_RCCEx_GetD3PCLK1Freq
 .text.HAL_RCCEx_GetPLL2ClockFreq
                0x000000000800a3d0      0x2a8 ./Drivers/STM32H7xx_HAL_Driver/Src/stm32h7xx_hal_rcc_ex.o
                0x000000000800a3d0                HAL_RCCEx_GetPLL2ClockFreq
 .text.HAL_RCCEx_GetPLL3ClockFreq
                0x000000000800a678      0x2a8 ./Drivers/STM32H7xx_HAL_Driver/Src/stm32h7xx_hal_rcc_ex.o
                0x000000000800a678                HAL_RCCEx_GetPLL3ClockFreq
 .text.RCCEx_PLL2_Config
                0x000000000800a920      0x164 ./Drivers/STM32H7xx_HAL_Driver/Src/stm32h7xx_hal_rcc_ex.o
 .text.RCCEx_PLL3_Config
                0x000000000800aa84      0x164 ./Drivers/STM32H7xx_HAL_Driver/Src/stm32h7xx_hal_rcc_ex.o
 .text.HAL_TIM_Base_Init
                0x000000000800abe8       0xae ./Drivers/STM32H7xx_HAL_Driver/Src/stm32h7xx_hal_tim.o
                0x000000000800abe8                HAL_TIM_Base_Init
 *fill*         0x000000000800ac96        0x2 
 .text.HAL_TIM_Base_Start_IT
                0x000000000800ac98      0x10c ./Drivers/STM32H7xx_HAL_Driver/Src/stm32h7xx_hal_tim.o
                0x000000000800ac98                HAL_TIM_Base_Start_IT
 .text.HAL_TIM_PWM_Init
                0x000000000800ada4       0xae ./Drivers/STM32H7xx_HAL_Driver/Src/stm32h7xx_hal_tim.o
                0x000000000800ada4                HAL_TIM_PWM_Init
 *fill*         0x000000000800ae52        0x2 
 .text.HAL_TIM_PWM_Start
                0x000000000800ae54      0x238 ./Drivers/STM32H7xx_HAL_Driver/Src/stm32h7xx_hal_tim.o
                0x000000000800ae54                HAL_TIM_PWM_Start
 .text.HAL_TIM_PWM_Stop
                0x000000000800b08c      0x12c ./Drivers/STM32H7xx_HAL_Driver/Src/stm32h7xx_hal_tim.o
                0x000000000800b08c                HAL_TIM_PWM_Stop
 .text.HAL_TIM_Encoder_Init
                0x000000000800b1b8      0x14c ./Drivers/STM32H7xx_HAL_Driver/Src/stm32h7xx_hal_tim.o
                0x000000000800b1b8                HAL_TIM_Encoder_Init
 .text.HAL_TIM_Encoder_Start
                0x000000000800b304      0x11c ./Drivers/STM32H7xx_HAL_Driver/Src/stm32h7xx_hal_tim.o
                0x000000000800b304                HAL_TIM_Encoder_Start
 .text.HAL_TIM_IRQHandler
                0x000000000800b420      0x23e ./Drivers/STM32H7xx_HAL_Driver/Src/stm32h7xx_hal_tim.o
                0x000000000800b420                HAL_TIM_IRQHandler
 *fill*         0x000000000800b65e        0x2 
 .text.HAL_TIM_PWM_ConfigChannel
                0x000000000800b660      0x228 ./Drivers/STM32H7xx_HAL_Driver/Src/stm32h7xx_hal_tim.o
                0x000000000800b660                HAL_TIM_PWM_ConfigChannel
 .text.HAL_TIM_OC_DelayElapsedCallback
                0x000000000800b888       0x14 ./Drivers/STM32H7xx_HAL_Driver/Src/stm32h7xx_hal_tim.o
                0x000000000800b888                HAL_TIM_OC_DelayElapsedCallback
 .text.HAL_TIM_IC_CaptureCallback
                0x000000000800b89c       0x14 ./Drivers/STM32H7xx_HAL_Driver/Src/stm32h7xx_hal_tim.o
                0x000000000800b89c                HAL_TIM_IC_CaptureCallback
 .text.HAL_TIM_PWM_PulseFinishedCallback
                0x000000000800b8b0       0x14 ./Drivers/STM32H7xx_HAL_Driver/Src/stm32h7xx_hal_tim.o
                0x000000000800b8b0                HAL_TIM_PWM_PulseFinishedCallback
 .text.HAL_TIM_TriggerCallback
                0x000000000800b8c4       0x14 ./Drivers/STM32H7xx_HAL_Driver/Src/stm32h7xx_hal_tim.o
                0x000000000800b8c4                HAL_TIM_TriggerCallback
 .text.TIM_Base_SetConfig
                0x000000000800b8d8      0x14c ./Drivers/STM32H7xx_HAL_Driver/Src/stm32h7xx_hal_tim.o
                0x000000000800b8d8                TIM_Base_SetConfig
 .text.TIM_OC1_SetConfig
                0x000000000800ba24      0x120 ./Drivers/STM32H7xx_HAL_Driver/Src/stm32h7xx_hal_tim.o
 .text.TIM_OC2_SetConfig
                0x000000000800bb44      0x114 ./Drivers/STM32H7xx_HAL_Driver/Src/stm32h7xx_hal_tim.o
                0x000000000800bb44                TIM_OC2_SetConfig
 .text.TIM_OC3_SetConfig
                0x000000000800bc58      0x110 ./Drivers/STM32H7xx_HAL_Driver/Src/stm32h7xx_hal_tim.o
 .text.TIM_OC4_SetConfig
                0x000000000800bd68       0xd4 ./Drivers/STM32H7xx_HAL_Driver/Src/stm32h7xx_hal_tim.o
 .text.TIM_OC5_SetConfig
                0x000000000800be3c       0xc8 ./Drivers/STM32H7xx_HAL_Driver/Src/stm32h7xx_hal_tim.o
 .text.TIM_OC6_SetConfig
                0x000000000800bf04       0xcc ./Drivers/STM32H7xx_HAL_Driver/Src/stm32h7xx_hal_tim.o
 .text.TIM_CCxChannelCmd
                0x000000000800bfd0       0x4a ./Drivers/STM32H7xx_HAL_Driver/Src/stm32h7xx_hal_tim.o
                0x000000000800bfd0                TIM_CCxChannelCmd
 *fill*         0x000000000800c01a        0x2 
 .text.HAL_TIMEx_MasterConfigSynchronization
                0x000000000800c01c      0x138 ./Drivers/STM32H7xx_HAL_Driver/Src/stm32h7xx_hal_tim_ex.o
                0x000000000800c01c                HAL_TIMEx_MasterConfigSynchronization
 .text.HAL_TIMEx_ConfigBreakDeadTime
                0x000000000800c154      0x140 ./Drivers/STM32H7xx_HAL_Driver/Src/stm32h7xx_hal_tim_ex.o
                0x000000000800c154                HAL_TIMEx_ConfigBreakDeadTime
 .text.HAL_TIMEx_CommutCallback
                0x000000000800c294       0x14 ./Drivers/STM32H7xx_HAL_Driver/Src/stm32h7xx_hal_tim_ex.o
                0x000000000800c294                HAL_TIMEx_CommutCallback
 .text.HAL_TIMEx_BreakCallback
                0x000000000800c2a8       0x14 ./Drivers/STM32H7xx_HAL_Driver/Src/stm32h7xx_hal_tim_ex.o
                0x000000000800c2a8                HAL_TIMEx_BreakCallback
 .text.HAL_TIMEx_Break2Callback
                0x000000000800c2bc       0x14 ./Drivers/STM32H7xx_HAL_Driver/Src/stm32h7xx_hal_tim_ex.o
                0x000000000800c2bc                HAL_TIMEx_Break2Callback
 .text.HAL_UART_Init
                0x000000000800c2d0       0xa0 ./Drivers/STM32H7xx_HAL_Driver/Src/stm32h7xx_hal_uart.o
                0x000000000800c2d0                HAL_UART_Init
 .text.HAL_UART_Transmit_DMA
                0x000000000800c370      0x124 ./Drivers/STM32H7xx_HAL_Driver/Src/stm32h7xx_hal_uart.o
                0x000000000800c370                HAL_UART_Transmit_DMA
 .text.HAL_UART_Receive_DMA
                0x000000000800c494       0xac ./Drivers/STM32H7xx_HAL_Driver/Src/stm32h7xx_hal_uart.o
                0x000000000800c494                HAL_UART_Receive_DMA
 .text.HAL_UART_IRQHandler
                0x000000000800c540      0x73c ./Drivers/STM32H7xx_HAL_Driver/Src/stm32h7xx_hal_uart.o
                0x000000000800c540                HAL_UART_IRQHandler
 .text.HAL_UART_TxHalfCpltCallback
                0x000000000800cc7c       0x14 ./Drivers/STM32H7xx_HAL_Driver/Src/stm32h7xx_hal_uart.o
                0x000000000800cc7c                HAL_UART_TxHalfCpltCallback
 .text.HAL_UART_RxHalfCpltCallback
                0x000000000800cc90       0x14 ./Drivers/STM32H7xx_HAL_Driver/Src/stm32h7xx_hal_uart.o
                0x000000000800cc90                HAL_UART_RxHalfCpltCallback
 .text.HAL_UART_ErrorCallback
                0x000000000800cca4       0x14 ./Drivers/STM32H7xx_HAL_Driver/Src/stm32h7xx_hal_uart.o
                0x000000000800cca4                HAL_UART_ErrorCallback
 .text.HAL_UARTEx_RxEventCallback
                0x000000000800ccb8       0x18 ./Drivers/STM32H7xx_HAL_Driver/Src/stm32h7xx_hal_uart.o
                0x000000000800ccb8                HAL_UARTEx_RxEventCallback
 .text.UART_SetConfig
                0x000000000800ccd0      0xcd8 ./Drivers/STM32H7xx_HAL_Driver/Src/stm32h7xx_hal_uart.o
                0x000000000800ccd0                UART_SetConfig
 .text.UART_AdvFeatureConfig
                0x000000000800d9a8      0x144 ./Drivers/STM32H7xx_HAL_Driver/Src/stm32h7xx_hal_uart.o
                0x000000000800d9a8                UART_AdvFeatureConfig
 .text.UART_CheckIdleState
                0x000000000800daec       0x96 ./Drivers/STM32H7xx_HAL_Driver/Src/stm32h7xx_hal_uart.o
                0x000000000800daec                UART_CheckIdleState
 .text.UART_WaitOnFlagUntilTimeout
                0x000000000800db82      0x190 ./Drivers/STM32H7xx_HAL_Driver/Src/stm32h7xx_hal_uart.o
                0x000000000800db82                UART_WaitOnFlagUntilTimeout
 *fill*         0x000000000800dd12        0x2 
 .text.UART_Start_Receive_DMA
                0x000000000800dd14      0x150 ./Drivers/STM32H7xx_HAL_Driver/Src/stm32h7xx_hal_uart.o
                0x000000000800dd14                UART_Start_Receive_DMA
 .text.UART_EndTxTransfer
                0x000000000800de64       0x82 ./Drivers/STM32H7xx_HAL_Driver/Src/stm32h7xx_hal_uart.o
 *fill*         0x000000000800dee6        0x2 
 .text.UART_EndRxTransfer
                0x000000000800dee8       0xcc ./Drivers/STM32H7xx_HAL_Driver/Src/stm32h7xx_hal_uart.o
 .text.UART_DMATransmitCplt
                0x000000000800dfb4       0x96 ./Drivers/STM32H7xx_HAL_Driver/Src/stm32h7xx_hal_uart.o
 .text.UART_DMATxHalfCplt
                0x000000000800e04a       0x1c ./Drivers/STM32H7xx_HAL_Driver/Src/stm32h7xx_hal_uart.o
 .text.UART_DMAReceiveCplt
                0x000000000800e066      0x122 ./Drivers/STM32H7xx_HAL_Driver/Src/stm32h7xx_hal_uart.o
 .text.UART_DMARxHalfCplt
                0x000000000800e188       0x38 ./Drivers/STM32H7xx_HAL_Driver/Src/stm32h7xx_hal_uart.o
 .text.UART_DMAError
                0x000000000800e1c0       0x80 ./Drivers/STM32H7xx_HAL_Driver/Src/stm32h7xx_hal_uart.o
 .text.UART_DMAAbortOnError
                0x000000000800e240       0x2c ./Drivers/STM32H7xx_HAL_Driver/Src/stm32h7xx_hal_uart.o
 .text.UART_EndTransmit_IT
                0x000000000800e26c       0x56 ./Drivers/STM32H7xx_HAL_Driver/Src/stm32h7xx_hal_uart.o
 .text.HAL_UARTEx_WakeupCallback
                0x000000000800e2c2       0x14 ./Drivers/STM32H7xx_HAL_Driver/Src/stm32h7xx_hal_uart_ex.o
                0x000000000800e2c2                HAL_UARTEx_WakeupCallback
 .text.HAL_UARTEx_RxFifoFullCallback
                0x000000000800e2d6       0x14 ./Drivers/STM32H7xx_HAL_Driver/Src/stm32h7xx_hal_uart_ex.o
                0x000000000800e2d6                HAL_UARTEx_RxFifoFullCallback
 .text.HAL_UARTEx_TxFifoEmptyCallback
                0x000000000800e2ea       0x14 ./Drivers/STM32H7xx_HAL_Driver/Src/stm32h7xx_hal_uart_ex.o
                0x000000000800e2ea                HAL_UARTEx_TxFifoEmptyCallback
 .text.HAL_UARTEx_DisableFifoMode
                0x000000000800e2fe       0x72 ./Drivers/STM32H7xx_HAL_Driver/Src/stm32h7xx_hal_uart_ex.o
                0x000000000800e2fe                HAL_UARTEx_DisableFifoMode
 .text.HAL_UARTEx_SetTxFifoThreshold
                0x000000000800e370       0x7c ./Drivers/STM32H7xx_HAL_Driver/Src/stm32h7xx_hal_uart_ex.o
                0x000000000800e370                HAL_UARTEx_SetTxFifoThreshold
 .text.HAL_UARTEx_SetRxFifoThreshold
                0x000000000800e3ec       0x7c ./Drivers/STM32H7xx_HAL_Driver/Src/stm32h7xx_hal_uart_ex.o
                0x000000000800e3ec                HAL_UARTEx_SetRxFifoThreshold
 .text.UARTEx_SetNbDataToProcess
                0x000000000800e468       0x9c ./Drivers/STM32H7xx_HAL_Driver/Src/stm32h7xx_hal_uart_ex.o
 .text.__cxa_pure_virtual
                0x000000000800e504        0x6 c:/st/stm32cubeide_1.10.1/stm32cubeide/plugins/com.st.stm32cube.ide.mcu.externaltools.gnu-tools-for-stm32.10.3-2021.10.win32_1.0.0.202111181127/tools/bin/../lib/gcc/arm-none-eabi/10.3.1/../../../../arm-none-eabi/lib/thumb/v7e-m+dp/hard\libstdc++_nano.a(pure.o)
                0x000000000800e504                __cxa_pure_virtual
 .text._ZN10__cxxabiv111__terminateEPFvvE
                0x000000000800e50a        0x8 c:/st/stm32cubeide_1.10.1/stm32cubeide/plugins/com.st.stm32cube.ide.mcu.externaltools.gnu-tools-for-stm32.10.3-2021.10.win32_1.0.0.202111181127/tools/bin/../lib/gcc/arm-none-eabi/10.3.1/../../../../arm-none-eabi/lib/thumb/v7e-m+dp/hard\libstdc++_nano.a(eh_terminate.o)
                0x000000000800e50a                __cxxabiv1::__terminate(void (*)())
 *fill*         0x000000000800e512        0x2 
 .text._ZSt13get_terminatev
                0x000000000800e514       0x10 c:/st/stm32cubeide_1.10.1/stm32cubeide/plugins/com.st.stm32cube.ide.mcu.externaltools.gnu-tools-for-stm32.10.3-2021.10.win32_1.0.0.202111181127/tools/bin/../lib/gcc/arm-none-eabi/10.3.1/../../../../arm-none-eabi/lib/thumb/v7e-m+dp/hard\libstdc++_nano.a(eh_terminate.o)
                0x000000000800e514                std::get_terminate()
 .text._ZSt9terminatev
                0x000000000800e524        0xa c:/st/stm32cubeide_1.10.1/stm32cubeide/plugins/com.st.stm32cube.ide.mcu.externaltools.gnu-tools-for-stm32.10.3-2021.10.win32_1.0.0.202111181127/tools/bin/../lib/gcc/arm-none-eabi/10.3.1/../../../../arm-none-eabi/lib/thumb/v7e-m+dp/hard\libstdc++_nano.a(eh_terminate.o)
                0x000000000800e524                std::terminate()
 .text.abort    0x000000000800e52e        0xe c:/st/stm32cubeide_1.10.1/stm32cubeide/plugins/com.st.stm32cube.ide.mcu.externaltools.gnu-tools-for-stm32.10.3-2021.10.win32_1.0.0.202111181127/tools/bin/../lib/gcc/arm-none-eabi/10.3.1/../../../../arm-none-eabi/lib/thumb/v7e-m+dp/hard\libc_nano.a(lib_a-abort.o)
                0x000000000800e52e                abort
 .text.__errno  0x000000000800e53c        0xc c:/st/stm32cubeide_1.10.1/stm32cubeide/plugins/com.st.stm32cube.ide.mcu.externaltools.gnu-tools-for-stm32.10.3-2021.10.win32_1.0.0.202111181127/tools/bin/../lib/gcc/arm-none-eabi/10.3.1/../../../../arm-none-eabi/lib/thumb/v7e-m+dp/hard\libc_nano.a(lib_a-errno.o)
                0x000000000800e53c                __errno
 .text.__libc_init_array
                0x000000000800e548       0x48 c:/st/stm32cubeide_1.10.1/stm32cubeide/plugins/com.st.stm32cube.ide.mcu.externaltools.gnu-tools-for-stm32.10.3-2021.10.win32_1.0.0.202111181127/tools/bin/../lib/gcc/arm-none-eabi/10.3.1/../../../../arm-none-eabi/lib/thumb/v7e-m+dp/hard\libc_nano.a(lib_a-init.o)
                0x000000000800e548                __libc_init_array
 .text.memcpy   0x000000000800e590       0x1c c:/st/stm32cubeide_1.10.1/stm32cubeide/plugins/com.st.stm32cube.ide.mcu.externaltools.gnu-tools-for-stm32.10.3-2021.10.win32_1.0.0.202111181127/tools/bin/../lib/gcc/arm-none-eabi/10.3.1/../../../../arm-none-eabi/lib/thumb/v7e-m+dp/hard\libc_nano.a(lib_a-memcpy-stub.o)
                0x000000000800e590                memcpy
 .text.memset   0x000000000800e5ac       0x10 c:/st/stm32cubeide_1.10.1/stm32cubeide/plugins/com.st.stm32cube.ide.mcu.externaltools.gnu-tools-for-stm32.10.3-2021.10.win32_1.0.0.202111181127/tools/bin/../lib/gcc/arm-none-eabi/10.3.1/../../../../arm-none-eabi/lib/thumb/v7e-m+dp/hard\libc_nano.a(lib_a-memset.o)
                0x000000000800e5ac                memset
 .text.realloc  0x000000000800e5bc       0x10 c:/st/stm32cubeide_1.10.1/stm32cubeide/plugins/com.st.stm32cube.ide.mcu.externaltools.gnu-tools-for-stm32.10.3-2021.10.win32_1.0.0.202111181127/tools/bin/../lib/gcc/arm-none-eabi/10.3.1/../../../../arm-none-eabi/lib/thumb/v7e-m+dp/hard\libc_nano.a(lib_a-realloc.o)
                0x000000000800e5bc                realloc
 .text._raise_r
                0x000000000800e5cc       0x50 c:/st/stm32cubeide_1.10.1/stm32cubeide/plugins/com.st.stm32cube.ide.mcu.externaltools.gnu-tools-for-stm32.10.3-2021.10.win32_1.0.0.202111181127/tools/bin/../lib/gcc/arm-none-eabi/10.3.1/../../../../arm-none-eabi/lib/thumb/v7e-m+dp/hard\libc_nano.a(lib_a-signal.o)
                0x000000000800e5cc                _raise_r
 .text.raise    0x000000000800e61c       0x10 c:/st/stm32cubeide_1.10.1/stm32cubeide/plugins/com.st.stm32cube.ide.mcu.externaltools.gnu-tools-for-stm32.10.3-2021.10.win32_1.0.0.202111181127/tools/bin/../lib/gcc/arm-none-eabi/10.3.1/../../../../arm-none-eabi/lib/thumb/v7e-m+dp/hard\libc_nano.a(lib_a-signal.o)
                0x000000000800e61c                raise
 .text._kill_r  0x000000000800e62c       0x24 c:/st/stm32cubeide_1.10.1/stm32cubeide/plugins/com.st.stm32cube.ide.mcu.externaltools.gnu-tools-for-stm32.10.3-2021.10.win32_1.0.0.202111181127/tools/bin/../lib/gcc/arm-none-eabi/10.3.1/../../../../arm-none-eabi/lib/thumb/v7e-m+dp/hard\libc_nano.a(lib_a-signalr.o)
                0x000000000800e62c                _kill_r
 .text._getpid_r
                0x000000000800e650        0x4 c:/st/stm32cubeide_1.10.1/stm32cubeide/plugins/com.st.stm32cube.ide.mcu.externaltools.gnu-tools-for-stm32.10.3-2021.10.win32_1.0.0.202111181127/tools/bin/../lib/gcc/arm-none-eabi/10.3.1/../../../../arm-none-eabi/lib/thumb/v7e-m+dp/hard\libc_nano.a(lib_a-signalr.o)
                0x000000000800e650                _getpid_r
 .text.sbrk_aligned
                0x000000000800e654       0x40 c:/st/stm32cubeide_1.10.1/stm32cubeide/plugins/com.st.stm32cube.ide.mcu.externaltools.gnu-tools-for-stm32.10.3-2021.10.win32_1.0.0.202111181127/tools/bin/../lib/gcc/arm-none-eabi/10.3.1/../../../../arm-none-eabi/lib/thumb/v7e-m+dp/hard\libc_nano.a(lib_a-nano-mallocr.o)
 .text._malloc_r
                0x000000000800e694       0xe8 c:/st/stm32cubeide_1.10.1/stm32cubeide/plugins/com.st.stm32cube.ide.mcu.externaltools.gnu-tools-for-stm32.10.3-2021.10.win32_1.0.0.202111181127/tools/bin/../lib/gcc/arm-none-eabi/10.3.1/../../../../arm-none-eabi/lib/thumb/v7e-m+dp/hard\libc_nano.a(lib_a-nano-mallocr.o)
                0x000000000800e694                _malloc_r
 .text._realloc_r
                0x000000000800e77c       0x5e c:/st/stm32cubeide_1.10.1/stm32cubeide/plugins/com.st.stm32cube.ide.mcu.externaltools.gnu-tools-for-stm32.10.3-2021.10.win32_1.0.0.202111181127/tools/bin/../lib/gcc/arm-none-eabi/10.3.1/../../../../arm-none-eabi/lib/thumb/v7e-m+dp/hard\libc_nano.a(lib_a-nano-reallocr.o)
                0x000000000800e77c                _realloc_r
 *fill*         0x000000000800e7da        0x2 
 .text._sbrk_r  0x000000000800e7dc       0x20 c:/st/stm32cubeide_1.10.1/stm32cubeide/plugins/com.st.stm32cube.ide.mcu.externaltools.gnu-tools-for-stm32.10.3-2021.10.win32_1.0.0.202111181127/tools/bin/../lib/gcc/arm-none-eabi/10.3.1/../../../../arm-none-eabi/lib/thumb/v7e-m+dp/hard\libc_nano.a(lib_a-sbrkr.o)
                0x000000000800e7dc                _sbrk_r
 .text.__malloc_lock
                0x000000000800e7fc        0xc c:/st/stm32cubeide_1.10.1/stm32cubeide/plugins/com.st.stm32cube.ide.mcu.externaltools.gnu-tools-for-stm32.10.3-2021.10.win32_1.0.0.202111181127/tools/bin/../lib/gcc/arm-none-eabi/10.3.1/../../../../arm-none-eabi/lib/thumb/v7e-m+dp/hard\libc_nano.a(lib_a-mlock.o)
                0x000000000800e7fc                __malloc_lock
 .text.__malloc_unlock
                0x000000000800e808        0xc c:/st/stm32cubeide_1.10.1/stm32cubeide/plugins/com.st.stm32cube.ide.mcu.externaltools.gnu-tools-for-stm32.10.3-2021.10.win32_1.0.0.202111181127/tools/bin/../lib/gcc/arm-none-eabi/10.3.1/../../../../arm-none-eabi/lib/thumb/v7e-m+dp/hard\libc_nano.a(lib_a-mlock.o)
                0x000000000800e808                __malloc_unlock
 .text._free_r  0x000000000800e814       0x98 c:/st/stm32cubeide_1.10.1/stm32cubeide/plugins/com.st.stm32cube.ide.mcu.externaltools.gnu-tools-for-stm32.10.3-2021.10.win32_1.0.0.202111181127/tools/bin/../lib/gcc/arm-none-eabi/10.3.1/../../../../arm-none-eabi/lib/thumb/v7e-m+dp/hard\libc_nano.a(lib_a-nano-freer.o)
                0x000000000800e814                _free_r
 .text._malloc_usable_size_r
                0x000000000800e8ac       0x10 c:/st/stm32cubeide_1.10.1/stm32cubeide/plugins/com.st.stm32cube.ide.mcu.externaltools.gnu-tools-for-stm32.10.3-2021.10.win32_1.0.0.202111181127/tools/bin/../lib/gcc/arm-none-eabi/10.3.1/../../../../arm-none-eabi/lib/thumb/v7e-m+dp/hard\libc_nano.a(lib_a-nano-msizer.o)
                0x000000000800e8ac                _malloc_usable_size_r
 .text.__retarget_lock_acquire_recursive
                0x000000000800e8bc        0x2 c:/st/stm32cubeide_1.10.1/stm32cubeide/plugins/com.st.stm32cube.ide.mcu.externaltools.gnu-tools-for-stm32.10.3-2021.10.win32_1.0.0.202111181127/tools/bin/../lib/gcc/arm-none-eabi/10.3.1/../../../../arm-none-eabi/lib/thumb/v7e-m+dp/hard\libc_nano.a(lib_a-lock.o)
                0x000000000800e8bc                __retarget_lock_acquire_recursive
 .text.__retarget_lock_release_recursive
                0x000000000800e8be        0x2 c:/st/stm32cubeide_1.10.1/stm32cubeide/plugins/com.st.stm32cube.ide.mcu.externaltools.gnu-tools-for-stm32.10.3-2021.10.win32_1.0.0.202111181127/tools/bin/../lib/gcc/arm-none-eabi/10.3.1/../../../../arm-none-eabi/lib/thumb/v7e-m+dp/hard\libc_nano.a(lib_a-lock.o)
                0x000000000800e8be                __retarget_lock_release_recursive
 *(.glue_7)
 .glue_7        0x000000000800e8c0        0x0 linker stubs
 *(.glue_7t)
 .glue_7t       0x000000000800e8c0        0x0 linker stubs
 *(.eh_frame)
 .eh_frame      0x000000000800e8c0        0x0 c:/st/stm32cubeide_1.10.1/stm32cubeide/plugins/com.st.stm32cube.ide.mcu.externaltools.gnu-tools-for-stm32.10.3-2021.10.win32_1.0.0.202111181127/tools/bin/../lib/gcc/arm-none-eabi/10.3.1/thumb/v7e-m+dp/hard/crtbegin.o
 *(.init)
 .init          0x000000000800e8c0        0x4 c:/st/stm32cubeide_1.10.1/stm32cubeide/plugins/com.st.stm32cube.ide.mcu.externaltools.gnu-tools-for-stm32.10.3-2021.10.win32_1.0.0.202111181127/tools/bin/../lib/gcc/arm-none-eabi/10.3.1/thumb/v7e-m+dp/hard/crti.o
                0x000000000800e8c0                _init
 .init          0x000000000800e8c4        0x8 c:/st/stm32cubeide_1.10.1/stm32cubeide/plugins/com.st.stm32cube.ide.mcu.externaltools.gnu-tools-for-stm32.10.3-2021.10.win32_1.0.0.202111181127/tools/bin/../lib/gcc/arm-none-eabi/10.3.1/thumb/v7e-m+dp/hard/crtn.o
 *(.fini)
 .fini          0x000000000800e8cc        0x4 c:/st/stm32cubeide_1.10.1/stm32cubeide/plugins/com.st.stm32cube.ide.mcu.externaltools.gnu-tools-for-stm32.10.3-2021.10.win32_1.0.0.202111181127/tools/bin/../lib/gcc/arm-none-eabi/10.3.1/thumb/v7e-m+dp/hard/crti.o
                0x000000000800e8cc                _fini
 .fini          0x000000000800e8d0        0x8 c:/st/stm32cubeide_1.10.1/stm32cubeide/plugins/com.st.stm32cube.ide.mcu.externaltools.gnu-tools-for-stm32.10.3-2021.10.win32_1.0.0.202111181127/tools/bin/../lib/gcc/arm-none-eabi/10.3.1/thumb/v7e-m+dp/hard/crtn.o
                0x000000000800e8d8                . = ALIGN (0x4)
                0x000000000800e8d8                _etext = .

.vfp11_veneer   0x000000000800e8d8        0x0
 .vfp11_veneer  0x000000000800e8d8        0x0 linker stubs

.v4_bx          0x000000000800e8d8        0x0
 .v4_bx         0x000000000800e8d8        0x0 linker stubs

.iplt           0x000000000800e8d8        0x0
 .iplt          0x000000000800e8d8        0x0 c:/st/stm32cubeide_1.10.1/stm32cubeide/plugins/com.st.stm32cube.ide.mcu.externaltools.gnu-tools-for-stm32.10.3-2021.10.win32_1.0.0.202111181127/tools/bin/../lib/gcc/arm-none-eabi/10.3.1/thumb/v7e-m+dp/hard/crtbegin.o

.rodata         0x000000000800e8d8      0x3d4
                0x000000000800e8d8                . = ALIGN (0x4)
 *(.rodata)
 .rodata        0x000000000800e8d8      0x217 ./Core/Src/ROS_mainpp.o
 *(.rodata*)
 *fill*         0x000000000800eaef        0x1 
 .rodata._ZN14rosserial_msgsL12REQUESTPARAME
                0x000000000800eaf0       0x1c ./Core/Src/ROS_mainpp.o
 .rodata._ZTVN3ros10SubscriberIN8std_msgs6StringEvEE
                0x000000000800eb0c       0x18 ./Core/Src/ROS_mainpp.o
                0x000000000800eb0c                vtable for ros::Subscriber<std_msgs::String, void>
 .rodata._ZTVN3ros10SubscriberIN8std_msgs4BoolEvEE
                0x000000000800eb24       0x18 ./Core/Src/ROS_mainpp.o
                0x000000000800eb24                vtable for ros::Subscriber<std_msgs::Bool, void>
 .rodata._ZTVN3ros10SubscriberIN13geometry_msgs5TwistEvEE
                0x000000000800eb3c       0x18 ./Core/Src/ROS_mainpp.o
                0x000000000800eb3c                vtable for ros::Subscriber<geometry_msgs::Twist, void>
 .rodata._ZTVN3ros11NodeHandle_I13STM32HardwareLi25ELi25ELi512ELi512EEE
                0x000000000800eb54       0x14 ./Core/Src/ROS_mainpp.o
                0x000000000800eb54                vtable for ros::NodeHandle_<STM32Hardware, 25, 25, 512, 512>
 .rodata._ZTVN3ros11Subscriber_E
                0x000000000800eb68       0x18 ./Core/Src/ROS_mainpp.o
                0x000000000800eb68                vtable for ros::Subscriber_
 .rodata._ZTVN3ros15NodeHandleBase_E
                0x000000000800eb80       0x14 ./Core/Src/ROS_mainpp.o
                0x000000000800eb80                vtable for ros::NodeHandleBase_
 .rodata._ZTVN14rosserial_msgs20RequestParamResponseE
                0x000000000800eb94       0x18 ./Core/Src/ROS_mainpp.o
                0x000000000800eb94                vtable for rosserial_msgs::RequestParamResponse
 .rodata._ZTVN14rosserial_msgs3LogE
                0x000000000800ebac       0x18 ./Core/Src/ROS_mainpp.o
                0x000000000800ebac                vtable for rosserial_msgs::Log
 .rodata._ZTVN14rosserial_msgs9TopicInfoE
                0x000000000800ebc4       0x18 ./Core/Src/ROS_mainpp.o
                0x000000000800ebc4                vtable for rosserial_msgs::TopicInfo
 .rodata._ZTVN8std_msgs4TimeE
                0x000000000800ebdc       0x18 ./Core/Src/ROS_mainpp.o
                0x000000000800ebdc                vtable for std_msgs::Time
 .rodata._ZTVN8std_msgs4BoolE
                0x000000000800ebf4       0x18 ./Core/Src/ROS_mainpp.o
                0x000000000800ebf4                vtable for std_msgs::Bool
 .rodata._ZTVN8std_msgs6StringE
                0x000000000800ec0c       0x18 ./Core/Src/ROS_mainpp.o
                0x000000000800ec0c                vtable for std_msgs::String
 .rodata._ZTVN13geometry_msgs5TwistE
                0x000000000800ec24       0x18 ./Core/Src/ROS_mainpp.o
                0x000000000800ec24                vtable for geometry_msgs::Twist
 .rodata._ZTVN13geometry_msgs7Vector3E
                0x000000000800ec3c       0x18 ./Core/Src/ROS_mainpp.o
                0x000000000800ec3c                vtable for geometry_msgs::Vector3
 .rodata._ZTVN3ros3MsgE
                0x000000000800ec54       0x18 ./Core/Src/ROS_mainpp.o
                0x000000000800ec54                vtable for ros::Msg
 .rodata.D1CorePrescTable
                0x000000000800ec6c       0x10 ./Core/Src/system_stm32h7xx.o
                0x000000000800ec6c                D1CorePrescTable
 .rodata.flagBitshiftOffset.0
                0x000000000800ec7c        0x8 ./Drivers/STM32H7xx_HAL_Driver/Src/stm32h7xx_hal_dma.o
 .rodata.UARTPrescTable
                0x000000000800ec84       0x18 ./Drivers/STM32H7xx_HAL_Driver/Src/stm32h7xx_hal_uart.o
                0x000000000800ec84                UARTPrescTable
 .rodata.numerator.1
                0x000000000800ec9c        0x8 ./Drivers/STM32H7xx_HAL_Driver/Src/stm32h7xx_hal_uart_ex.o
 .rodata.denominator.0
                0x000000000800eca4        0x8 ./Drivers/STM32H7xx_HAL_Driver/Src/stm32h7xx_hal_uart_ex.o
                0x000000000800ecac                . = ALIGN (0x4)

.ARM.extab
 *(.ARM.extab* .gnu.linkonce.armextab.*)

.ARM            0x000000000800ecac        0x8
                0x000000000800ecac                __exidx_start = .
 *(.ARM.exidx*)
 .ARM.exidx     0x000000000800ecac        0x8 c:/st/stm32cubeide_1.10.1/stm32cubeide/plugins/com.st.stm32cube.ide.mcu.externaltools.gnu-tools-for-stm32.10.3-2021.10.win32_1.0.0.202111181127/tools/bin/../lib/gcc/arm-none-eabi/10.3.1/thumb/v7e-m+dp/hard\libgcc.a(_udivmoddi4.o)
                0x000000000800ecb4                __exidx_end = .

.rel.dyn        0x000000000800ecb4        0x0
 .rel.iplt      0x000000000800ecb4        0x0 c:/st/stm32cubeide_1.10.1/stm32cubeide/plugins/com.st.stm32cube.ide.mcu.externaltools.gnu-tools-for-stm32.10.3-2021.10.win32_1.0.0.202111181127/tools/bin/../lib/gcc/arm-none-eabi/10.3.1/thumb/v7e-m+dp/hard/crtbegin.o

.preinit_array  0x000000000800ecb4        0x0
                0x000000000800ecb4                PROVIDE (__preinit_array_start = .)
 *(.preinit_array*)
                0x000000000800ecb4                PROVIDE (__preinit_array_end = .)

.init_array     0x000000000800ecb4       0x10
                0x000000000800ecb4                PROVIDE (__init_array_start = .)
 *(SORT_BY_NAME(.init_array.*))
 *(.init_array*)
 .init_array    0x000000000800ecb4        0x4 c:/st/stm32cubeide_1.10.1/stm32cubeide/plugins/com.st.stm32cube.ide.mcu.externaltools.gnu-tools-for-stm32.10.3-2021.10.win32_1.0.0.202111181127/tools/bin/../lib/gcc/arm-none-eabi/10.3.1/thumb/v7e-m+dp/hard/crtbegin.o
 .init_array    0x000000000800ecb8        0x4 ./Core/Src/DC_Motor.o
 .init_array    0x000000000800ecbc        0x4 ./Core/Src/Omni.o
 .init_array    0x000000000800ecc0        0x4 ./Core/Src/ROS_mainpp.o
                0x000000000800ecc4                PROVIDE (__init_array_end = .)

.fini_array     0x000000000800ecc4        0x4
                [!provide]                        PROVIDE (__fini_array_start = .)
 *(SORT_BY_NAME(.fini_array.*))
 *(.fini_array*)
 .fini_array    0x000000000800ecc4        0x4 c:/st/stm32cubeide_1.10.1/stm32cubeide/plugins/com.st.stm32cube.ide.mcu.externaltools.gnu-tools-for-stm32.10.3-2021.10.win32_1.0.0.202111181127/tools/bin/../lib/gcc/arm-none-eabi/10.3.1/thumb/v7e-m+dp/hard/crtbegin.o
                [!provide]                        PROVIDE (__fini_array_end = .)
                0x000000000800ecc8                _sidata = LOADADDR (.data)

.data           0x0000000024000000       0x88 load address 0x000000000800ecc8
                0x0000000024000000                . = ALIGN (0x4)
                0x0000000024000000                _sdata = .
 *(.data)
 *(.data*)
 .data._ZN8DC_Motor11WheelRadiusE
                0x0000000024000000        0x8 ./Core/Src/DC_Motor.o
                0x0000000024000000                DC_Motor::WheelRadius
 .data.CAR_RADIUS
                0x0000000024000008        0x8 ./Core/Src/Omni.o
                0x0000000024000008                CAR_RADIUS
 .data.SystemCoreClock
                0x0000000024000010        0x4 ./Core/Src/system_stm32h7xx.o
                0x0000000024000010                SystemCoreClock
 .data.SystemD2Clock
                0x0000000024000014        0x4 ./Core/Src/system_stm32h7xx.o
                0x0000000024000014                SystemD2Clock
 .data.uwTickPrio
                0x0000000024000018        0x4 ./Drivers/STM32H7xx_HAL_Driver/Src/stm32h7xx_hal.o
                0x0000000024000018                uwTickPrio
 .data.uwTickFreq
                0x000000002400001c        0x1 ./Drivers/STM32H7xx_HAL_Driver/Src/stm32h7xx_hal.o
                0x000000002400001c                uwTickFreq
 *fill*         0x000000002400001d        0x3 
 .data._ZN10__cxxabiv119__terminate_handlerE
                0x0000000024000020        0x4 c:/st/stm32cubeide_1.10.1/stm32cubeide/plugins/com.st.stm32cube.ide.mcu.externaltools.gnu-tools-for-stm32.10.3-2021.10.win32_1.0.0.202111181127/tools/bin/../lib/gcc/arm-none-eabi/10.3.1/../../../../arm-none-eabi/lib/thumb/v7e-m+dp/hard\libstdc++_nano.a(eh_term_handler.o)
                0x0000000024000020                __cxxabiv1::__terminate_handler
 .data._impure_ptr
                0x0000000024000024        0x4 c:/st/stm32cubeide_1.10.1/stm32cubeide/plugins/com.st.stm32cube.ide.mcu.externaltools.gnu-tools-for-stm32.10.3-2021.10.win32_1.0.0.202111181127/tools/bin/../lib/gcc/arm-none-eabi/10.3.1/../../../../arm-none-eabi/lib/thumb/v7e-m+dp/hard\libc_nano.a(lib_a-impure.o)
                0x0000000024000024                _impure_ptr
 .data.impure_data
                0x0000000024000028       0x60 c:/st/stm32cubeide_1.10.1/stm32cubeide/plugins/com.st.stm32cube.ide.mcu.externaltools.gnu-tools-for-stm32.10.3-2021.10.win32_1.0.0.202111181127/tools/bin/../lib/gcc/arm-none-eabi/10.3.1/../../../../arm-none-eabi/lib/thumb/v7e-m+dp/hard\libc_nano.a(lib_a-impure.o)
 *(.RamFunc)
 *(.RamFunc*)
                0x0000000024000088                . = ALIGN (0x4)
                0x0000000024000088                _edata = .

.igot.plt       0x0000000024000088        0x0 load address 0x000000000800ed50
 .igot.plt      0x0000000024000088        0x0 c:/st/stm32cubeide_1.10.1/stm32cubeide/plugins/com.st.stm32cube.ide.mcu.externaltools.gnu-tools-for-stm32.10.3-2021.10.win32_1.0.0.202111181127/tools/bin/../lib/gcc/arm-none-eabi/10.3.1/thumb/v7e-m+dp/hard/crtbegin.o
                0x0000000024000088                . = ALIGN (0x4)

.bss            0x0000000024000088     0x1098 load address 0x000000000800ed50
                0x0000000024000088                _sbss = .
                0x0000000024000088                __bss_start__ = _sbss
 *(.bss)
 .bss           0x0000000024000088       0x1c c:/st/stm32cubeide_1.10.1/stm32cubeide/plugins/com.st.stm32cube.ide.mcu.externaltools.gnu-tools-for-stm32.10.3-2021.10.win32_1.0.0.202111181127/tools/bin/../lib/gcc/arm-none-eabi/10.3.1/thumb/v7e-m+dp/hard/crtbegin.o
 *(.bss*)
 *fill*         0x00000000240000a4        0x4 
 .bss._ZN8DC_Motor5ROUNDE
                0x00000000240000a8        0x8 ./Core/Src/DC_Motor.o
                0x00000000240000a8                DC_Motor::ROUND
 .bss._ZN8DC_Motor15CONST_FOR_MOTORE
                0x00000000240000b0       0x20 ./Core/Src/DC_Motor.o
                0x00000000240000b0                DC_Motor::CONST_FOR_MOTOR
 .bss.omni      0x00000000240000d0      0x1f0 ./Core/Src/Omni.o
                0x00000000240000d0                omni
 .bss._ZZN13STM32Hardware5flushEvE5mutex
                0x00000000240002c0        0x1 ./Core/Src/ROS_mainpp.o
                0x00000000240002c0                STM32Hardware::flush()::mutex
 *fill*         0x00000000240002c1        0x3 
 .bss.nh        0x00000000240002c4      0x93c ./Core/Src/ROS_mainpp.o
                0x00000000240002c4                nh
 .bss.CarVnow   0x0000000024000c00       0x48 ./Core/Src/ROS_mainpp.o
                0x0000000024000c00                CarVnow
 .bss._ZL10NowCarInfo
                0x0000000024000c48       0x18 ./Core/Src/ROS_mainpp.o
 .bss._ZL9NowCarLoc
                0x0000000024000c60       0x18 ./Core/Src/ROS_mainpp.o
 .bss.CarVelSub
                0x0000000024000c78       0x60 ./Core/Src/ROS_mainpp.o
                0x0000000024000c78                CarVelSub
 .bss.StartSub  0x0000000024000cd8       0x1c ./Core/Src/ROS_mainpp.o
                0x0000000024000cd8                StartSub
 .bss.FinishSub