../Core/Src/main.c:88:5:main	8	static
../Core/Src/main.c:142:6:SystemClock_Config	120	static
../Core/Src/main.c:201:13:MX_TIM1_Init	56	static
../Core/Src/main.c:252:13:MX_TIM2_Init	56	static
../Core/Src/main.c:301:13:MX_TIM3_Init	56	static
../Core/Src/main.c:350:13:MX_TIM4_Init	56	static
../Core/Src/main.c:399:13:MX_TIM7_Init	24	static
../Core/Src/main.c:437:13:MX_TIM12_Init	40	static
../Core/Src/main.c:483:13:MX_TIM13_Init	8	static
../Core/Src/main.c:514:13:MX_TIM15_Init	104	static
../Core/Src/main.c:584:13:MX_USART1_UART_Init	8	static
../Core/Src/main.c:632:13:MX_DMA_Init	16	static
../Core/Src/main.c:653:13:MX_GPIO_Init	56	static
../Core/Src/main.c:715:6:Error_Handler	4	static,ignoring_inline_asm
