../Core/Src/main.c:96:5:main	8	static
../Core/Src/main.c:154:6:SystemClock_Config	120	static
../Core/Src/main.c:213:13:MX_TIM1_Init	56	static
../Core/Src/main.c:264:13:MX_TIM2_Init	56	static
../Core/Src/main.c:313:13:MX_TIM3_Init	56	static
../Core/Src/main.c:362:13:MX_TIM4_Init	56	static
../Core/Src/main.c:411:13:MX_TIM5_Init	56	static
../Core/Src/main.c:460:13:MX_TIM7_Init	24	static
../Core/Src/main.c:498:13:MX_TIM8_Init	56	static
../Core/Src/main.c:549:13:MX_TIM12_Init	40	static
../Core/Src/main.c:595:13:MX_TIM13_Init	8	static
../Core/Src/main.c:626:13:MX_TIM15_Init	104	static
../Core/Src/main.c:696:13:MX_TIM23_Init	56	static
../Core/Src/main.c:745:13:MX_TIM24_Init	56	static
../Core/Src/main.c:794:13:MX_USART1_UART_Init	8	static
../Core/Src/main.c:842:13:MX_DMA_Init	16	static
../Core/Src/main.c:863:13:MX_GPIO_Init	56	static
../Core/Src/main.c:926:6:Error_Handler	4	static,ignoring_inline_asm
