../Core/Src/DC_Motor.h:42:2:DC_Motor::Motor::Motor()	16	static
../Core/Src/Dead_Wheel.h:25:5:Dead_Wheel::Encoder::Encoder()	16	static
../Core/Src/Omni.h:19:3:constexpr CAR_DIMENSION::CAR_DIMENSION()	16	static
../Core/Src/Omni.h:12:3:constexpr CAR_INFO::CAR_INFO()	16	static
../Core/Src/Omni.cpp:27:1:Omni::Omni()	24	static
../Core/Src/Omni.cpp:30:6:void Omni::Init()	16	static
/home/tu/st/stm32cubeide_1.10.1/plugins/com.st.stm32cube.ide.mcu.externaltools.gnu-tools-for-stm32.10.3-2021.10.linux64_1.0.0.202111181127/tools/arm-none-eabi/include/c++/10.3.1/cmath:475:5:constexpr typename __gnu_cxx::__enable_if<std::__is_integer<_Tp>::__value, double>::__type std::sqrt(_Tp) [with _Tp = int]	16	static
../Core/Src/Omni.cpp:61:6:void Omni::UpdateNowCarInfo_Dead()	32	static
../Core/Src/Omni.cpp:73:6:void Omni::UpdateCarLocation_Dead()	56	static
../Core/Src/Omni.cpp:92:6:void Omni::UpdateNowCarInfo_Driving()	32	static
../Core/Src/Omni.cpp:101:6:void Omni::UpdateCarLocation_Driving()	56	static
../Core/Src/Omni.cpp:112:6:void Omni::SetGoalCarInfo(double, double, double)	40	static
../Core/Src/Omni.cpp:120:6:void Omni::Update_PID()	24	static
../Core/Src/Omni.cpp:126:6:void Omni::UpdateMotorVnow()	24	static
../Core/Src/Omni.cpp:132:6:void Omni::UpdateEncoderVnow()	24	static
../Core/Src/Omni.cpp:139:6:void Omni::Move()	16	static
../Core/Src/Omni.cpp:161:6:void Omni::SetMotorVgoal()	16	static
../Core/Src/Omni.cpp:170:10:CAR_INFO Omni::GetNowCarInfo_Dead()	72	static
../Core/Src/Omni.cpp:173:10:CAR_INFO Omni::GetNowCarLocation_Dead()	72	static
../Core/Src/Omni.cpp:178:10:CAR_INFO Omni::GetNowCarInfo_Driving()	72	static
../Core/Src/Omni.cpp:181:10:CAR_INFO Omni::GetNowCarLocation_Driving()	72	static
../Core/Src/Omni.cpp:185:6:void Omni::SetCarRadius(CAR_DIMENSION)	40	static
../Core/Src/Omni.cpp:188:1:void __static_initialization_and_destruction_0(int, int)	16	static
../Core/Src/Omni.cpp:188:1:cpp)	8	static
